Archive member included because of file (symbol)

/Users/stevefar/nacl_sdk/pepper_45/lib/newlib_x86_64/Release/liberror_handling.a(error_handling_x86_64.o)
                              newlib/Release/debugging_x86_64.o (EHHanderInstalled)
/Users/stevefar/nacl_sdk/pepper_45/lib/newlib_x86_64/Release/liberror_handling.a(string_stream_x86_64.o)
                              /Users/stevefar/nacl_sdk/pepper_45/lib/newlib_x86_64/Release/liberror_handling.a(error_handling_x86_64.o) (ssinit)
/Users/stevefar/nacl_sdk/pepper_45/toolchain/mac_x86_newlib/bin/../lib/gcc/x86_64-nacl/4.4.3/../../../../x86_64-nacl/lib/../lib64/libppapi_stub.a(plugin_main_irt_21ce9d26.o)
                              (main)
/Users/stevefar/nacl_sdk/pepper_45/toolchain/mac_x86_newlib/bin/../lib/gcc/x86_64-nacl/4.4.3/../../../../x86_64-nacl/lib/../lib64/libppapi_stub.a(ppapi_plugin_main_399d0cf7.o)
                              /Users/stevefar/nacl_sdk/pepper_45/toolchain/mac_x86_newlib/bin/../lib/gcc/x86_64-nacl/4.4.3/../../../../x86_64-nacl/lib/../lib64/libppapi_stub.a(plugin_main_irt_21ce9d26.o) (PpapiPluginMain)
/Users/stevefar/nacl_sdk/pepper_45/toolchain/mac_x86_newlib/bin/../lib/gcc/x86_64-nacl/4.4.3/../../../../x86_64-nacl/lib/../lib64/libppapi_stub.a(ppapi_plugin_start_8da67623.o)
                              /Users/stevefar/nacl_sdk/pepper_45/toolchain/mac_x86_newlib/bin/../lib/gcc/x86_64-nacl/4.4.3/../../../../x86_64-nacl/lib/../lib64/libppapi_stub.a(ppapi_plugin_main_399d0cf7.o) (PpapiPluginStart)
/Users/stevefar/nacl_sdk/pepper_45/toolchain/mac_x86_newlib/bin/../lib/gcc/x86_64-nacl/4.4.3/../../../../x86_64-nacl/lib/../lib64/libppapi_stub.a(thread_creator_ccf263e1.o)
                              /Users/stevefar/nacl_sdk/pepper_45/toolchain/mac_x86_newlib/bin/../lib/gcc/x86_64-nacl/4.4.3/../../../../x86_64-nacl/lib/../lib64/libppapi_stub.a(ppapi_plugin_start_8da67623.o) (__nacl_register_thread_creator)
/Users/stevefar/nacl_sdk/pepper_45/toolchain/mac_x86_newlib/bin/../lib/gcc/x86_64-nacl/4.4.3/../../../../x86_64-nacl/lib/../lib64/libpthread.a(nc_thread_7e478b15.o)
                              /Users/stevefar/nacl_sdk/pepper_45/lib/newlib_x86_64/Release/liberror_handling.a(error_handling_x86_64.o) (pthread_setspecific)
/Users/stevefar/nacl_sdk/pepper_45/toolchain/mac_x86_newlib/bin/../lib/gcc/x86_64-nacl/4.4.3/../../../../x86_64-nacl/lib/../lib64/libpthread.a(nc_condvar_305aa45a.o)
                              /Users/stevefar/nacl_sdk/pepper_45/toolchain/mac_x86_newlib/bin/../lib/gcc/x86_64-nacl/4.4.3/../../../../x86_64-nacl/lib/../lib64/libpthread.a(nc_thread_7e478b15.o) (pthread_cond_init)
/Users/stevefar/nacl_sdk/pepper_45/toolchain/mac_x86_newlib/bin/../lib/gcc/x86_64-nacl/4.4.3/../../../../x86_64-nacl/lib/../lib64/libpthread.a(dynamic_annotations_33ba59cc.o)
                              /Users/stevefar/nacl_sdk/pepper_45/toolchain/mac_x86_newlib/bin/../lib/gcc/x86_64-nacl/4.4.3/../../../../x86_64-nacl/lib/../lib64/libpthread.a(nc_thread_7e478b15.o) (NACL_AnnotateCondVarWait)
/Users/stevefar/nacl_sdk/pepper_45/toolchain/mac_x86_newlib/bin/../lib/gcc/x86_64-nacl/4.4.3/../../../../x86_64-nacl/lib/../lib64/libpthread.a(nc_mutex_86341ae1.o)
                              /Users/stevefar/nacl_sdk/pepper_45/toolchain/mac_x86_newlib/bin/../lib/gcc/x86_64-nacl/4.4.3/../../../../x86_64-nacl/lib/../lib64/libpthread.a(nc_thread_7e478b15.o) (pthread_mutex_init)
/Users/stevefar/nacl_sdk/pepper_45/toolchain/mac_x86_newlib/bin/../lib/gcc/x86_64-nacl/4.4.3/../../../../x86_64-nacl/lib/../lib64/libpthread.a(nc_init_irt_d3daafc0.o)
                              /Users/stevefar/nacl_sdk/pepper_45/toolchain/mac_x86_newlib/bin/../lib/gcc/x86_64-nacl/4.4.3/../../../../x86_64-nacl/lib/../lib64/libpthread.a(nc_thread_7e478b15.o) (__nc_initialize_interfaces)
/Users/stevefar/nacl_sdk/pepper_45/toolchain/mac_x86_newlib/bin/../lib/gcc/x86_64-nacl/4.4.3/../../../../x86_64-nacl/lib/../lib64/libnacl.a(_exit_710c7d0d.o)
                              (_exit)
/Users/stevefar/nacl_sdk/pepper_45/toolchain/mac_x86_newlib/bin/../lib/gcc/x86_64-nacl/4.4.3/../../../../x86_64-nacl/lib/../lib64/libnacl.a(environ_25cd24d8.o)
                              /Users/stevefar/nacl_sdk/pepper_45/toolchain/mac_x86_newlib/bin/../lib/gcc/x86_64-nacl/4.4.3/../../../../x86_64-nacl/lib/../lib64/libppapi_stub.a(ppapi_plugin_start_8da67623.o) (environ)
/Users/stevefar/nacl_sdk/pepper_45/toolchain/mac_x86_newlib/bin/../lib/gcc/x86_64-nacl/4.4.3/../../../../x86_64-nacl/lib/../lib64/libnacl.a(malloc_222c4a1e.o)
                              newlib/Release/debugging_x86_64.o (free)
/Users/stevefar/nacl_sdk/pepper_45/toolchain/mac_x86_newlib/bin/../lib/gcc/x86_64-nacl/4.4.3/../../../../x86_64-nacl/lib/../lib64/libnacl.a(nacl_irt_6de1d53f.o)
                              /Users/stevefar/nacl_sdk/pepper_45/toolchain/mac_x86_newlib/bin/../lib/gcc/x86_64-nacl/4.4.3/../../../../x86_64-nacl/lib/../lib64/libpthread.a(nc_init_irt_d3daafc0.o) (__libnacl_mandatory_irt_query)
[...]
Memory Configuration

Name             Origin             Length             Attributes
*default*        0x0000000000000000 0xffffffffffffffff

Linker script and memory map

LOAD /Users/stevefar/nacl_sdk/pepper_45/toolchain/mac_x86_newlib/bin/../lib/gcc/x86_64-nacl/4.4.3/../../../../x86_64-nacl/lib/../lib64/crt1.o
LOAD /Users/stevefar/nacl_sdk/pepper_45/toolchain/mac_x86_newlib/bin/../lib/gcc/x86_64-nacl/4.4.3/../../../../x86_64-nacl/lib/../lib64/crti.o
LOAD /Users/stevefar/nacl_sdk/pepper_45/toolchain/mac_x86_newlib/bin/../lib/gcc/x86_64-nacl/4.4.3/crtbegin.o
LOAD newlib/Release/debugging_x86_64.o
LOAD /Users/stevefar/nacl_sdk/pepper_45/lib/newlib_x86_64/Release/liberror_handling.a
LOAD /Users/stevefar/nacl_sdk/pepper_45/toolchain/mac_x86_newlib/bin/../lib/gcc/x86_64-nacl/4.4.3/../../../../x86_64-nacl/lib/../lib64/libppapi.a
LOAD /Users/stevefar/nacl_sdk/pepper_45/toolchain/mac_x86_newlib/bin/../lib/gcc/x86_64-nacl/4.4.3/../../../../x86_64-nacl/lib/../lib64/libppapi_stub.a
LOAD /Users/stevefar/nacl_sdk/pepper_45/toolchain/mac_x86_newlib/bin/../lib/gcc/x86_64-nacl/4.4.3/../../../../x86_64-nacl/lib/../lib64/libpthread.a
LOAD /Users/stevefar/nacl_sdk/pepper_45/toolchain/mac_x86_newlib/bin/../lib/gcc/x86_64-nacl/4.4.3/../../../../x86_64-nacl/lib/../lib64/libstdc++.a
LOAD /Users/stevefar/nacl_sdk/pepper_45/toolchain/mac_x86_newlib/bin/../lib/gcc/x86_64-nacl/4.4.3/../../../../x86_64-nacl/lib/../lib64/libm.a
LOAD /Users/stevefar/nacl_sdk/pepper_45/toolchain/mac_x86_newlib/bin/../lib/gcc/x86_64-nacl/4.4.3/libgcc.a
LOAD /Users/stevefar/nacl_sdk/pepper_45/toolchain/mac_x86_newlib/bin/../lib/gcc/x86_64-nacl/4.4.3/../../../../x86_64-nacl/lib/../lib64/libpthread.a
LOAD /Users/stevefar/nacl_sdk/pepper_45/toolchain/mac_x86_newlib/bin/../lib/gcc/x86_64-nacl/4.4.3/../../../../x86_64-nacl/lib/../lib64/libc.a
START GROUP
LOAD /Users/stevefar/nacl_sdk/pepper_45/toolchain/mac_x86_newlib/bin/../lib/gcc/x86_64-nacl/4.4.3/../../../../x86_64-nacl/lib/../lib64/libnacl.a
LOAD /Users/stevefar/nacl_sdk/pepper_45/toolchain/mac_x86_newlib/bin/../lib/gcc/x86_64-nacl/4.4.3/../../../../x86_64-nacl/lib/../lib64/libcrt_common.a
END GROUP
LOAD /Users/stevefar/nacl_sdk/pepper_45/toolchain/mac_x86_newlib/bin/../lib/gcc/x86_64-nacl/4.4.3/libgcc.a
LOAD /Users/stevefar/nacl_sdk/pepper_45/toolchain/mac_x86_newlib/bin/../lib/gcc/x86_64-nacl/4.4.3/crtend.o
LOAD /Users/stevefar/nacl_sdk/pepper_45/toolchain/mac_x86_newlib/bin/../lib/gcc/x86_64-nacl/4.4.3/../../../../x86_64-nacl/lib/../lib64/crtn.o
                0x0000000000020000                PROVIDE (__executable_start, 0x20000)
                0x0000000000020000                . = 0x20000

.init           0x0000000000020000       0x80
 *(SORT(.init))
 .init          0x0000000000020000       0x20 /Users/stevefar/nacl_sdk/pepper_45/toolchain/mac_x86_newlib/bin/../lib/gcc/x86_64-nacl/4.4.3/../../../../x86_64-nacl/lib/../lib64/crti.o
                0x0000000000020000                _init
 .init          0x0000000000020020       0x20 /Users/stevefar/nacl_sdk/pepper_45/toolchain/mac_x86_newlib/bin/../lib/gcc/x86_64-nacl/4.4.3/crtbegin.o
 .init          0x0000000000020040       0x20 /Users/stevefar/nacl_sdk/pepper_45/toolchain/mac_x86_newlib/bin/../lib/gcc/x86_64-nacl/4.4.3/crtend.o
 .init          0x0000000000020060       0x20 /Users/stevefar/nacl_sdk/pepper_45/toolchain/mac_x86_newlib/bin/../lib/gcc/x86_64-nacl/4.4.3/../../../../x86_64-nacl/lib/../lib64/crtn.o

.plt            0x0000000000020080        0x0
 *(.plt)
 *(.iplt)
 .iplt          0x0000000000000000        0x0 /Users/stevefar/nacl_sdk/pepper_45/toolchain/mac_x86_newlib/bin/../lib/gcc/x86_64-nacl/4.4.3/crtbegin.o

.text           0x0000000000020080    0x2b340
 *(.text.unlikely .text.*_unlikely .text.unlikely.*)
 *(.text.exit .text.exit.*)
 *(.text.startup .text.startup.*)
 *(.text.hot .text.hot.*)
 *(.text .stub .text.* .gnu.linkonce.t.*)
 .text          0x0000000000020080        0x0 /Users/stevefar/nacl_sdk/pepper_45/toolchain/mac_x86_newlib/bin/../lib/gcc/x86_64-nacl/4.4.3/../../../../x86_64-nacl/lib/../lib64/crti.o
 .text          0x0000000000020080      0x160 /Users/stevefar/nacl_sdk/pepper_45/toolchain/mac_x86_newlib/bin/../lib/gcc/x86_64-nacl/4.4.3/crtbegin.o
 .text          0x00000000000201e0      0x7e0 newlib/Release/debugging_x86_64.o
                0x00000000000201e0                layer5
                0x0000000000020220                layer4
                0x0000000000020260                layer3
                0x00000000000202a0                layer2
                0x0000000000020360                PPP_InitializeModule
                0x0000000000020400                PPP_ShutdownModule
                0x0000000000020420                PPP_GetInterface
                0x00000000000204c0                PostMessage
                0x0000000000020800                DumpJson
                0x0000000000020900                layer1
                0x0000000000020960                NexeMain
 .text          0x00000000000209c0      0x9a0 /Users/stevefar/nacl_sdk/pepper_45/lib/newlib_x86_64/Release/liberror_handling.a(error_handling_x86_64.o)
                0x00000000000209c0                EHGetTopFrame
                0x0000000000020a20                EHUnwindFrame
                0x0000000000020ac0                EHHanderInstalled
                0x0000000000020ae0                EHRequestExceptionStackOnThread
                0x0000000000020cc0                EHRequestExceptionsRaw
                0x0000000000020ec0                EHRequestExceptionsJson
                0x0000000000020f60                EHDefaultJsonHandler
 .text          0x0000000000021360      0x280 /Users/stevefar/nacl_sdk/pepper_45/lib/newlib_x86_64/Release/liberror_handling.a(string_stream_x86_64.o)
                0x0000000000021360                ssinit
                0x00000000000213a0                ssfree
                0x0000000000021400                ssvprintf
                0x0000000000021520                ssprintf
 .text          0x00000000000215e0       0x20 /Users/stevefar/nacl_sdk/pepper_45/toolchain/mac_x86_newlib/bin/../lib/gcc/x86_64-nacl/4.4.3/../../../../x86_64-nacl/lib/../lib64/libppapi_stub.a(plugin_main_irt_21ce9d26.o)
                0x00000000000215e0                main
 .text          0x0000000000021600       0x20 /Users/stevefar/nacl_sdk/pepper_45/toolchain/mac_x86_newlib/bin/../lib/gcc/x86_64-nacl/4.4.3/../../../../x86_64-nacl/lib/../lib64/libppapi_stub.a(ppapi_plugin_main_399d0cf7.o)
                0x0000000000021600                PpapiPluginMain
 .text          0x0000000000021620      0x200 /Users/stevefar/nacl_sdk/pepper_45/toolchain/mac_x86_newlib/bin/../lib/gcc/x86_64-nacl/4.4.3/../../../../x86_64-nacl/lib/../lib64/libppapi_stub.a(ppapi_plugin_start_8da67623.o)
                0x0000000000021680                PpapiPluginStart
 .text          0x0000000000021820       0x60 /Users/stevefar/nacl_sdk/pepper_45/toolchain/mac_x86_newlib/bin/../lib/gcc/x86_64-nacl/4.4.3/../../../../x86_64-nacl/lib/../lib64/libppapi_stub.a(thread_creator_ccf263e1.o)
                0x0000000000021820                __nacl_register_thread_creator
 .text          0x0000000000021880     0x2000 /Users/stevefar/nacl_sdk/pepper_45/toolchain/mac_x86_newlib/bin/../lib/gcc/x86_64-nacl/4.4.3/../../../../x86_64-nacl/lib/../lib64/libpthread.a(nc_thread_7e478b15.o)
                0x0000000000021880                pthread_kill
                0x00000000000218a0                pthread_equal
                0x00000000000218c0                pthread_attr_init
                0x0000000000021920                pthread_attr_destroy
                0x0000000000021940                pthread_attr_setdetachstate
                0x0000000000021980                pthread_attr_getdetachstate
                0x00000000000219c0                pthread_attr_setscope
                0x0000000000021a00                pthread_attr_getscope
                0x0000000000021a20                pthread_attr_setstacksize
                0x0000000000021aa0                pthread_attr_getstacksize
                0x0000000000021ae0                pthread_getspecific
                0x0000000000021bc0                __nc_tsd_exit
                0x0000000000021e60                pthread_cleanup_pop
                0x0000000000021f40                pthread_setspecific
                0x00000000000220a0                pthread_key_delete
                0x0000000000022140                pthread_key_create
                0x00000000000221e0                __local_lock_release
                0x0000000000022220                __local_lock_release_recursive
                0x0000000000022240                __local_lock_try_acquire
                0x0000000000022280                __local_lock_try_acquire_recursive
                0x00000000000222a0                __local_lock_acquire
                0x00000000000222e0                __local_lock_acquire_recursive
                0x0000000000022300                __local_lock_close
                0x0000000000022340                __local_lock_close_recursive
                0x0000000000022360                __local_lock_init_recursive
                0x00000000000223e0                __local_lock_init
                0x0000000000022460                pthread_self
                0x00000000000224a0                pthread_setschedprio
                0x0000000000022580                pthread_detach
                0x0000000000022660                pthread_join
                0x0000000000022840                pthread_exit
                0x0000000000022cc0                pthread_cleanup_push
                0x0000000000023140                pthread_create
                0x00000000000235a0                __nc_initialize_unjoinable_thread
                0x0000000000023700                __nc_initialize_globals
                0x0000000000023800                __pthread_initialize
 .text          0x0000000000023880      0x2c0 /Users/stevefar/nacl_sdk/pepper_45/toolchain/mac_x86_newlib/bin/../lib/gcc/x86_64-nacl/4.4.3/../../../../x86_64-nacl/lib/../lib64/libpthread.a(nc_condvar_305aa45a.o)
                0x0000000000023880                pthread_cond_init
                0x00000000000238a0                pthread_cond_destroy
                0x00000000000238c0                pthread_condattr_init
                0x00000000000238e0                pthread_condattr_destroy
                0x0000000000023900                pthread_condattr_getpshared
                0x0000000000023920                pthread_condattr_setpshared
                0x0000000000023940                pthread_condattr_getclock
                0x0000000000023960                pthread_condattr_setclock
                0x0000000000023980                pthread_cond_timedwait_abs
                0x0000000000023a80                pthread_cond_wait
                0x0000000000023b00                pthread_cond_broadcast
                0x0000000000023b20                pthread_cond_signal
 .text          0x0000000000023b40      0x560 /Users/stevefar/nacl_sdk/pepper_45/toolchain/mac_x86_newlib/bin/../lib/gcc/x86_64-nacl/4.4.3/../../../../x86_64-nacl/lib/../lib64/libpthread.a(dynamic_annotations_33ba59cc.o)
                0x0000000000023b40                NACL_AnnotateRWLockCreate
                0x0000000000023b60                NACL_AnnotateRWLockDestroy
                0x0000000000023b80                NACL_AnnotateRWLockAcquired
                0x0000000000023ba0                NACL_AnnotateRWLockReleased
                0x0000000000023bc0                NACL_AnnotateBarrierInit
                0x0000000000023be0                NACL_AnnotateBarrierWaitBefore
                0x0000000000023c00                NACL_AnnotateBarrierWaitAfter
                0x0000000000023c20                NACL_AnnotateBarrierDestroy
                0x0000000000023c40                NACL_AnnotateCondVarWait
                0x0000000000023c60                NACL_AnnotateCondVarSignal
                0x0000000000023c80                NACL_AnnotateCondVarSignalAll
                0x0000000000023ca0                NACL_AnnotateHappensBefore
                0x0000000000023cc0                NACL_AnnotateHappensAfter
                0x0000000000023ce0                NACL_AnnotatePublishMemoryRange
                0x0000000000023d00                NACL_AnnotateUnpublishMemoryRange
                0x0000000000023d20                NACL_AnnotatePCQCreate
                0x0000000000023d40                NACL_AnnotatePCQDestroy
                0x0000000000023d60                NACL_AnnotatePCQPut
                0x0000000000023d80                NACL_AnnotatePCQGet
                0x0000000000023da0                NACL_AnnotateNewMemory
                0x0000000000023dc0                NACL_AnnotateExpectRace
                0x0000000000023de0                NACL_AnnotateFlushExpectedRaces
                0x0000000000023e00                NACL_AnnotateBenignRace
                0x0000000000023e20                NACL_AnnotateBenignRaceSized
                0x0000000000023e40                NACL_AnnotateMutexIsUsedAsCondVar
                0x0000000000023e60                NACL_AnnotateMutexIsNotPHB
                0x0000000000023e80                NACL_AnnotateTraceMemory
                0x0000000000023ea0                NACL_AnnotateThreadName
                0x0000000000023ec0                NACL_AnnotateIgnoreReadsBegin
                0x0000000000023ee0                NACL_AnnotateIgnoreReadsEnd
                0x0000000000023f00                NACL_AnnotateIgnoreWritesBegin
                0x0000000000023f20                NACL_AnnotateIgnoreWritesEnd
                0x0000000000023f40                NACL_AnnotateIgnoreSyncBegin
                0x0000000000023f60                NACL_AnnotateIgnoreSyncEnd
                0x0000000000023f80                NACL_AnnotateEnableRaceDetection
                0x0000000000023fa0                NACL_AnnotateNoOp
                0x0000000000023fc0                NACL_AnnotateFlushState
                0x0000000000023fe0                RunningOnValgrind
 .text          0x00000000000240a0      0x780 /Users/stevefar/nacl_sdk/pepper_45/toolchain/mac_x86_newlib/bin/../lib/gcc/x86_64-nacl/4.4.3/../../../../x86_64-nacl/lib/../lib64/libpthread.a(nc_mutex_86341ae1.o)
                0x00000000000240a0                pthread_mutex_init
                0x0000000000024120                pthread_mutex_destroy
                0x00000000000241a0                pthread_mutexattr_init
                0x00000000000241c0                pthread_mutexattr_destroy
                0x00000000000241e0                pthread_mutexattr_settype
                0x0000000000024220                pthread_mutexattr_gettype
                0x0000000000024240                pthread_mutexattr_setpshared
                0x0000000000024260                pthread_mutexattr_getpshared
                0x0000000000024280                pthread_mutex_unlock
                0x0000000000024680                pthread_mutex_timedlock
                0x00000000000246a0                pthread_mutex_lock
                0x00000000000246c0                pthread_once
                0x0000000000024800                pthread_mutex_trylock
 .text          0x0000000000024820       0x40 /Users/stevefar/nacl_sdk/pepper_45/toolchain/mac_x86_newlib/bin/../lib/gcc/x86_64-nacl/4.4.3/../../../../x86_64-nacl/lib/../lib64/libpthread.a(nc_init_irt_d3daafc0.o)
                0x0000000000024820                __nc_initialize_interfaces
 .text          0x0000000000024860       0x40 /Users/stevefar/nacl_sdk/pepper_45/toolchain/mac_x86_newlib/bin/../lib/gcc/x86_64-nacl/4.4.3/../../../../x86_64-nacl/lib/../lib64/libnacl.a(_exit_710c7d0d.o)
                0x0000000000024860                _exit
 .text          0x00000000000248a0        0x0 /Users/stevefar/nacl_sdk/pepper_45/toolchain/mac_x86_newlib/bin/../lib/gcc/x86_64-nacl/4.4.3/../../../../x86_64-nacl/lib/../lib64/libnacl.a(environ_25cd24d8.o)
 .text          0x00000000000248a0     0x6e20 /Users/stevefar/nacl_sdk/pepper_45/toolchain/mac_x86_newlib/bin/../lib/gcc/x86_64-nacl/4.4.3/../../../../x86_64-nacl/lib/../lib64/libnacl.a(malloc_222c4a1e.o)
                0x00000000000248a0                malloc_footprint
                0x00000000000248c0                malloc_max_footprint
                0x00000000000248e0                malloc_footprint_limit
                0x0000000000024900                malloc_set_footprint_limit
                0x0000000000024940                malloc_usable_size
                0x0000000000024ba0                mallopt
                0x00000000000262a0                bulk_free
                0x0000000000026520                malloc_trim
                0x0000000000026640                free
                0x0000000000027360                _free_r
                0x0000000000027380                mallinfo
                0x0000000000027700                malloc_stats
                0x0000000000027aa0                malloc
                0x000000000002a000                _malloc_r
                0x000000000002a020                calloc
                0x000000000002a0e0                _calloc_r
                0x000000000002a7a0                realloc
                0x000000000002aa60                _realloc_r
                0x000000000002aa80                realloc_in_place
                0x000000000002afa0                memalign
                0x000000000002afe0                pvalloc
                0x000000000002b020                valloc
                0x000000000002b060                posix_memalign
                0x000000000002b660                independent_calloc
                0x000000000002b6a0                independent_comalloc
 .text          0x000000000002b6c0      0x3a0 /Users/stevefar/nacl_sdk/pepper_45/toolchain/mac_x86_newlib/bin/../lib/gcc/x86_64-nacl/4.4.3/../../../../x86_64-nacl/lib/../lib64/libnacl.a(nacl_irt_6de1d53f.o)
                0x000000000002b7c0                __libnacl_irt_init_fn
                0x000000000002b920                __libnacl_irt_query
                0x000000000002ba00                __libnacl_mandatory_irt_query
 .text          0x000000000002ba60      0x100 /Users/stevefar/nacl_sdk/pepper_45/toolchain/mac_x86_newlib/bin/../lib/gcc/x86_64-nacl/4.4.3/../../../../x86_64-nacl/lib/../lib64/libnacl.a(pthread_initialize_minimal_4b6e776b.o)
                0x000000000002ba60                __pthread_initialize_minimal
 .text          0x000000000002bb60       0x20 /Users/stevefar/nacl_sdk/pepper_45/toolchain/mac_x86_newlib/bin/../lib/gcc/x86_64-nacl/4.4.3/../../../../x86_64-nacl/lib/../lib64/libnacl.a(nacl_read_tp_5748ac47.o)
                0x000000000002bb60                __nacl_read_tp
 .text          0x000000000002bb80       0x40 /Users/stevefar/nacl_sdk/pepper_45/toolchain/mac_x86_newlib/bin/../lib/gcc/x86_64-nacl/4.4.3/../../../../x86_64-nacl/lib/../lib64/libnacl.a(nacl_add_tp_7312c7c4.o)
                0x000000000002bb80                __nacl_add_tp
 .text          0x000000000002bbc0       0x40 /Users/stevefar/nacl_sdk/pepper_45/toolchain/mac_x86_newlib/bin/../lib/gcc/x86_64-nacl/4.4.3/../../../../x86_64-nacl/lib/../lib64/libnacl.a(nacl_interface_query_ef8a99f1.o)
                0x000000000002bbc0                nacl_interface_query
 .text          0x000000000002bc00       0x80 /Users/stevefar/nacl_sdk/pepper_45/toolchain/mac_x86_newlib/bin/../lib/gcc/x86_64-nacl/4.4.3/../../../../x86_64-nacl/lib/../lib64/libnacl.a(mmap_767fb080.o)
                0x000000000002bc00                mmap
 .text          0x000000000002bc80       0xa0 /Users/stevefar/nacl_sdk/pepper_45/toolchain/mac_x86_newlib/bin/../lib/gcc/x86_64-nacl/4.4.3/../../../../x86_64-nacl/lib/../lib64/libnacl.a(sched_yield_56c375be.o)
                0x000000000002bc80                sched_yield
 .text          0x000000000002bd20      0x140 /Users/stevefar/nacl_sdk/pepper_45/toolchain/mac_x86_newlib/bin/../lib/gcc/x86_64-nacl/4.4.3/../../../../x86_64-nacl/lib/../lib64/libnacl.a(start_fa9ef7de.o)
                0x000000000002bd20                _start
 .text          0x000000000002be60       0xa0 /Users/stevefar/nacl_sdk/pepper_45/toolchain/mac_x86_newlib/bin/../lib/gcc/x86_64-nacl/4.4.3/../../../../x86_64-nacl/lib/../lib64/libnacl.a(munmap_d4f09867.o)
                0x000000000002be60                munmap
 .text          0x000000000002bf00      0x480 /Users/stevefar/nacl_sdk/pepper_45/toolchain/mac_x86_newlib/bin/../lib/gcc/x86_64-nacl/4.4.3/../../../../x86_64-nacl/lib/../lib64/libnacl.a(tls_bba1975b.o)
                0x000000000002c1a0                __nacl_tls_combined_size
                0x000000000002c220                __nacl_tls_initialize_memory
 .text          0x000000000002c380       0xa0 /Users/stevefar/nacl_sdk/pepper_45/toolchain/mac_x86_newlib/bin/../lib/gcc/x86_64-nacl/4.4.3/../../../../x86_64-nacl/lib/../lib64/libnacl.a(write_fb49787f.o)
                0x000000000002c380                write
 .text          0x000000000002c420       0x40 /Users/stevefar/nacl_sdk/pepper_45/toolchain/mac_x86_newlib/bin/../lib/gcc/x86_64-nacl/4.4.3/../../../../x86_64-nacl/lib/../lib64/libnacl.a(abort_9f6b5845.o)
                0x000000000002c420                abort
 .text          0x000000000002c460       0x20 /Users/stevefar/nacl_sdk/pepper_45/toolchain/mac_x86_newlib/bin/../lib/gcc/x86_64-nacl/4.4.3/../../../../x86_64-nacl/lib/../lib64/libnacl.a(nacl_tls_get_d2f842b5.o)
                0x000000000002c460                nacl_tls_get
 .text          0x000000000002c480      0x260 /Users/stevefar/nacl_sdk/pepper_45/toolchain/mac_x86_newlib/bin/../lib/gcc/x86_64-nacl/4.4.3/../../../../x86_64-nacl/lib/../lib64/libnacl.a(nacl_irt_init_7b4f826e.o)
                0x000000000002c4a0                __libnacl_irt_init
 .text          0x000000000002c6e0       0xa0 /Users/stevefar/nacl_sdk/pepper_45/toolchain/mac_x86_newlib/bin/../lib/gcc/x86_64-nacl/4.4.3/../../../../x86_64-nacl/lib/../lib64/libnacl.a(sysconf_ad295ea2.o)
                0x000000000002c6e0                sysconf
 .text          0x000000000002c780       0x20 /Users/stevefar/nacl_sdk/pepper_45/toolchain/mac_x86_newlib/bin/../lib/gcc/x86_64-nacl/4.4.3/../../../../x86_64-nacl/lib/../lib64/libnacl.a(nacl_tls_init_eb0cd232.o)
                0x000000000002c780                nacl_tls_init
 .text          0x000000000002c7a0       0x20 /Users/stevefar/nacl_sdk/pepper_45/toolchain/mac_x86_newlib/bin/../lib/gcc/x86_64-nacl/4.4.3/../../../../x86_64-nacl/lib/../lib64/libcrt_common.a(lib_a-atexit.o)
                0x000000000002c7a0                atexit
 .text          0x000000000002c7c0       0x40 /Users/stevefar/nacl_sdk/pepper_45/toolchain/mac_x86_newlib/bin/../lib/gcc/x86_64-nacl/4.4.3/../../../../x86_64-nacl/lib/../lib64/libcrt_common.a(lib_a-errno.o)
                0x000000000002c7c0                __errno
 .text          0x000000000002c800       0x60 /Users/stevefar/nacl_sdk/pepper_45/toolchain/mac_x86_newlib/bin/../lib/gcc/x86_64-nacl/4.4.3/../../../../x86_64-nacl/lib/../lib64/libcrt_common.a(lib_a-exit.o)
                0x000000000002c800                exit
 .text          0x000000000002c860      0x600 /Users/stevefar/nacl_sdk/pepper_45/toolchain/mac_x86_newlib/bin/../lib/gcc/x86_64-nacl/4.4.3/../../../../x86_64-nacl/lib/../lib64/libcrt_common.a(lib_a-fflush.o)
                0x000000000002c860                __sflush_r
                0x000000000002cc80                _fflush_r
                0x000000000002ce00                fflush
 .text          0x000000000002ce60      0x7e0 /Users/stevefar/nacl_sdk/pepper_45/toolchain/mac_x86_newlib/bin/../lib/gcc/x86_64-nacl/4.4.3/../../../../x86_64-nacl/lib/../lib64/libcrt_common.a(lib_a-findfp.o)
                0x000000000002cea0                __sinit_lock_release
                0x000000000002cec0                __sfp_lock_release
                0x000000000002cee0                __fp_unlock_all
                0x000000000002cf80                __sinit_lock_acquire
                0x000000000002cfa0                __sfp_lock_acquire
                0x000000000002cfc0                __fp_lock_all
                0x000000000002d0e0                __sinit
                0x000000000002d2c0                _cleanup_r
                0x000000000002d2e0                _cleanup
                0x000000000002d300                __sfmoreglue
                0x000000000002d3a0                __sfp
 .text          0x000000000002d640       0xa0 /Users/stevefar/nacl_sdk/pepper_45/toolchain/mac_x86_newlib/bin/../lib/gcc/x86_64-nacl/4.4.3/../../../../x86_64-nacl/lib/../lib64/libcrt_common.a(lib_a-fini.o)
                0x000000000002d640                __libc_fini_array
 .text          0x000000000002d6e0      0x1e0 /Users/stevefar/nacl_sdk/pepper_45/toolchain/mac_x86_newlib/bin/../lib/gcc/x86_64-nacl/4.4.3/../../../../x86_64-nacl/lib/../lib64/libcrt_common.a(lib_a-fprintf.o)
                0x000000000002d6e0                fprintf
                0x000000000002d800                _fprintf_r
 .text          0x000000000002d8c0      0x440 /Users/stevefar/nacl_sdk/pepper_45/toolchain/mac_x86_newlib/bin/../lib/gcc/x86_64-nacl/4.4.3/../../../../x86_64-nacl/lib/../lib64/libcrt_common.a(lib_a-fwalk.o)
                0x000000000002d8c0                _fwalk_reent
                0x000000000002da80                _fwalk
 .text          0x000000000002dd00      0x2e0 /Users/stevefar/nacl_sdk/pepper_45/toolchain/mac_x86_newlib/bin/../lib/gcc/x86_64-nacl/4.4.3/../../../../x86_64-nacl/lib/../lib64/libcrt_common.a(lib_a-fwrite.o)
                0x000000000002dd00                _fwrite_r
                0x000000000002df60                fwrite
 .text          0x000000000002dfe0       0xc0 /Users/stevefar/nacl_sdk/pepper_45/toolchain/mac_x86_newlib/bin/../lib/gcc/x86_64-nacl/4.4.3/../../../../x86_64-nacl/lib/../lib64/libcrt_common.a(lib_a-getenv.o)
                0x000000000002dfe0                getenv
                0x000000000002e040                _findenv
 .text          0x000000000002e0a0      0x200 /Users/stevefar/nacl_sdk/pepper_45/toolchain/mac_x86_newlib/bin/../lib/gcc/x86_64-nacl/4.4.3/../../../../x86_64-nacl/lib/../lib64/libcrt_common.a(lib_a-getenv_r.o)
                0x000000000002e0a0                _findenv_r
                0x000000000002e260                _getenv_r
 .text          0x000000000002e2a0       0x80 /Users/stevefar/nacl_sdk/pepper_45/toolchain/mac_x86_newlib/bin/../lib/gcc/x86_64-nacl/4.4.3/../../../../x86_64-nacl/lib/../lib64/libcrt_common.a(lib_a-impure.o)
                0x000000000002e2a0                __newlib_thread_init
                0x000000000002e300                __newlib_thread_exit
 .text          0x000000000002e320      0x120 /Users/stevefar/nacl_sdk/pepper_45/toolchain/mac_x86_newlib/bin/../lib/gcc/x86_64-nacl/4.4.3/../../../../x86_64-nacl/lib/../lib64/libcrt_common.a(lib_a-init.o)
                0x000000000002e320                __libc_init_array
 .text          0x000000000002e440      0x1c0 /Users/stevefar/nacl_sdk/pepper_45/toolchain/mac_x86_newlib/bin/../lib/gcc/x86_64-nacl/4.4.3/../../../../x86_64-nacl/lib/../lib64/libcrt_common.a(lib_a-memcpy.o)
                0x000000000002e440                memcpy
 .text          0x000000000002e600      0x160 /Users/stevefar/nacl_sdk/pepper_45/toolchain/mac_x86_newlib/bin/../lib/gcc/x86_64-nacl/4.4.3/../../../../x86_64-nacl/lib/../lib64/libcrt_common.a(lib_a-memset.o)
                0x000000000002e600                memset
 .text          0x000000000002e760       0x80 /Users/stevefar/nacl_sdk/pepper_45/toolchain/mac_x86_newlib/bin/../lib/gcc/x86_64-nacl/4.4.3/../../../../x86_64-nacl/lib/../lib64/libcrt_common.a(lib_a-sleep.o)
                0x000000000002e760                sleep
 .text          0x000000000002e7e0      0x1c0 /Users/stevefar/nacl_sdk/pepper_45/toolchain/mac_x86_newlib/bin/../lib/gcc/x86_64-nacl/4.4.3/../../../../x86_64-nacl/lib/../lib64/libcrt_common.a(lib_a-stdio.o)
                0x000000000002e7e0                __seofread
                0x000000000002e800                __sclose
                0x000000000002e820                __sseek
                0x000000000002e8a0                __swrite
                0x000000000002e940                __sread
 .text          0x000000000002e9a0       0xe0 /Users/stevefar/nacl_sdk/pepper_45/toolchain/mac_x86_newlib/bin/../lib/gcc/x86_64-nacl/4.4.3/../../../../x86_64-nacl/lib/../lib64/libcrt_common.a(lib_a-strcat.o)
                0x000000000002e9a0                strcat
 .text          0x000000000002ea80       0xc0 /Users/stevefar/nacl_sdk/pepper_45/toolchain/mac_x86_newlib/bin/../lib/gcc/x86_64-nacl/4.4.3/../../../../x86_64-nacl/lib/../lib64/libcrt_common.a(lib_a-strcpy.o)
                0x000000000002ea80                strcpy
 .text          0x000000000002eb40      0x140 /Users/stevefar/nacl_sdk/pepper_45/toolchain/mac_x86_newlib/bin/../lib/gcc/x86_64-nacl/4.4.3/../../../../x86_64-nacl/lib/../lib64/libcrt_common.a(lib_a-strlen.o)
                0x000000000002eb40                strlen
 .text          0x000000000002ec80      0x120 /Users/stevefar/nacl_sdk/pepper_45/toolchain/mac_x86_newlib/bin/../lib/gcc/x86_64-nacl/4.4.3/../../../../x86_64-nacl/lib/../lib64/libcrt_common.a(lib_a-strncmp.o)
                0x000000000002ec80                strncmp
 .text          0x000000000002eda0     0x5c60 /Users/stevefar/nacl_sdk/pepper_45/toolchain/mac_x86_newlib/bin/../lib/gcc/x86_64-nacl/4.4.3/../../../../x86_64-nacl/lib/../lib64/libcrt_common.a(lib_a-vfprintf.o)
                0x000000000002eda0                _vfprintf_r
                0x0000000000034980                vfprintf
 .text          0x0000000000034a00      0x180 /Users/stevefar/nacl_sdk/pepper_45/toolchain/mac_x86_newlib/bin/../lib/gcc/x86_64-nacl/4.4.3/../../../../x86_64-nacl/lib/../lib64/libcrt_common.a(lib_a-vsnprintf.o)
                0x0000000000034a00                _vsnprintf_r
                0x0000000000034b00                vsnprintf
 .text          0x0000000000034b80      0x100 /Users/stevefar/nacl_sdk/pepper_45/toolchain/mac_x86_newlib/bin/../lib/gcc/x86_64-nacl/4.4.3/../../../../x86_64-nacl/lib/../lib64/libcrt_common.a(lib_a-vsprintf.o)
                0x0000000000034b80                _vsprintf_r
                0x0000000000034c00                vsprintf
 .text          0x0000000000034c80      0x2a0 /Users/stevefar/nacl_sdk/pepper_45/toolchain/mac_x86_newlib/bin/../lib/gcc/x86_64-nacl/4.4.3/../../../../x86_64-nacl/lib/../lib64/libcrt_common.a(lib_a-wcrtomb.o)
                0x0000000000034c80                wcrtomb
                0x0000000000034de0                _wcrtomb_r
 .text          0x0000000000034f20       0xa0 /Users/stevefar/nacl_sdk/pepper_45/toolchain/mac_x86_newlib/bin/../lib/gcc/x86_64-nacl/4.4.3/../../../../x86_64-nacl/lib/../lib64/libcrt_common.a(lib_a-wcsrtombs.o)
                0x0000000000034f20                wcsrtombs
                0x0000000000034fa0                _wcsrtombs_r
 .text          0x0000000000034fc0      0x5e0 /Users/stevefar/nacl_sdk/pepper_45/toolchain/mac_x86_newlib/bin/../lib/gcc/x86_64-nacl/4.4.3/../../../../x86_64-nacl/lib/../lib64/libcrt_common.a(lib_a-wctomb_r.o)
                0x0000000000034fc0                __ascii_wctomb
                0x0000000000035020                __utf8_wctomb
                0x00000000000351c0                __sjis_wctomb
                0x00000000000352a0                __eucjp_wctomb
                0x00000000000353e0                __jis_wctomb
                0x0000000000035520                _wctomb_r
 .text          0x00000000000355a0      0x340 /Users/stevefar/nacl_sdk/pepper_45/toolchain/mac_x86_newlib/bin/../lib/gcc/x86_64-nacl/4.4.3/../../../../x86_64-nacl/lib/../lib64/libcrt_common.a(lib_a-wsetup.o)
                0x00000000000355a0                __swsetup_r
 .text          0x00000000000358e0      0x2e0 /Users/stevefar/nacl_sdk/pepper_45/toolchain/mac_x86_newlib/bin/../lib/gcc/x86_64-nacl/4.4.3/../../../../x86_64-nacl/lib/../lib64/libcrt_common.a(lib_a-__atexit.o)
                0x00000000000358e0                __register_exitproc
 .text          0x0000000000035bc0      0x380 /Users/stevefar/nacl_sdk/pepper_45/toolchain/mac_x86_newlib/bin/../lib/gcc/x86_64-nacl/4.4.3/../../../../x86_64-nacl/lib/../lib64/libcrt_common.a(lib_a-__call_atexit.o)
                0x0000000000035bc0                __call_exitprocs
 .text          0x0000000000035f40     0x23a0 /Users/stevefar/nacl_sdk/pepper_45/toolchain/mac_x86_newlib/bin/../lib/gcc/x86_64-nacl/4.4.3/../../../../x86_64-nacl/lib/../lib64/libcrt_common.a(lib_a-dtoa.o)
                0x00000000000362a0                _dtoa_r
 .text          0x00000000000382e0       0x40 /Users/stevefar/nacl_sdk/pepper_45/toolchain/mac_x86_newlib/bin/../lib/gcc/x86_64-nacl/4.4.3/../../../../x86_64-nacl/lib/../lib64/libcrt_common.a(lib_a-envlock.o)
                0x00000000000382e0                __env_unlock
                0x0000000000038300                __env_lock
 .text          0x0000000000038320      0x360 /Users/stevefar/nacl_sdk/pepper_45/toolchain/mac_x86_newlib/bin/../lib/gcc/x86_64-nacl/4.4.3/../../../../x86_64-nacl/lib/../lib64/libcrt_common.a(lib_a-fclose.o)
                0x0000000000038320                _fclose_r
                0x0000000000038640                fclose
 .text          0x0000000000038680      0x940 /Users/stevefar/nacl_sdk/pepper_45/toolchain/mac_x86_newlib/bin/../lib/gcc/x86_64-nacl/4.4.3/../../../../x86_64-nacl/lib/../lib64/libcrt_common.a(lib_a-fvwrite.o)
                0x0000000000038680                __sfvwrite_r
 .text          0x0000000000038fc0     0x1840 /Users/stevefar/nacl_sdk/pepper_45/toolchain/mac_x86_newlib/bin/../lib/gcc/x86_64-nacl/4.4.3/../../../../x86_64-nacl/lib/../lib64/libcrt_common.a(lib_a-locale.o)
                0x0000000000038fc0                __locale_charset
                0x0000000000038fe0                __locale_mb_cur_max
                0x0000000000039000                __locale_msgcharset
                0x0000000000039020                __locale_cjk_lang
                0x0000000000039040                _localeconv_r
                0x0000000000039060                localeconv
                0x000000000003a0e0                _setlocale_r
                0x000000000003a7a0                setlocale
 .text          0x000000000003a800      0x280 /Users/stevefar/nacl_sdk/pepper_45/toolchain/mac_x86_newlib/bin/../lib/gcc/x86_64-nacl/4.4.3/../../../../x86_64-nacl/lib/../lib64/libcrt_common.a(lib_a-makebuf.o)
                0x000000000003a800                __smakebuf_r
 .text          0x000000000003aa80      0xea0 /Users/stevefar/nacl_sdk/pepper_45/toolchain/mac_x86_newlib/bin/../lib/gcc/x86_64-nacl/4.4.3/../../../../x86_64-nacl/lib/../lib64/libcrt_common.a(lib_a-mbtowc_r.o)
                0x000000000003aa80                __ascii_mbtowc
                0x000000000003ab00                __utf8_mbtowc
                0x000000000003b1a0                __sjis_mbtowc
                0x000000000003b360                __eucjp_mbtowc
                0x000000000003b5e0                __jis_mbtowc
                0x000000000003b8a0                _mbtowc_r
 .text          0x000000000003b920      0x180 /Users/stevefar/nacl_sdk/pepper_45/toolchain/mac_x86_newlib/bin/../lib/gcc/x86_64-nacl/4.4.3/../../../../x86_64-nacl/lib/../lib64/libcrt_common.a(lib_a-memchr.o)
                0x000000000003b920                memchr
 .text          0x000000000003baa0      0x1c0 /Users/stevefar/nacl_sdk/pepper_45/toolchain/mac_x86_newlib/bin/../lib/gcc/x86_64-nacl/4.4.3/../../../../x86_64-nacl/lib/../lib64/libcrt_common.a(lib_a-memmove.o)
                0x000000000003baa0                memmove
 .text          0x000000000003bc60     0x1a20 /Users/stevefar/nacl_sdk/pepper_45/toolchain/mac_x86_newlib/bin/../lib/gcc/x86_64-nacl/4.4.3/../../../../x86_64-nacl/lib/../lib64/libcrt_common.a(lib_a-mprec.o)
                0x000000000003bc60                _Bfree
                0x000000000003bcc0                __hi0bits
                0x000000000003bd80                __lo0bits
                0x000000000003bee0                __mcmp
                0x000000000003bf80                __ulp
                0x000000000003c060                __b2d
                0x000000000003c220                __ratio
                0x000000000003c360                _mprec_log10
                0x000000000003c3c0                __copybits
                0x000000000003c4a0                __any_on
                0x000000000003c5c0                _Balloc
                0x000000000003c6e0                __d2b
                0x000000000003c940                __mdiff
                0x000000000003cbc0                __lshift
                0x000000000003cda0                __multiply
                0x000000000003d0e0                __i2b
                0x000000000003d140                __multadd
                0x000000000003d2e0                __pow5mult
                0x000000000003d4e0                __s2b
 .text          0x000000000003d680      0x140 /Users/stevefar/nacl_sdk/pepper_45/toolchain/mac_x86_newlib/bin/../lib/gcc/x86_64-nacl/4.4.3/../../../../x86_64-nacl/lib/../lib64/libcrt_common.a(lib_a-s_fpclassify.o)
                0x000000000003d680                __fpclassifyd
 .text          0x000000000003d7c0      0x120 /Users/stevefar/nacl_sdk/pepper_45/toolchain/mac_x86_newlib/bin/../lib/gcc/x86_64-nacl/4.4.3/../../../../x86_64-nacl/lib/../lib64/libcrt_common.a(lib_a-s_frexp.o)
                0x000000000003d7c0                frexp
 .text          0x000000000003d8e0       0xc0 /Users/stevefar/nacl_sdk/pepper_45/toolchain/mac_x86_newlib/bin/../lib/gcc/x86_64-nacl/4.4.3/../../../../x86_64-nacl/lib/../lib64/libcrt_common.a(lib_a-strcasecmp.o)
                0x000000000003d8e0                strcasecmp
 .text          0x000000000003d9a0      0x220 /Users/stevefar/nacl_sdk/pepper_45/toolchain/mac_x86_newlib/bin/../lib/gcc/x86_64-nacl/4.4.3/../../../../x86_64-nacl/lib/../lib64/libcrt_common.a(lib_a-strchr.o)
                0x000000000003d9a0                strchr
 .text          0x000000000003dbc0      0x100 /Users/stevefar/nacl_sdk/pepper_45/toolchain/mac_x86_newlib/bin/../lib/gcc/x86_64-nacl/4.4.3/../../../../x86_64-nacl/lib/../lib64/libcrt_common.a(lib_a-strcmp.o)
                0x000000000003dbc0                strcmp
 .text          0x000000000003dcc0       0xe0 /Users/stevefar/nacl_sdk/pepper_45/toolchain/mac_x86_newlib/bin/../lib/gcc/x86_64-nacl/4.4.3/../../../../x86_64-nacl/lib/../lib64/libcrt_common.a(lib_a-strlcpy.o)
                0x000000000003dcc0                strlcpy
 .text          0x000000000003dda0       0xc0 /Users/stevefar/nacl_sdk/pepper_45/toolchain/mac_x86_newlib/bin/../lib/gcc/x86_64-nacl/4.4.3/../../../../x86_64-nacl/lib/../lib64/libcrt_common.a(lib_a-strncasecmp.o)
                0x000000000003dda0                strncasecmp
 .text          0x000000000003de60      0x1a0 /Users/stevefar/nacl_sdk/pepper_45/toolchain/mac_x86_newlib/bin/../lib/gcc/x86_64-nacl/4.4.3/../../../../x86_64-nacl/lib/../lib64/libcrt_common.a(lib_a-strncpy.o)
                0x000000000003de60                strncpy
 .text          0x000000000003e000      0x380 /Users/stevefar/nacl_sdk/pepper_45/toolchain/mac_x86_newlib/bin/../lib/gcc/x86_64-nacl/4.4.3/../../../../x86_64-nacl/lib/../lib64/libcrt_common.a(lib_a-strtol.o)
                0x000000000003e000                _strtol_r
                0x000000000003e300                strtol
 .text          0x000000000003e380     0x5780 /Users/stevefar/nacl_sdk/pepper_45/toolchain/mac_x86_newlib/bin/../lib/gcc/x86_64-nacl/4.4.3/../../../../x86_64-nacl/lib/../lib64/libcrt_common.a(lib_a-svfprintf.o)
                0x000000000003e380                _svfprintf_r
 .text          0x0000000000043b00     0x3640 /Users/stevefar/nacl_sdk/pepper_45/toolchain/mac_x86_newlib/bin/../lib/gcc/x86_64-nacl/4.4.3/../../../../x86_64-nacl/lib/../lib64/libcrt_common.a(lib_a-vfiprintf.o)
                0x0000000000043b00                __sprint_r
                0x0000000000043d00                _vfiprintf_r
                0x00000000000470c0                vfiprintf
 .text          0x0000000000047140      0x360 /Users/stevefar/nacl_sdk/pepper_45/toolchain/mac_x86_newlib/bin/../lib/gcc/x86_64-nacl/4.4.3/../../../../x86_64-nacl/lib/../lib64/libcrt_common.a(lib_a-wcsnrtombs.o)
                0x0000000000047140                _wcsnrtombs_r
                0x0000000000047420                wcsnrtombs
 .text          0x00000000000474a0       0x20 /Users/stevefar/nacl_sdk/pepper_45/toolchain/mac_x86_newlib/bin/../lib/gcc/x86_64-nacl/4.4.3/../../../../x86_64-nacl/lib/../lib64/libcrt_common.a(lib_a-ctype_.o)
                0x00000000000474a0                __set_ctype
 .text          0x00000000000474c0      0x400 /Users/stevefar/nacl_sdk/pepper_45/toolchain/mac_x86_newlib/bin/../lib/gcc/x86_64-nacl/4.4.3/../../../../x86_64-nacl/lib/../lib64/libcrt_common.a(lib_a-fputwc.o)
                0x00000000000474c0                _fputwc_r
                0x0000000000047820                fputwc
 .text          0x00000000000478c0     0x32e0 /Users/stevefar/nacl_sdk/pepper_45/toolchain/mac_x86_newlib/bin/../lib/gcc/x86_64-nacl/4.4.3/../../../../x86_64-nacl/lib/../lib64/libcrt_common.a(lib_a-svfiprintf.o)
                0x00000000000478c0                __ssprint_r
                0x0000000000047cc0                _svfiprintf_r
 .text          0x000000000004aba0      0x300 /Users/stevefar/nacl_sdk/pepper_45/toolchain/mac_x86_newlib/bin/../lib/gcc/x86_64-nacl/4.4.3/../../../../x86_64-nacl/lib/../lib64/libcrt_common.a(lib_a-wbuf.o)
                0x000000000004aba0                __swbuf_r
                0x000000000004ae40                __swbuf
 .text          0x000000000004aea0       0xa0 /Users/stevefar/nacl_sdk/pepper_45/toolchain/mac_x86_newlib/bin/../lib/gcc/x86_64-nacl/4.4.3/../../../../x86_64-nacl/lib/../lib64/libnacl.a(close_e9b92fbd.o)
                0x000000000004aea0                close
 .text          0x000000000004af40       0xe0 /Users/stevefar/nacl_sdk/pepper_45/toolchain/mac_x86_newlib/bin/../lib/gcc/x86_64-nacl/4.4.3/../../../../x86_64-nacl/lib/../lib64/libnacl.a(isatty_02f56e94.o)
                0x000000000004af40                isatty
 .text          0x000000000004b020       0xa0 /Users/stevefar/nacl_sdk/pepper_45/toolchain/mac_x86_newlib/bin/../lib/gcc/x86_64-nacl/4.4.3/../../../../x86_64-nacl/lib/../lib64/libnacl.a(nacl_irt_fdio_b571b5e7.o)
                0x000000000004b020                __libnacl_irt_dev_fdio_init
 .text          0x000000000004b0c0       0xa0 /Users/stevefar/nacl_sdk/pepper_45/toolchain/mac_x86_newlib/bin/../lib/gcc/x86_64-nacl/4.4.3/../../../../x86_64-nacl/lib/../lib64/libnacl.a(fstat_0540ff63.o)
                0x000000000004b0c0                fstat
 .text          0x000000000004b160       0xa0 /Users/stevefar/nacl_sdk/pepper_45/toolchain/mac_x86_newlib/bin/../lib/gcc/x86_64-nacl/4.4.3/../../../../x86_64-nacl/lib/../lib64/libnacl.a(lseek_64d2d05c.o)
                0x000000000004b160                lseek
 .text          0x000000000004b200       0xa0 /Users/stevefar/nacl_sdk/pepper_45/toolchain/mac_x86_newlib/bin/../lib/gcc/x86_64-nacl/4.4.3/../../../../x86_64-nacl/lib/../lib64/libnacl.a(read_df872e10.o)
                0x000000000004b200                read
 .text          0x000000000004b2a0       0xa0 /Users/stevefar/nacl_sdk/pepper_45/toolchain/mac_x86_newlib/bin/../lib/gcc/x86_64-nacl/4.4.3/../../../../x86_64-nacl/lib/../lib64/libnacl.a(nanosleep_e59fdef1.o)
                0x000000000004b2a0                nanosleep
 .text          0x000000000004b340       0x80 /Users/stevefar/nacl_sdk/pepper_45/toolchain/mac_x86_newlib/bin/../lib/gcc/x86_64-nacl/4.4.3/crtend.o
 .text          0x000000000004b3c0        0x0 /Users/stevefar/nacl_sdk/pepper_45/toolchain/mac_x86_newlib/bin/../lib/gcc/x86_64-nacl/4.4.3/../../../../x86_64-nacl/lib/../lib64/crtn.o
 *(.gnu.warning)

.fini           0x000000000004b3c0       0x60
 *(SORT(.fini))
 .fini          0x000000000004b3c0       0x20 /Users/stevefar/nacl_sdk/pepper_45/toolchain/mac_x86_newlib/bin/../lib/gcc/x86_64-nacl/4.4.3/../../../../x86_64-nacl/lib/../lib64/crti.o
                0x000000000004b3c0                _fini
 .fini          0x000000000004b3e0       0x20 /Users/stevefar/nacl_sdk/pepper_45/toolchain/mac_x86_newlib/bin/../lib/gcc/x86_64-nacl/4.4.3/crtbegin.o
 .fini          0x000000000004b400       0x20 /Users/stevefar/nacl_sdk/pepper_45/toolchain/mac_x86_newlib/bin/../lib/gcc/x86_64-nacl/4.4.3/../../../../x86_64-nacl/lib/../lib64/crtn.o
                0x000000000004b420                PROVIDE (__etext, .)
                0x000000000004b420                PROVIDE (_etext, .)
                0x000000000004b420                PROVIDE (etext, .)
                0x00000000100201c8                . = (0x10020000 + SIZEOF_HEADERS)

.interp
 *(.interp)

.note.gnu.build-id
                0x00000000100201c8       0x24
 *(.note.gnu.build-id)
 .note.gnu.build-id
                0x00000000100201c8       0x24 /Users/stevefar/nacl_sdk/pepper_45/toolchain/mac_x86_newlib/bin/../lib/gcc/x86_64-nacl/4.4.3/../../../../x86_64-nacl/lib/../lib64/crti.o

.hash
 *(.hash)

.gnu.hash
 *(.gnu.hash)

.dynsym
 *(.dynsym)

.dynstr
 *(.dynstr)

.gnu.version
 *(.gnu.version)

.gnu.version_d
 *(.gnu.version_d)

.gnu.version_r
 *(.gnu.version_r)

.rela.dyn       0x00000000100201f0        0x0
 *(.rela.init)
 *(.rela.text .rela.text.* .rela.gnu.linkonce.t.*)
 .rela.text     0x0000000000000000        0x0 /Users/stevefar/nacl_sdk/pepper_45/toolchain/mac_x86_newlib/bin/../lib/gcc/x86_64-nacl/4.4.3/crtbegin.o
 *(.rela.fini)
 *(.rela.rodata .rela.rodata.* .rela.gnu.linkonce.r.*)
 *(.rela.data .rela.data.* .rela.gnu.linkonce.d.*)
 *(.rela.tdata .rela.tdata.* .rela.gnu.linkonce.td.*)
 *(.rela.tbss .rela.tbss.* .rela.gnu.linkonce.tb.*)
 *(.rela.ctors)
 *(.rela.dtors)
 *(.rela.got)
 .rela.got      0x0000000000000000        0x0 /Users/stevefar/nacl_sdk/pepper_45/toolchain/mac_x86_newlib/bin/../lib/gcc/x86_64-nacl/4.4.3/crtbegin.o
 *(.rela.bss .rela.bss.* .rela.gnu.linkonce.b.*)
 *(.rela.ldata .rela.ldata.* .rela.gnu.linkonce.l.*)
 *(.rela.lbss .rela.lbss.* .rela.gnu.linkonce.lb.*)
 *(.rela.lrodata .rela.lrodata.* .rela.gnu.linkonce.lr.*)
 *(.rela.ifunc)

.rela.plt       0x00000000100201f0        0x0
 *(.rela.plt)
                0x00000000100201f0                PROVIDE (__rela_iplt_start, .)
 *(.rela.iplt)
 .rela.iplt     0x0000000000000000        0x0 /Users/stevefar/nacl_sdk/pepper_45/toolchain/mac_x86_newlib/bin/../lib/gcc/x86_64-nacl/4.4.3/crtbegin.o
                0x00000000100201f0                PROVIDE (__rela_iplt_end, .)

.rodata         0x0000000010020200     0x1b16
 *(.rodata .rodata.* .gnu.linkonce.r.*)
 .rodata.str1.1
                0x0000000010020200       0x9e newlib/Release/debugging_x86_64.o
 *fill*         0x000000001002029e        0x2 
 .rodata.str1.8
                0x00000000100202a0       0x38 newlib/Release/debugging_x86_64.o
 .rodata.str1.8
                0x00000000100202d8      0x133 /Users/stevefar/nacl_sdk/pepper_45/lib/newlib_x86_64/Release/liberror_handling.a(error_handling_x86_64.o)
 .rodata.str1.1
                0x000000001002040b       0x9c /Users/stevefar/nacl_sdk/pepper_45/lib/newlib_x86_64/Release/liberror_handling.a(error_handling_x86_64.o)
                                         0xa3 (size before relaxing)
 *fill*         0x00000000100204a7        0x1 
 .rodata.str1.8
                0x00000000100204a8       0x99 /Users/stevefar/nacl_sdk/pepper_45/toolchain/mac_x86_newlib/bin/../lib/gcc/x86_64-nacl/4.4.3/../../../../x86_64-nacl/lib/../lib64/libppapi_stub.a(ppapi_plugin_start_8da67623.o)
 .rodata.str1.1
                0x0000000010020541       0x17 /Users/stevefar/nacl_sdk/pepper_45/toolchain/mac_x86_newlib/bin/../lib/gcc/x86_64-nacl/4.4.3/../../../../x86_64-nacl/lib/../lib64/libppapi_stub.a(ppapi_plugin_start_8da67623.o)
 .rodata.str1.1
                0x0000000010020558        0xc /Users/stevefar/nacl_sdk/pepper_45/toolchain/mac_x86_newlib/bin/../lib/gcc/x86_64-nacl/4.4.3/../../../../x86_64-nacl/lib/../lib64/libpthread.a(nc_thread_7e478b15.o)
 .rodata        0x0000000010020564        0x4 /Users/stevefar/nacl_sdk/pepper_45/toolchain/mac_x86_newlib/bin/../lib/gcc/x86_64-nacl/4.4.3/../../../../x86_64-nacl/lib/../lib64/libpthread.a(nc_thread_7e478b15.o)
                0x0000000010020564                __nc_kMaxCachedMemoryBlocks
 .rodata.str1.1
                0x0000000010020568       0x14 /Users/stevefar/nacl_sdk/pepper_45/toolchain/mac_x86_newlib/bin/../lib/gcc/x86_64-nacl/4.4.3/../../../../x86_64-nacl/lib/../lib64/libpthread.a(dynamic_annotations_33ba59cc.o)
                                         0x16 (size before relaxing)
 .rodata.str1.1
                0x000000001002057c       0x27 /Users/stevefar/nacl_sdk/pepper_45/toolchain/mac_x86_newlib/bin/../lib/gcc/x86_64-nacl/4.4.3/../../../../x86_64-nacl/lib/../lib64/libpthread.a(nc_init_irt_d3daafc0.o)
 .rodata.str1.1
                0x00000000100205a3       0x4e /Users/stevefar/nacl_sdk/pepper_45/toolchain/mac_x86_newlib/bin/../lib/gcc/x86_64-nacl/4.4.3/../../../../x86_64-nacl/lib/../lib64/libnacl.a(malloc_222c4a1e.o)
 *fill*         0x00000000100205f1        0x7 
 .rodata.str1.8
                0x00000000100205f8       0x60 /Users/stevefar/nacl_sdk/pepper_45/toolchain/mac_x86_newlib/bin/../lib/gcc/x86_64-nacl/4.4.3/../../../../x86_64-nacl/lib/../lib64/libnacl.a(nacl_irt_6de1d53f.o)
                                         0x5c (size before relaxing)
 *fill*         0x0000000010020658        0x8 
 .rodata        0x0000000010020660       0x13 /Users/stevefar/nacl_sdk/pepper_45/toolchain/mac_x86_newlib/bin/../lib/gcc/x86_64-nacl/4.4.3/../../../../x86_64-nacl/lib/../lib64/libnacl.a(abort_9f6b5845.o)
 .rodata.str1.1
                0x0000000010020673       0x88 /Users/stevefar/nacl_sdk/pepper_45/toolchain/mac_x86_newlib/bin/../lib/gcc/x86_64-nacl/4.4.3/../../../../x86_64-nacl/lib/../lib64/libnacl.a(nacl_irt_init_7b4f826e.o)
 *fill*         0x00000000100206fb        0x1 
 .rodata        0x00000000100206fc        0x4 /Users/stevefar/nacl_sdk/pepper_45/toolchain/mac_x86_newlib/bin/../lib/gcc/x86_64-nacl/4.4.3/../../../../x86_64-nacl/lib/../lib64/libcrt_common.a(lib_a-impure.o)
                0x00000000100206fc                _global_impure_ptr
 .rodata.str1.1
                0x0000000000000000       0x88 /Users/stevefar/nacl_sdk/pepper_45/toolchain/mac_x86_newlib/bin/../lib/gcc/x86_64-nacl/4.4.3/../../../../x86_64-nacl/lib/../lib64/libcrt_common.a(lib_a-impure.o)
                                          0x2 (size before relaxing)
 .rodata.str1.1
                0x0000000010020700       0x39 /Users/stevefar/nacl_sdk/pepper_45/toolchain/mac_x86_newlib/bin/../lib/gcc/x86_64-nacl/4.4.3/../../../../x86_64-nacl/lib/../lib64/libcrt_common.a(lib_a-vfprintf.o)
                                         0x3b (size before relaxing)
 *fill*         0x0000000010020739        0x7 
 .rodata        0x0000000010020740      0x300 /Users/stevefar/nacl_sdk/pepper_45/toolchain/mac_x86_newlib/bin/../lib/gcc/x86_64-nacl/4.4.3/../../../../x86_64-nacl/lib/../lib64/libcrt_common.a(lib_a-vfprintf.o)
 .rodata.cst8   0x0000000010020a40       0x20 /Users/stevefar/nacl_sdk/pepper_45/toolchain/mac_x86_newlib/bin/../lib/gcc/x86_64-nacl/4.4.3/../../../../x86_64-nacl/lib/../lib64/libcrt_common.a(lib_a-vfprintf.o)
 .rodata.cst16  0x0000000010020a60       0x10 /Users/stevefar/nacl_sdk/pepper_45/toolchain/mac_x86_newlib/bin/../lib/gcc/x86_64-nacl/4.4.3/../../../../x86_64-nacl/lib/../lib64/libcrt_common.a(lib_a-vfprintf.o)
 .rodata.str1.1
                0x0000000010020a70        0xd /Users/stevefar/nacl_sdk/pepper_45/toolchain/mac_x86_newlib/bin/../lib/gcc/x86_64-nacl/4.4.3/../../../../x86_64-nacl/lib/../lib64/libcrt_common.a(lib_a-dtoa.o)
                                          0xf (size before relaxing)
 *fill*         0x0000000010020a7d        0x3 
 .rodata.cst8   0x0000000010020a80       0x40 /Users/stevefar/nacl_sdk/pepper_45/toolchain/mac_x86_newlib/bin/../lib/gcc/x86_64-nacl/4.4.3/../../../../x86_64-nacl/lib/../lib64/libcrt_common.a(lib_a-dtoa.o)
                                         0x48 (size before relaxing)
 .rodata.cst16  0x0000000000000000       0x10 /Users/stevefar/nacl_sdk/pepper_45/toolchain/mac_x86_newlib/bin/../lib/gcc/x86_64-nacl/4.4.3/../../../../x86_64-nacl/lib/../lib64/libcrt_common.a(lib_a-dtoa.o)
 .rodata.str1.1
                0x0000000010020ac0       0xe8 /Users/stevefar/nacl_sdk/pepper_45/toolchain/mac_x86_newlib/bin/../lib/gcc/x86_64-nacl/4.4.3/../../../../x86_64-nacl/lib/../lib64/libcrt_common.a(lib_a-locale.o)
                                         0xf4 (size before relaxing)
 *fill*         0x0000000010020ba8        0x8 
 .rodata        0x0000000010020bb0      0x1cc /Users/stevefar/nacl_sdk/pepper_45/toolchain/mac_x86_newlib/bin/../lib/gcc/x86_64-nacl/4.4.3/../../../../x86_64-nacl/lib/../lib64/libcrt_common.a(lib_a-locale.o)
 *fill*         0x0000000010020d7c        0x4 
 .rodata        0x0000000010020d80      0x280 /Users/stevefar/nacl_sdk/pepper_45/toolchain/mac_x86_newlib/bin/../lib/gcc/x86_64-nacl/4.4.3/../../../../x86_64-nacl/lib/../lib64/libcrt_common.a(lib_a-mbtowc_r.o)
 .rodata        0x0000000010021000      0x154 /Users/stevefar/nacl_sdk/pepper_45/toolchain/mac_x86_newlib/bin/../lib/gcc/x86_64-nacl/4.4.3/../../../../x86_64-nacl/lib/../lib64/libcrt_common.a(lib_a-mprec.o)
                0x0000000010021000                __mprec_tens
                0x00000000100210e0                __mprec_bigtens
                0x0000000010021120                __mprec_tinytens
 .rodata.cst8   0x0000000000000000       0x10 /Users/stevefar/nacl_sdk/pepper_45/toolchain/mac_x86_newlib/bin/../lib/gcc/x86_64-nacl/4.4.3/../../../../x86_64-nacl/lib/../lib64/libcrt_common.a(lib_a-mprec.o)
 *fill*         0x0000000010021154        0x4 
 .rodata.cst8   0x0000000010021158        0x8 /Users/stevefar/nacl_sdk/pepper_45/toolchain/mac_x86_newlib/bin/../lib/gcc/x86_64-nacl/4.4.3/../../../../x86_64-nacl/lib/../lib64/libcrt_common.a(lib_a-s_frexp.o)
 .rodata.str1.1
                0x0000000000000000       0x3b /Users/stevefar/nacl_sdk/pepper_45/toolchain/mac_x86_newlib/bin/../lib/gcc/x86_64-nacl/4.4.3/../../../../x86_64-nacl/lib/../lib64/libcrt_common.a(lib_a-svfprintf.o)
 .rodata        0x0000000010021160      0x300 /Users/stevefar/nacl_sdk/pepper_45/toolchain/mac_x86_newlib/bin/../lib/gcc/x86_64-nacl/4.4.3/../../../../x86_64-nacl/lib/../lib64/libcrt_common.a(lib_a-svfprintf.o)
 .rodata.cst8   0x0000000000000000       0x20 /Users/stevefar/nacl_sdk/pepper_45/toolchain/mac_x86_newlib/bin/../lib/gcc/x86_64-nacl/4.4.3/../../../../x86_64-nacl/lib/../lib64/libcrt_common.a(lib_a-svfprintf.o)
 .rodata.cst16  0x0000000000000000       0x10 /Users/stevefar/nacl_sdk/pepper_45/toolchain/mac_x86_newlib/bin/../lib/gcc/x86_64-nacl/4.4.3/../../../../x86_64-nacl/lib/../lib64/libcrt_common.a(lib_a-svfprintf.o)
 .rodata.str1.1
                0x0000000000000000       0x29 /Users/stevefar/nacl_sdk/pepper_45/toolchain/mac_x86_newlib/bin/../lib/gcc/x86_64-nacl/4.4.3/../../../../x86_64-nacl/lib/../lib64/libcrt_common.a(lib_a-vfiprintf.o)
 .rodata        0x0000000010021460      0x300 /Users/stevefar/nacl_sdk/pepper_45/toolchain/mac_x86_newlib/bin/../lib/gcc/x86_64-nacl/4.4.3/../../../../x86_64-nacl/lib/../lib64/libcrt_common.a(lib_a-vfiprintf.o)
 .rodata        0x0000000010021760      0x2a0 /Users/stevefar/nacl_sdk/pepper_45/toolchain/mac_x86_newlib/bin/../lib/gcc/x86_64-nacl/4.4.3/../../../../x86_64-nacl/lib/../lib64/libcrt_common.a(lib_a-ctype_.o)
                0x0000000010021760                _ctype_
 .rodata.str1.1
                0x0000000000000000       0x29 /Users/stevefar/nacl_sdk/pepper_45/toolchain/mac_x86_newlib/bin/../lib/gcc/x86_64-nacl/4.4.3/../../../../x86_64-nacl/lib/../lib64/libcrt_common.a(lib_a-svfiprintf.o)
 .rodata        0x0000000010021a00      0x300 /Users/stevefar/nacl_sdk/pepper_45/toolchain/mac_x86_newlib/bin/../lib/gcc/x86_64-nacl/4.4.3/../../../../x86_64-nacl/lib/../lib64/libcrt_common.a(lib_a-svfiprintf.o)
 .rodata.str1.1
                0x0000000010021d00       0x16 /Users/stevefar/nacl_sdk/pepper_45/toolchain/mac_x86_newlib/bin/../lib/gcc/x86_64-nacl/4.4.3/../../../../x86_64-nacl/lib/../lib64/libnacl.a(nacl_irt_fdio_b571b5e7.o)
                                         0x3e (size before relaxing)

.rodata1
 *(.rodata1)

.eh_frame_hdr   0x0000000010021d18      0xaec
 *(.eh_frame_hdr)
 .eh_frame_hdr  0x0000000010021d18      0xaec newlib/Release/debugging_x86_64.o

.eh_frame       0x0000000010022808     0x26a4
 *(.eh_frame)
 .eh_frame      0x0000000010022808        0x0 /Users/stevefar/nacl_sdk/pepper_45/toolchain/mac_x86_newlib/bin/../lib/gcc/x86_64-nacl/4.4.3/crtbegin.o
 .eh_frame      0x0000000010022808      0x238 newlib/Release/debugging_x86_64.o
                                        0x200 (size before relaxing)
 .eh_frame      0x0000000010022a40       0xd8 /Users/stevefar/nacl_sdk/pepper_45/lib/newlib_x86_64/Release/liberror_handling.a(error_handling_x86_64.o)
                                         0xe0 (size before relaxing)
 .eh_frame      0x0000000010022b18       0x68 /Users/stevefar/nacl_sdk/pepper_45/lib/newlib_x86_64/Release/liberror_handling.a(string_stream_x86_64.o)
                                         0x80 (size before relaxing)
 .eh_frame      0x0000000010022b80       0x18 /Users/stevefar/nacl_sdk/pepper_45/toolchain/mac_x86_newlib/bin/../lib/gcc/x86_64-nacl/4.4.3/../../../../x86_64-nacl/lib/../lib64/libppapi_stub.a(plugin_main_irt_21ce9d26.o)
                                         0x30 (size before relaxing)
 .eh_frame      0x0000000010022b98       0x18 /Users/stevefar/nacl_sdk/pepper_45/toolchain/mac_x86_newlib/bin/../lib/gcc/x86_64-nacl/4.4.3/../../../../x86_64-nacl/lib/../lib64/libppapi_stub.a(ppapi_plugin_main_399d0cf7.o)
                                         0x30 (size before relaxing)
 .eh_frame      0x0000000010022bb0       0x38 /Users/stevefar/nacl_sdk/pepper_45/toolchain/mac_x86_newlib/bin/../lib/gcc/x86_64-nacl/4.4.3/../../../../x86_64-nacl/lib/../lib64/libppapi_stub.a(ppapi_plugin_start_8da67623.o)
                                         0x50 (size before relaxing)
 .eh_frame      0x0000000010022be8       0x48 /Users/stevefar/nacl_sdk/pepper_45/toolchain/mac_x86_newlib/bin/../lib/gcc/x86_64-nacl/4.4.3/../../../../x86_64-nacl/lib/../lib64/libppapi_stub.a(thread_creator_ccf263e1.o)
                                         0x58 (size before relaxing)
 .eh_frame      0x0000000010022c30      0x448 /Users/stevefar/nacl_sdk/pepper_45/toolchain/mac_x86_newlib/bin/../lib/gcc/x86_64-nacl/4.4.3/../../../../x86_64-nacl/lib/../lib64/libpthread.a(nc_thread_7e478b15.o)
                                        0x3e0 (size before relaxing)
 .eh_frame      0x0000000010023078      0x140 /Users/stevefar/nacl_sdk/pepper_45/toolchain/mac_x86_newlib/bin/../lib/gcc/x86_64-nacl/4.4.3/../../../../x86_64-nacl/lib/../lib64/libpthread.a(nc_condvar_305aa45a.o)
                                        0x128 (size before relaxing)
 .eh_frame      0x00000000100231b8      0x390 /Users/stevefar/nacl_sdk/pepper_45/toolchain/mac_x86_newlib/bin/../lib/gcc/x86_64-nacl/4.4.3/../../../../x86_64-nacl/lib/../lib64/libpthread.a(dynamic_annotations_33ba59cc.o)
                                        0x310 (size before relaxing)
 .eh_frame      0x0000000010023548      0x180 /Users/stevefar/nacl_sdk/pepper_45/toolchain/mac_x86_newlib/bin/../lib/gcc/x86_64-nacl/4.4.3/../../../../x86_64-nacl/lib/../lib64/libpthread.a(nc_mutex_86341ae1.o)
                                        0x160 (size before relaxing)
 .eh_frame      0x00000000100236c8       0x18 /Users/stevefar/nacl_sdk/pepper_45/toolchain/mac_x86_newlib/bin/../lib/gcc/x86_64-nacl/4.4.3/../../../../x86_64-nacl/lib/../lib64/libpthread.a(nc_init_irt_d3daafc0.o)
                                         0x30 (size before relaxing)
 .eh_frame      0x00000000100236e0       0x18 /Users/stevefar/nacl_sdk/pepper_45/toolchain/mac_x86_newlib/bin/../lib/gcc/x86_64-nacl/4.4.3/../../../../x86_64-nacl/lib/../lib64/libnacl.a(_exit_710c7d0d.o)
                                         0x30 (size before relaxing)
 .eh_frame      0x00000000100236f8      0x3c8 /Users/stevefar/nacl_sdk/pepper_45/toolchain/mac_x86_newlib/bin/../lib/gcc/x86_64-nacl/4.4.3/../../../../x86_64-nacl/lib/../lib64/libnacl.a(malloc_222c4a1e.o)
                                        0x388 (size before relaxing)
 .eh_frame      0x0000000010023ac0      0x128 /Users/stevefar/nacl_sdk/pepper_45/toolchain/mac_x86_newlib/bin/../lib/gcc/x86_64-nacl/4.4.3/../../../../x86_64-nacl/lib/../lib64/libnacl.a(nacl_irt_6de1d53f.o)
                                        0x118 (size before relaxing)
 .eh_frame      0x0000000010023be8       0x18 /Users/stevefar/nacl_sdk/pepper_45/toolchain/mac_x86_newlib/bin/../lib/gcc/x86_64-nacl/4.4.3/../../../../x86_64-nacl/lib/../lib64/libnacl.a(pthread_initialize_minimal_4b6e776b.o)
                                         0x30 (size before relaxing)
 .eh_frame      0x0000000010023c00       0x18 /Users/stevefar/nacl_sdk/pepper_45/toolchain/mac_x86_newlib/bin/../lib/gcc/x86_64-nacl/4.4.3/../../../../x86_64-nacl/lib/../lib64/libnacl.a(nacl_read_tp_5748ac47.o)
                                         0x30 (size before relaxing)
 .eh_frame      0x0000000010023c18       0x18 /Users/stevefar/nacl_sdk/pepper_45/toolchain/mac_x86_newlib/bin/../lib/gcc/x86_64-nacl/4.4.3/../../../../x86_64-nacl/lib/../lib64/libnacl.a(nacl_add_tp_7312c7c4.o)
                                         0x30 (size before relaxing)
 .eh_frame      0x0000000010023c30       0x18 /Users/stevefar/nacl_sdk/pepper_45/toolchain/mac_x86_newlib/bin/../lib/gcc/x86_64-nacl/4.4.3/../../../../x86_64-nacl/lib/../lib64/libnacl.a(nacl_interface_query_ef8a99f1.o)
                                         0x30 (size before relaxing)
 .eh_frame      0x0000000010023c48       0x20 /Users/stevefar/nacl_sdk/pepper_45/toolchain/mac_x86_newlib/bin/../lib/gcc/x86_64-nacl/4.4.3/../../../../x86_64-nacl/lib/../lib64/libnacl.a(mmap_767fb080.o)
                                         0x38 (size before relaxing)
 .eh_frame      0x0000000010023c68       0x18 /Users/stevefar/nacl_sdk/pepper_45/toolchain/mac_x86_newlib/bin/../lib/gcc/x86_64-nacl/4.4.3/../../../../x86_64-nacl/lib/../lib64/libnacl.a(sched_yield_56c375be.o)
                                         0x30 (size before relaxing)
 .eh_frame      0x0000000010023c80       0x20 /Users/stevefar/nacl_sdk/pepper_45/toolchain/mac_x86_newlib/bin/../lib/gcc/x86_64-nacl/4.4.3/../../../../x86_64-nacl/lib/../lib64/libnacl.a(start_fa9ef7de.o)
                                         0x38 (size before relaxing)
 .eh_frame      0x0000000010023ca0       0x18 /Users/stevefar/nacl_sdk/pepper_45/toolchain/mac_x86_newlib/bin/../lib/gcc/x86_64-nacl/4.4.3/../../../../x86_64-nacl/lib/../lib64/libnacl.a(munmap_d4f09867.o)
                                         0x30 (size before relaxing)
 .eh_frame      0x0000000010023cb8       0x50 /Users/stevefar/nacl_sdk/pepper_45/toolchain/mac_x86_newlib/bin/../lib/gcc/x86_64-nacl/4.4.3/../../../../x86_64-nacl/lib/../lib64/libnacl.a(tls_bba1975b.o)
                                         0x68 (size before relaxing)
 .eh_frame      0x0000000010023d08       0x20 /Users/stevefar/nacl_sdk/pepper_45/toolchain/mac_x86_newlib/bin/../lib/gcc/x86_64-nacl/4.4.3/../../../../x86_64-nacl/lib/../lib64/libnacl.a(write_fb49787f.o)
                                         0x38 (size before relaxing)
 .eh_frame      0x0000000010023d28       0x18 /Users/stevefar/nacl_sdk/pepper_45/toolchain/mac_x86_newlib/bin/../lib/gcc/x86_64-nacl/4.4.3/../../../../x86_64-nacl/lib/../lib64/libnacl.a(abort_9f6b5845.o)
                                         0x30 (size before relaxing)
 .eh_frame      0x0000000010023d40       0x18 /Users/stevefar/nacl_sdk/pepper_45/toolchain/mac_x86_newlib/bin/../lib/gcc/x86_64-nacl/4.4.3/../../../../x86_64-nacl/lib/../lib64/libnacl.a(nacl_tls_get_d2f842b5.o)
                                         0x30 (size before relaxing)
 .eh_frame      0x0000000010023d58       0x38 /Users/stevefar/nacl_sdk/pepper_45/toolchain/mac_x86_newlib/bin/../lib/gcc/x86_64-nacl/4.4.3/../../../../x86_64-nacl/lib/../lib64/libnacl.a(nacl_irt_init_7b4f826e.o)
                                         0x48 (size before relaxing)
 .eh_frame      0x0000000010023d90       0x20 /Users/stevefar/nacl_sdk/pepper_45/toolchain/mac_x86_newlib/bin/../lib/gcc/x86_64-nacl/4.4.3/../../../../x86_64-nacl/lib/../lib64/libnacl.a(sysconf_ad295ea2.o)
                                         0x38 (size before relaxing)
 .eh_frame      0x0000000010023db0       0x18 /Users/stevefar/nacl_sdk/pepper_45/toolchain/mac_x86_newlib/bin/../lib/gcc/x86_64-nacl/4.4.3/../../../../x86_64-nacl/lib/../lib64/libnacl.a(nacl_tls_init_eb0cd232.o)
                                         0x30 (size before relaxing)
 .eh_frame      0x0000000010023dc8       0x18 /Users/stevefar/nacl_sdk/pepper_45/toolchain/mac_x86_newlib/bin/../lib/gcc/x86_64-nacl/4.4.3/../../../../x86_64-nacl/lib/../lib64/libcrt_common.a(lib_a-atexit.o)
                                         0x30 (size before relaxing)
 .eh_frame      0x0000000010023de0       0x18 /Users/stevefar/nacl_sdk/pepper_45/toolchain/mac_x86_newlib/bin/../lib/gcc/x86_64-nacl/4.4.3/../../../../x86_64-nacl/lib/../lib64/libcrt_common.a(lib_a-errno.o)
                                         0x30 (size before relaxing)
 .eh_frame      0x0000000010023df8       0x18 /Users/stevefar/nacl_sdk/pepper_45/toolchain/mac_x86_newlib/bin/../lib/gcc/x86_64-nacl/4.4.3/../../../../x86_64-nacl/lib/../lib64/libcrt_common.a(lib_a-exit.o)
                                         0x30 (size before relaxing)
 .eh_frame      0x0000000010023e10       0x68 /Users/stevefar/nacl_sdk/pepper_45/toolchain/mac_x86_newlib/bin/../lib/gcc/x86_64-nacl/4.4.3/../../../../x86_64-nacl/lib/../lib64/libcrt_common.a(lib_a-fflush.o)
                                         0x80 (size before relaxing)
 .eh_frame      0x0000000010023e78      0x170 /Users/stevefar/nacl_sdk/pepper_45/toolchain/mac_x86_newlib/bin/../lib/gcc/x86_64-nacl/4.4.3/../../../../x86_64-nacl/lib/../lib64/libcrt_common.a(lib_a-findfp.o)
                                        0x158 (size before relaxing)
 .eh_frame      0x0000000010023fe8       0x20 /Users/stevefar/nacl_sdk/pepper_45/toolchain/mac_x86_newlib/bin/../lib/gcc/x86_64-nacl/4.4.3/../../../../x86_64-nacl/lib/../lib64/libcrt_common.a(lib_a-fini.o)
                                         0x38 (size before relaxing)
 .eh_frame      0x0000000010024008       0x38 /Users/stevefar/nacl_sdk/pepper_45/toolchain/mac_x86_newlib/bin/../lib/gcc/x86_64-nacl/4.4.3/../../../../x86_64-nacl/lib/../lib64/libcrt_common.a(lib_a-fprintf.o)
                                         0x50 (size before relaxing)
 .eh_frame      0x0000000010024040       0x60 /Users/stevefar/nacl_sdk/pepper_45/toolchain/mac_x86_newlib/bin/../lib/gcc/x86_64-nacl/4.4.3/../../../../x86_64-nacl/lib/../lib64/libcrt_common.a(lib_a-fwalk.o)
                                         0x70 (size before relaxing)
 .eh_frame      0x00000000100240a0       0x40 /Users/stevefar/nacl_sdk/pepper_45/toolchain/mac_x86_newlib/bin/../lib/gcc/x86_64-nacl/4.4.3/../../../../x86_64-nacl/lib/../lib64/libcrt_common.a(lib_a-fwrite.o)
                                         0x58 (size before relaxing)
 .eh_frame      0x00000000100240e0       0x40 /Users/stevefar/nacl_sdk/pepper_45/toolchain/mac_x86_newlib/bin/../lib/gcc/x86_64-nacl/4.4.3/../../../../x86_64-nacl/lib/../lib64/libcrt_common.a(lib_a-getenv.o)
                                         0x50 (size before relaxing)
 .eh_frame      0x0000000010024120       0x48 /Users/stevefar/nacl_sdk/pepper_45/toolchain/mac_x86_newlib/bin/../lib/gcc/x86_64-nacl/4.4.3/../../../../x86_64-nacl/lib/../lib64/libcrt_common.a(lib_a-getenv_r.o)
                                         0x58 (size before relaxing)
 .eh_frame      0x0000000010024168       0x30 /Users/stevefar/nacl_sdk/pepper_45/toolchain/mac_x86_newlib/bin/../lib/gcc/x86_64-nacl/4.4.3/../../../../x86_64-nacl/lib/../lib64/libcrt_common.a(lib_a-impure.o)
                                         0x48 (size before relaxing)
 .eh_frame      0x0000000010024198       0x20 /Users/stevefar/nacl_sdk/pepper_45/toolchain/mac_x86_newlib/bin/../lib/gcc/x86_64-nacl/4.4.3/../../../../x86_64-nacl/lib/../lib64/libcrt_common.a(lib_a-init.o)
                                         0x38 (size before relaxing)
 .eh_frame      0x00000000100241b8       0x18 /Users/stevefar/nacl_sdk/pepper_45/toolchain/mac_x86_newlib/bin/../lib/gcc/x86_64-nacl/4.4.3/../../../../x86_64-nacl/lib/../lib64/libcrt_common.a(lib_a-sleep.o)
                                         0x30 (size before relaxing)
 .eh_frame      0x00000000100241d0       0x80 /Users/stevefar/nacl_sdk/pepper_45/toolchain/mac_x86_newlib/bin/../lib/gcc/x86_64-nacl/4.4.3/../../../../x86_64-nacl/lib/../lib64/libcrt_common.a(lib_a-stdio.o)
                                         0x90 (size before relaxing)
 .eh_frame      0x0000000010024250       0x18 /Users/stevefar/nacl_sdk/pepper_45/toolchain/mac_x86_newlib/bin/../lib/gcc/x86_64-nacl/4.4.3/../../../../x86_64-nacl/lib/../lib64/libcrt_common.a(lib_a-strcat.o)
                                         0x30 (size before relaxing)
 .eh_frame      0x0000000010024268       0x18 /Users/stevefar/nacl_sdk/pepper_45/toolchain/mac_x86_newlib/bin/../lib/gcc/x86_64-nacl/4.4.3/../../../../x86_64-nacl/lib/../lib64/libcrt_common.a(lib_a-strcpy.o)
                                         0x30 (size before relaxing)
 .eh_frame      0x0000000010024280       0x18 /Users/stevefar/nacl_sdk/pepper_45/toolchain/mac_x86_newlib/bin/../lib/gcc/x86_64-nacl/4.4.3/../../../../x86_64-nacl/lib/../lib64/libcrt_common.a(lib_a-strlen.o)
                                         0x30 (size before relaxing)
 .eh_frame      0x0000000010024298       0x18 /Users/stevefar/nacl_sdk/pepper_45/toolchain/mac_x86_newlib/bin/../lib/gcc/x86_64-nacl/4.4.3/../../../../x86_64-nacl/lib/../lib64/libcrt_common.a(lib_a-strncmp.o)
                                         0x30 (size before relaxing)
 .eh_frame      0x00000000100242b0       0x70 /Users/stevefar/nacl_sdk/pepper_45/toolchain/mac_x86_newlib/bin/../lib/gcc/x86_64-nacl/4.4.3/../../../../x86_64-nacl/lib/../lib64/libcrt_common.a(lib_a-vfprintf.o)
                                         0x80 (size before relaxing)
 .eh_frame      0x0000000010024320       0x48 /Users/stevefar/nacl_sdk/pepper_45/toolchain/mac_x86_newlib/bin/../lib/gcc/x86_64-nacl/4.4.3/../../../../x86_64-nacl/lib/../lib64/libcrt_common.a(lib_a-vsnprintf.o)
                                         0x60 (size before relaxing)
 .eh_frame      0x0000000010024368       0x38 /Users/stevefar/nacl_sdk/pepper_45/toolchain/mac_x86_newlib/bin/../lib/gcc/x86_64-nacl/4.4.3/../../../../x86_64-nacl/lib/../lib64/libcrt_common.a(lib_a-vsprintf.o)
                                         0x50 (size before relaxing)
 .eh_frame      0x00000000100243a0       0x40 /Users/stevefar/nacl_sdk/pepper_45/toolchain/mac_x86_newlib/bin/../lib/gcc/x86_64-nacl/4.4.3/../../../../x86_64-nacl/lib/../lib64/libcrt_common.a(lib_a-wcrtomb.o)
                                         0x58 (size before relaxing)
 .eh_frame      0x00000000100243e0       0x38 /Users/stevefar/nacl_sdk/pepper_45/toolchain/mac_x86_newlib/bin/../lib/gcc/x86_64-nacl/4.4.3/../../../../x86_64-nacl/lib/../lib64/libcrt_common.a(lib_a-wcsrtombs.o)
                                         0x50 (size before relaxing)
 .eh_frame      0x0000000010024418       0x98 /Users/stevefar/nacl_sdk/pepper_45/toolchain/mac_x86_newlib/bin/../lib/gcc/x86_64-nacl/4.4.3/../../../../x86_64-nacl/lib/../lib64/libcrt_common.a(lib_a-wctomb_r.o)
                                         0xa0 (size before relaxing)
 .eh_frame      0x00000000100244b0       0x20 /Users/stevefar/nacl_sdk/pepper_45/toolchain/mac_x86_newlib/bin/../lib/gcc/x86_64-nacl/4.4.3/../../../../x86_64-nacl/lib/../lib64/libcrt_common.a(lib_a-wsetup.o)
                                         0x38 (size before relaxing)
 .eh_frame      0x00000000100244d0       0x20 /Users/stevefar/nacl_sdk/pepper_45/toolchain/mac_x86_newlib/bin/../lib/gcc/x86_64-nacl/4.4.3/../../../../x86_64-nacl/lib/../lib64/libcrt_common.a(lib_a-__atexit.o)
                                         0x38 (size before relaxing)
 .eh_frame      0x00000000100244f0       0x30 /Users/stevefar/nacl_sdk/pepper_45/toolchain/mac_x86_newlib/bin/../lib/gcc/x86_64-nacl/4.4.3/../../../../x86_64-nacl/lib/../lib64/libcrt_common.a(lib_a-__call_atexit.o)
                                         0x48 (size before relaxing)
 .eh_frame      0x0000000010024520       0x60 /Users/stevefar/nacl_sdk/pepper_45/toolchain/mac_x86_newlib/bin/../lib/gcc/x86_64-nacl/4.4.3/../../../../x86_64-nacl/lib/../lib64/libcrt_common.a(lib_a-dtoa.o)
                                         0x70 (size before relaxing)
 .eh_frame      0x0000000010024580       0x30 /Users/stevefar/nacl_sdk/pepper_45/toolchain/mac_x86_newlib/bin/../lib/gcc/x86_64-nacl/4.4.3/../../../../x86_64-nacl/lib/../lib64/libcrt_common.a(lib_a-envlock.o)
                                         0x40 (size before relaxing)
 .eh_frame      0x00000000100245b0       0x38 /Users/stevefar/nacl_sdk/pepper_45/toolchain/mac_x86_newlib/bin/../lib/gcc/x86_64-nacl/4.4.3/../../../../x86_64-nacl/lib/../lib64/libcrt_common.a(lib_a-fclose.o)
                                         0x50 (size before relaxing)
 .eh_frame      0x00000000100245e8       0x30 /Users/stevefar/nacl_sdk/pepper_45/toolchain/mac_x86_newlib/bin/../lib/gcc/x86_64-nacl/4.4.3/../../../../x86_64-nacl/lib/../lib64/libcrt_common.a(lib_a-fvwrite.o)
                                         0x48 (size before relaxing)
 .eh_frame      0x0000000010024618      0x140 /Users/stevefar/nacl_sdk/pepper_45/toolchain/mac_x86_newlib/bin/../lib/gcc/x86_64-nacl/4.4.3/../../../../x86_64-nacl/lib/../lib64/libcrt_common.a(lib_a-locale.o)
                                        0x138 (size before relaxing)
 .eh_frame      0x0000000010024758       0x20 /Users/stevefar/nacl_sdk/pepper_45/toolchain/mac_x86_newlib/bin/../lib/gcc/x86_64-nacl/4.4.3/../../../../x86_64-nacl/lib/../lib64/libcrt_common.a(lib_a-makebuf.o)
                                         0x38 (size before relaxing)
 .eh_frame      0x0000000010024778       0xa0 /Users/stevefar/nacl_sdk/pepper_45/toolchain/mac_x86_newlib/bin/../lib/gcc/x86_64-nacl/4.4.3/../../../../x86_64-nacl/lib/../lib64/libcrt_common.a(lib_a-mbtowc_r.o)
                                         0xa8 (size before relaxing)
 .eh_frame      0x0000000010024818       0x18 /Users/stevefar/nacl_sdk/pepper_45/toolchain/mac_x86_newlib/bin/../lib/gcc/x86_64-nacl/4.4.3/../../../../x86_64-nacl/lib/../lib64/libcrt_common.a(lib_a-memchr.o)
                                         0x30 (size before relaxing)
 .eh_frame      0x0000000010024830       0x18 /Users/stevefar/nacl_sdk/pepper_45/toolchain/mac_x86_newlib/bin/../lib/gcc/x86_64-nacl/4.4.3/../../../../x86_64-nacl/lib/../lib64/libcrt_common.a(lib_a-memmove.o)
                                         0x30 (size before relaxing)
 .eh_frame      0x0000000010024848      0x270 /Users/stevefar/nacl_sdk/pepper_45/toolchain/mac_x86_newlib/bin/../lib/gcc/x86_64-nacl/4.4.3/../../../../x86_64-nacl/lib/../lib64/libcrt_common.a(lib_a-mprec.o)
                                        0x248 (size before relaxing)
 .eh_frame      0x0000000010024ab8       0x18 /Users/stevefar/nacl_sdk/pepper_45/toolchain/mac_x86_newlib/bin/../lib/gcc/x86_64-nacl/4.4.3/../../../../x86_64-nacl/lib/../lib64/libcrt_common.a(lib_a-s_fpclassify.o)
                                         0x30 (size before relaxing)
 .eh_frame      0x0000000010024ad0       0x18 /Users/stevefar/nacl_sdk/pepper_45/toolchain/mac_x86_newlib/bin/../lib/gcc/x86_64-nacl/4.4.3/../../../../x86_64-nacl/lib/../lib64/libcrt_common.a(lib_a-s_frexp.o)
                                         0x30 (size before relaxing)
 .eh_frame      0x0000000010024ae8       0x18 /Users/stevefar/nacl_sdk/pepper_45/toolchain/mac_x86_newlib/bin/../lib/gcc/x86_64-nacl/4.4.3/../../../../x86_64-nacl/lib/../lib64/libcrt_common.a(lib_a-strcasecmp.o)
                                         0x30 (size before relaxing)
 .eh_frame      0x0000000010024b00       0x18 /Users/stevefar/nacl_sdk/pepper_45/toolchain/mac_x86_newlib/bin/../lib/gcc/x86_64-nacl/4.4.3/../../../../x86_64-nacl/lib/../lib64/libcrt_common.a(lib_a-strchr.o)
                                         0x30 (size before relaxing)
 .eh_frame      0x0000000010024b18       0x18 /Users/stevefar/nacl_sdk/pepper_45/toolchain/mac_x86_newlib/bin/../lib/gcc/x86_64-nacl/4.4.3/../../../../x86_64-nacl/lib/../lib64/libcrt_common.a(lib_a-strcmp.o)
                                         0x30 (size before relaxing)
 .eh_frame      0x0000000010024b30       0x18 /Users/stevefar/nacl_sdk/pepper_45/toolchain/mac_x86_newlib/bin/../lib/gcc/x86_64-nacl/4.4.3/../../../../x86_64-nacl/lib/../lib64/libcrt_common.a(lib_a-strlcpy.o)
                                         0x30 (size before relaxing)
 .eh_frame      0x0000000010024b48       0x18 /Users/stevefar/nacl_sdk/pepper_45/toolchain/mac_x86_newlib/bin/../lib/gcc/x86_64-nacl/4.4.3/../../../../x86_64-nacl/lib/../lib64/libcrt_common.a(lib_a-strncasecmp.o)
                                         0x30 (size before relaxing)
 .eh_frame      0x0000000010024b60       0x18 /Users/stevefar/nacl_sdk/pepper_45/toolchain/mac_x86_newlib/bin/../lib/gcc/x86_64-nacl/4.4.3/../../../../x86_64-nacl/lib/../lib64/libcrt_common.a(lib_a-strncpy.o)
                                         0x30 (size before relaxing)
 .eh_frame      0x0000000010024b78       0x48 /Users/stevefar/nacl_sdk/pepper_45/toolchain/mac_x86_newlib/bin/../lib/gcc/x86_64-nacl/4.4.3/../../../../x86_64-nacl/lib/../lib64/libcrt_common.a(lib_a-strtol.o)
                                         0x60 (size before relaxing)
 .eh_frame      0x0000000010024bc0       0x30 /Users/stevefar/nacl_sdk/pepper_45/toolchain/mac_x86_newlib/bin/../lib/gcc/x86_64-nacl/4.4.3/../../../../x86_64-nacl/lib/../lib64/libcrt_common.a(lib_a-svfprintf.o)
                                         0x48 (size before relaxing)
 .eh_frame      0x0000000010024bf0       0xa0 /Users/stevefar/nacl_sdk/pepper_45/toolchain/mac_x86_newlib/bin/../lib/gcc/x86_64-nacl/4.4.3/../../../../x86_64-nacl/lib/../lib64/libcrt_common.a(lib_a-vfiprintf.o)
                                         0xb0 (size before relaxing)
 .eh_frame      0x0000000010024c90       0x50 /Users/stevefar/nacl_sdk/pepper_45/toolchain/mac_x86_newlib/bin/../lib/gcc/x86_64-nacl/4.4.3/../../../../x86_64-nacl/lib/../lib64/libcrt_common.a(lib_a-wcsnrtombs.o)
                                         0x68 (size before relaxing)
 .eh_frame      0x0000000010024ce0       0x18 /Users/stevefar/nacl_sdk/pepper_45/toolchain/mac_x86_newlib/bin/../lib/gcc/x86_64-nacl/4.4.3/../../../../x86_64-nacl/lib/../lib64/libcrt_common.a(lib_a-ctype_.o)
                                         0x30 (size before relaxing)
 .eh_frame      0x0000000010024cf8       0x50 /Users/stevefar/nacl_sdk/pepper_45/toolchain/mac_x86_newlib/bin/../lib/gcc/x86_64-nacl/4.4.3/../../../../x86_64-nacl/lib/../lib64/libcrt_common.a(lib_a-fputwc.o)
                                         0x60 (size before relaxing)
 .eh_frame      0x0000000010024d48       0x60 /Users/stevefar/nacl_sdk/pepper_45/toolchain/mac_x86_newlib/bin/../lib/gcc/x86_64-nacl/4.4.3/../../../../x86_64-nacl/lib/../lib64/libcrt_common.a(lib_a-svfiprintf.o)
                                         0x70 (size before relaxing)
 .eh_frame      0x0000000010024da8       0x40 /Users/stevefar/nacl_sdk/pepper_45/toolchain/mac_x86_newlib/bin/../lib/gcc/x86_64-nacl/4.4.3/../../../../x86_64-nacl/lib/../lib64/libcrt_common.a(lib_a-wbuf.o)
                                         0x58 (size before relaxing)
 .eh_frame      0x0000000010024de8       0x18 /Users/stevefar/nacl_sdk/pepper_45/toolchain/mac_x86_newlib/bin/../lib/gcc/x86_64-nacl/4.4.3/../../../../x86_64-nacl/lib/../lib64/libnacl.a(close_e9b92fbd.o)
                                         0x30 (size before relaxing)
 .eh_frame      0x0000000010024e00       0x20 /Users/stevefar/nacl_sdk/pepper_45/toolchain/mac_x86_newlib/bin/../lib/gcc/x86_64-nacl/4.4.3/../../../../x86_64-nacl/lib/../lib64/libnacl.a(isatty_02f56e94.o)
                                         0x38 (size before relaxing)
 .eh_frame      0x0000000010024e20       0x18 /Users/stevefar/nacl_sdk/pepper_45/toolchain/mac_x86_newlib/bin/../lib/gcc/x86_64-nacl/4.4.3/../../../../x86_64-nacl/lib/../lib64/libnacl.a(nacl_irt_fdio_b571b5e7.o)
                                         0x30 (size before relaxing)
 .eh_frame      0x0000000010024e38       0x18 /Users/stevefar/nacl_sdk/pepper_45/toolchain/mac_x86_newlib/bin/../lib/gcc/x86_64-nacl/4.4.3/../../../../x86_64-nacl/lib/../lib64/libnacl.a(fstat_0540ff63.o)
                                         0x30 (size before relaxing)
 .eh_frame      0x0000000010024e50       0x20 /Users/stevefar/nacl_sdk/pepper_45/toolchain/mac_x86_newlib/bin/../lib/gcc/x86_64-nacl/4.4.3/../../../../x86_64-nacl/lib/../lib64/libnacl.a(lseek_64d2d05c.o)
                                         0x38 (size before relaxing)
 .eh_frame      0x0000000010024e70       0x20 /Users/stevefar/nacl_sdk/pepper_45/toolchain/mac_x86_newlib/bin/../lib/gcc/x86_64-nacl/4.4.3/../../../../x86_64-nacl/lib/../lib64/libnacl.a(read_df872e10.o)
                                         0x38 (size before relaxing)
 .eh_frame      0x0000000010024e90       0x18 /Users/stevefar/nacl_sdk/pepper_45/toolchain/mac_x86_newlib/bin/../lib/gcc/x86_64-nacl/4.4.3/../../../../x86_64-nacl/lib/../lib64/libnacl.a(nanosleep_e59fdef1.o)
                                         0x30 (size before relaxing)
 .eh_frame      0x0000000010024ea8        0x4 /Users/stevefar/nacl_sdk/pepper_45/toolchain/mac_x86_newlib/bin/../lib/gcc/x86_64-nacl/4.4.3/crtend.o

.gcc_except_table
 *(.gcc_except_table .gcc_except_table.*)

.exception_ranges
 *(.exception_ranges .exception_ranges*)
                0x0000000010024eac                . = (ALIGN (0x10000) - ((0x10000 - .) & 0xffff))
                0x0000000010034eac                . = DATA_SEGMENT_ALIGN (0x10000, 0x10000)

.eh_frame
 *(.eh_frame)

.gcc_except_table
 *(.gcc_except_table .gcc_except_table.*)

.exception_ranges
 *(.exception_ranges .exception_ranges*)

.tdata          0x0000000010034eb0      0x478
 *(.tdata .tdata.* .gnu.linkonce.td.*)
 .tdata         0x0000000010034eb0      0x478 /Users/stevefar/nacl_sdk/pepper_45/toolchain/mac_x86_newlib/bin/../lib/gcc/x86_64-nacl/4.4.3/../../../../x86_64-nacl/lib/../lib64/libcrt_common.a(lib_a-impure.o)
                0x0000000010034eb0                _impure_ptr

.tbss           0x0000000010035328        0x8
 *(.tbss .tbss.* .gnu.linkonce.tb.*)
 .tbss          0x0000000010035328        0x8 /Users/stevefar/nacl_sdk/pepper_45/toolchain/mac_x86_newlib/bin/../lib/gcc/x86_64-nacl/4.4.3/../../../../x86_64-nacl/lib/../lib64/libpthread.a(nc_thread_7e478b15.o)
 *(.tcommon)

.preinit_array  0x0000000010035328        0x0
                0x0000000010035328                PROVIDE (__preinit_array_start, .)
 *(.preinit_array)
                0x0000000010035328                PROVIDE (__preinit_array_end, .)

.init_array     0x0000000010035328        0x0
                0x0000000010035328                PROVIDE (__init_array_start, .)
 *(SORT(.init_array.*) SORT(.ctors.*))
 *(.init_array EXCLUDE_FILE(*crtend?.o *crtend.o *crtbegin?.o *crtbegin.o) .ctors)
                0x0000000010035328                PROVIDE (__init_array_end, .)

.fini_array     0x0000000010035328        0x0
                0x0000000010035328                PROVIDE (__fini_array_start, .)
 *(SORT(.fini_array.*) SORT(.dtors.*))
 *(.fini_array EXCLUDE_FILE(*crtend?.o *crtend.o *crtbegin?.o *crtbegin.o) .dtors)
                0x0000000010035328                PROVIDE (__fini_array_end, .)

.ctors          0x0000000010035328        0x8
 *crtbegin.o(.ctors)
 .ctors         0x0000000010035328        0x4 /Users/stevefar/nacl_sdk/pepper_45/toolchain/mac_x86_newlib/bin/../lib/gcc/x86_64-nacl/4.4.3/crtbegin.o
 *crtbegin?.o(.ctors)
 *(EXCLUDE_FILE(*crtend?.o *crtend.o) .ctors)
 *(SORT(.ctors.*))
 *(.ctors)
 .ctors         0x000000001003532c        0x4 /Users/stevefar/nacl_sdk/pepper_45/toolchain/mac_x86_newlib/bin/../lib/gcc/x86_64-nacl/4.4.3/crtend.o

.dtors          0x0000000010035330        0x8
 *crtbegin.o(.dtors)
 .dtors         0x0000000010035330        0x4 /Users/stevefar/nacl_sdk/pepper_45/toolchain/mac_x86_newlib/bin/../lib/gcc/x86_64-nacl/4.4.3/crtbegin.o
 *crtbegin?.o(.dtors)
 *(EXCLUDE_FILE(*crtend?.o *crtend.o) .dtors)
 *(SORT(.dtors.*))
 *(.dtors)
 .dtors         0x0000000010035334        0x4 /Users/stevefar/nacl_sdk/pepper_45/toolchain/mac_x86_newlib/bin/../lib/gcc/x86_64-nacl/4.4.3/crtend.o
                0x0000000010035334                __DTOR_END__

.jcr            0x0000000010035338        0x4
 *(.jcr)
 .jcr           0x0000000010035338        0x0 /Users/stevefar/nacl_sdk/pepper_45/toolchain/mac_x86_newlib/bin/../lib/gcc/x86_64-nacl/4.4.3/crtbegin.o
 .jcr           0x0000000010035338        0x4 /Users/stevefar/nacl_sdk/pepper_45/toolchain/mac_x86_newlib/bin/../lib/gcc/x86_64-nacl/4.4.3/crtend.o

.data.rel.ro    0x000000001003533c       0x14
 *(.data.rel.ro.local* .gnu.linkonce.d.rel.ro.local.*)
 .data.rel.ro.local
                0x000000001003533c        0x8 /Users/stevefar/nacl_sdk/pepper_45/toolchain/mac_x86_newlib/bin/../lib/gcc/x86_64-nacl/4.4.3/../../../../x86_64-nacl/lib/../lib64/libppapi_stub.a(thread_creator_ccf263e1.o)
 *(.data.rel.ro .data.rel.ro.* .gnu.linkonce.d.rel.ro.*)
 .data.rel.ro   0x0000000010035344        0xc /Users/stevefar/nacl_sdk/pepper_45/toolchain/mac_x86_newlib/bin/../lib/gcc/x86_64-nacl/4.4.3/../../../../x86_64-nacl/lib/../lib64/libppapi_stub.a(ppapi_plugin_main_399d0cf7.o)

.dynamic
 *(.dynamic)

.got            0x0000000010035350        0x0
 *(.got)
 .got           0x0000000000000000        0x0 /Users/stevefar/nacl_sdk/pepper_45/toolchain/mac_x86_newlib/bin/../lib/gcc/x86_64-nacl/4.4.3/crtbegin.o
 *(.igot)
                0x0000000010035350                . = DATA_SEGMENT_RELRO_END (., (SIZEOF (.got.plt) >= 0x18)?0x18:0x0)

.got.plt        0x0000000010035350       0x18
 *(.got.plt)
 .got.plt       0x0000000010035350       0x18 /Users/stevefar/nacl_sdk/pepper_45/toolchain/mac_x86_newlib/bin/../lib/gcc/x86_64-nacl/4.4.3/crtbegin.o
                0x0000000010035350                _GLOBAL_OFFSET_TABLE_
 *(.igot.plt)
 .igot.plt      0x0000000000000000        0x0 /Users/stevefar/nacl_sdk/pepper_45/toolchain/mac_x86_newlib/bin/../lib/gcc/x86_64-nacl/4.4.3/crtbegin.o

.data           0x0000000010035380      0x708
 *(.data .data.* .gnu.linkonce.d.*)
 .data          0x0000000010035380        0x0 /Users/stevefar/nacl_sdk/pepper_45/toolchain/mac_x86_newlib/bin/../lib/gcc/x86_64-nacl/4.4.3/../../../../x86_64-nacl/lib/../lib64/crti.o
 .data          0x0000000010035380        0x4 /Users/stevefar/nacl_sdk/pepper_45/toolchain/mac_x86_newlib/bin/../lib/gcc/x86_64-nacl/4.4.3/crtbegin.o
                0x0000000010035380                __dso_handle
 *fill*         0x0000000010035384        0xc 
 .data          0x0000000010035390       0x24 newlib/Release/debugging_x86_64.o
 .data          0x00000000100353b4        0x0 /Users/stevefar/nacl_sdk/pepper_45/lib/newlib_x86_64/Release/liberror_handling.a(error_handling_x86_64.o)
 .data          0x00000000100353b4        0x0 /Users/stevefar/nacl_sdk/pepper_45/lib/newlib_x86_64/Release/liberror_handling.a(string_stream_x86_64.o)
 .data          0x00000000100353b4        0x0 /Users/stevefar/nacl_sdk/pepper_45/toolchain/mac_x86_newlib/bin/../lib/gcc/x86_64-nacl/4.4.3/../../../../x86_64-nacl/lib/../lib64/libppapi_stub.a(plugin_main_irt_21ce9d26.o)
 .data          0x00000000100353b4        0x0 /Users/stevefar/nacl_sdk/pepper_45/toolchain/mac_x86_newlib/bin/../lib/gcc/x86_64-nacl/4.4.3/../../../../x86_64-nacl/lib/../lib64/libppapi_stub.a(ppapi_plugin_main_399d0cf7.o)
 .data          0x00000000100353b4        0x0 /Users/stevefar/nacl_sdk/pepper_45/toolchain/mac_x86_newlib/bin/../lib/gcc/x86_64-nacl/4.4.3/../../../../x86_64-nacl/lib/../lib64/libppapi_stub.a(ppapi_plugin_start_8da67623.o)
 .data          0x00000000100353b4        0x0 /Users/stevefar/nacl_sdk/pepper_45/toolchain/mac_x86_newlib/bin/../lib/gcc/x86_64-nacl/4.4.3/../../../../x86_64-nacl/lib/../lib64/libppapi_stub.a(thread_creator_ccf263e1.o)
 .data          0x00000000100353b4        0x4 /Users/stevefar/nacl_sdk/pepper_45/toolchain/mac_x86_newlib/bin/../lib/gcc/x86_64-nacl/4.4.3/../../../../x86_64-nacl/lib/../lib64/libpthread.a(nc_thread_7e478b15.o)
                0x00000000100353b4                __nc_running_threads_counter
 .data          0x00000000100353b8        0x0 /Users/stevefar/nacl_sdk/pepper_45/toolchain/mac_x86_newlib/bin/../lib/gcc/x86_64-nacl/4.4.3/../../../../x86_64-nacl/lib/../lib64/libpthread.a(nc_condvar_305aa45a.o)
 .data          0x00000000100353b8        0x4 /Users/stevefar/nacl_sdk/pepper_45/toolchain/mac_x86_newlib/bin/../lib/gcc/x86_64-nacl/4.4.3/../../../../x86_64-nacl/lib/../lib64/libpthread.a(dynamic_annotations_33ba59cc.o)
 .data          0x00000000100353bc        0x0 /Users/stevefar/nacl_sdk/pepper_45/toolchain/mac_x86_newlib/bin/../lib/gcc/x86_64-nacl/4.4.3/../../../../x86_64-nacl/lib/../lib64/libpthread.a(nc_mutex_86341ae1.o)
 .data          0x00000000100353bc        0x0 /Users/stevefar/nacl_sdk/pepper_45/toolchain/mac_x86_newlib/bin/../lib/gcc/x86_64-nacl/4.4.3/../../../../x86_64-nacl/lib/../lib64/libpthread.a(nc_init_irt_d3daafc0.o)
 .data          0x00000000100353bc        0x0 /Users/stevefar/nacl_sdk/pepper_45/toolchain/mac_x86_newlib/bin/../lib/gcc/x86_64-nacl/4.4.3/../../../../x86_64-nacl/lib/../lib64/libnacl.a(_exit_710c7d0d.o)
 .data          0x00000000100353bc        0x4 /Users/stevefar/nacl_sdk/pepper_45/toolchain/mac_x86_newlib/bin/../lib/gcc/x86_64-nacl/4.4.3/../../../../x86_64-nacl/lib/../lib64/libnacl.a(environ_25cd24d8.o)
                0x00000000100353bc                environ
 .data          0x00000000100353c0        0x0 /Users/stevefar/nacl_sdk/pepper_45/toolchain/mac_x86_newlib/bin/../lib/gcc/x86_64-nacl/4.4.3/../../../../x86_64-nacl/lib/../lib64/libnacl.a(malloc_222c4a1e.o)
 .data          0x00000000100353c0       0x20 /Users/stevefar/nacl_sdk/pepper_45/toolchain/mac_x86_newlib/bin/../lib/gcc/x86_64-nacl/4.4.3/../../../../x86_64-nacl/lib/../lib64/libnacl.a(nacl_irt_6de1d53f.o)
                0x00000000100353c0                __libnacl_irt_fdio
 .data          0x00000000100353e0        0x0 /Users/stevefar/nacl_sdk/pepper_45/toolchain/mac_x86_newlib/bin/../lib/gcc/x86_64-nacl/4.4.3/../../../../x86_64-nacl/lib/../lib64/libnacl.a(pthread_initialize_minimal_4b6e776b.o)
 .data          0x00000000100353e0        0x0 /Users/stevefar/nacl_sdk/pepper_45/toolchain/mac_x86_newlib/bin/../lib/gcc/x86_64-nacl/4.4.3/../../../../x86_64-nacl/lib/../lib64/libnacl.a(nacl_read_tp_5748ac47.o)
 .data          0x00000000100353e0        0x0 /Users/stevefar/nacl_sdk/pepper_45/toolchain/mac_x86_newlib/bin/../lib/gcc/x86_64-nacl/4.4.3/../../../../x86_64-nacl/lib/../lib64/libnacl.a(nacl_add_tp_7312c7c4.o)
 .data          0x00000000100353e0        0x0 /Users/stevefar/nacl_sdk/pepper_45/toolchain/mac_x86_newlib/bin/../lib/gcc/x86_64-nacl/4.4.3/../../../../x86_64-nacl/lib/../lib64/libnacl.a(nacl_interface_query_ef8a99f1.o)
 .data          0x00000000100353e0        0x0 /Users/stevefar/nacl_sdk/pepper_45/toolchain/mac_x86_newlib/bin/../lib/gcc/x86_64-nacl/4.4.3/../../../../x86_64-nacl/lib/../lib64/libnacl.a(mmap_767fb080.o)
 .data          0x00000000100353e0        0x0 /Users/stevefar/nacl_sdk/pepper_45/toolchain/mac_x86_newlib/bin/../lib/gcc/x86_64-nacl/4.4.3/../../../../x86_64-nacl/lib/../lib64/libnacl.a(sched_yield_56c375be.o)
 .data          0x00000000100353e0        0x0 /Users/stevefar/nacl_sdk/pepper_45/toolchain/mac_x86_newlib/bin/../lib/gcc/x86_64-nacl/4.4.3/../../../../x86_64-nacl/lib/../lib64/libnacl.a(start_fa9ef7de.o)
 .data          0x00000000100353e0        0x0 /Users/stevefar/nacl_sdk/pepper_45/toolchain/mac_x86_newlib/bin/../lib/gcc/x86_64-nacl/4.4.3/../../../../x86_64-nacl/lib/../lib64/libnacl.a(munmap_d4f09867.o)
 .data          0x00000000100353e0        0x0 /Users/stevefar/nacl_sdk/pepper_45/toolchain/mac_x86_newlib/bin/../lib/gcc/x86_64-nacl/4.4.3/../../../../x86_64-nacl/lib/../lib64/libnacl.a(tls_bba1975b.o)
 .data          0x00000000100353e0        0x0 /Users/stevefar/nacl_sdk/pepper_45/toolchain/mac_x86_newlib/bin/../lib/gcc/x86_64-nacl/4.4.3/../../../../x86_64-nacl/lib/../lib64/libnacl.a(write_fb49787f.o)
 .data          0x00000000100353e0        0x0 /Users/stevefar/nacl_sdk/pepper_45/toolchain/mac_x86_newlib/bin/../lib/gcc/x86_64-nacl/4.4.3/../../../../x86_64-nacl/lib/../lib64/libnacl.a(abort_9f6b5845.o)
 .data          0x00000000100353e0        0x0 /Users/stevefar/nacl_sdk/pepper_45/toolchain/mac_x86_newlib/bin/../lib/gcc/x86_64-nacl/4.4.3/../../../../x86_64-nacl/lib/../lib64/libnacl.a(nacl_tls_get_d2f842b5.o)
 .data          0x00000000100353e0        0x0 /Users/stevefar/nacl_sdk/pepper_45/toolchain/mac_x86_newlib/bin/../lib/gcc/x86_64-nacl/4.4.3/../../../../x86_64-nacl/lib/../lib64/libnacl.a(nacl_irt_init_7b4f826e.o)
 .data          0x00000000100353e0        0x0 /Users/stevefar/nacl_sdk/pepper_45/toolchain/mac_x86_newlib/bin/../lib/gcc/x86_64-nacl/4.4.3/../../../../x86_64-nacl/lib/../lib64/libnacl.a(sysconf_ad295ea2.o)
 .data          0x00000000100353e0        0x0 /Users/stevefar/nacl_sdk/pepper_45/toolchain/mac_x86_newlib/bin/../lib/gcc/x86_64-nacl/4.4.3/../../../../x86_64-nacl/lib/../lib64/libnacl.a(nacl_tls_init_eb0cd232.o)
 .data          0x00000000100353e0        0x0 /Users/stevefar/nacl_sdk/pepper_45/toolchain/mac_x86_newlib/bin/../lib/gcc/x86_64-nacl/4.4.3/../../../../x86_64-nacl/lib/../lib64/libcrt_common.a(lib_a-atexit.o)
 .data          0x00000000100353e0        0x0 /Users/stevefar/nacl_sdk/pepper_45/toolchain/mac_x86_newlib/bin/../lib/gcc/x86_64-nacl/4.4.3/../../../../x86_64-nacl/lib/../lib64/libcrt_common.a(lib_a-errno.o)
 .data          0x00000000100353e0        0x0 /Users/stevefar/nacl_sdk/pepper_45/toolchain/mac_x86_newlib/bin/../lib/gcc/x86_64-nacl/4.4.3/../../../../x86_64-nacl/lib/../lib64/libcrt_common.a(lib_a-exit.o)
 .data          0x00000000100353e0        0x0 /Users/stevefar/nacl_sdk/pepper_45/toolchain/mac_x86_newlib/bin/../lib/gcc/x86_64-nacl/4.4.3/../../../../x86_64-nacl/lib/../lib64/libcrt_common.a(lib_a-fflush.o)