Archive member included because of file (symbol)

/Users/stevefar/nacl_sdk/pepper_45/lib/newlib_x86_32/Release/liberror_handling.a(error_handling_x86_32.o)
                              newlib/Release/debugging_x86_32.o (EHHanderInstalled)
/Users/stevefar/nacl_sdk/pepper_45/lib/newlib_x86_32/Release/liberror_handling.a(string_stream_x86_32.o)
                              /Users/stevefar/nacl_sdk/pepper_45/lib/newlib_x86_32/Release/liberror_handling.a(error_handling_x86_32.o) (ssinit)
/Users/stevefar/nacl_sdk/pepper_45/toolchain/mac_x86_newlib/bin/../lib/gcc/x86_64-nacl/4.4.3/../../../../x86_64-nacl/lib/../lib32/libppapi_stub.a(plugin_main_irt_21ce9d26.o)
                              (main)
/Users/stevefar/nacl_sdk/pepper_45/toolchain/mac_x86_newlib/bin/../lib/gcc/x86_64-nacl/4.4.3/../../../../x86_64-nacl/lib/../lib32/libppapi_stub.a(ppapi_plugin_main_399d0cf7.o)
                              /Users/stevefar/nacl_sdk/pepper_45/toolchain/mac_x86_newlib/bin/../lib/gcc/x86_64-nacl/4.4.3/../../../../x86_64-nacl/lib/../lib32/libppapi_stub.a(plugin_main_irt_21ce9d26.o) (PpapiPluginMain)
/Users/stevefar/nacl_sdk/pepper_45/toolchain/mac_x86_newlib/bin/../lib/gcc/x86_64-nacl/4.4.3/../../../../x86_64-nacl/lib/../lib32/libppapi_stub.a(ppapi_plugin_start_8da67623.o)
                              /Users/stevefar/nacl_sdk/pepper_45/toolchain/mac_x86_newlib/bin/../lib/gcc/x86_64-nacl/4.4.3/../../../../x86_64-nacl/lib/../lib32/libppapi_stub.a(ppapi_plugin_main_399d0cf7.o) (PpapiPluginStart)
/Users/stevefar/nacl_sdk/pepper_45/toolchain/mac_x86_newlib/bin/../lib/gcc/x86_64-nacl/4.4.3/../../../../x86_64-nacl/lib/../lib32/libppapi_stub.a(thread_creator_ccf263e1.o)
                              /Users/stevefar/nacl_sdk/pepper_45/toolchain/mac_x86_newlib/bin/../lib/gcc/x86_64-nacl/4.4.3/../../../../x86_64-nacl/lib/../lib32/libppapi_stub.a(ppapi_plugin_start_8da67623.o) (__nacl_register_thread_creator)
/Users/stevefar/nacl_sdk/pepper_45/toolchain/mac_x86_newlib/bin/../lib/gcc/x86_64-nacl/4.4.3/../../../../x86_64-nacl/lib/../lib32/libpthread.a(nc_thread_7e478b15.o)
                              /Users/stevefar/nacl_sdk/pepper_45/lib/newlib_x86_32/Release/liberror_handling.a(error_handling_x86_32.o) (pthread_setspecific)
/Users/stevefar/nacl_sdk/pepper_45/toolchain/mac_x86_newlib/bin/../lib/gcc/x86_64-nacl/4.4.3/../../../../x86_64-nacl/lib/../lib32/libpthread.a(nc_condvar_305aa45a.o)
                              /Users/stevefar/nacl_sdk/pepper_45/toolchain/mac_x86_newlib/bin/../lib/gcc/x86_64-nacl/4.4.3/../../../../x86_64-nacl/lib/../lib32/libpthread.a(nc_thread_7e478b15.o) (pthread_cond_init)
/Users/stevefar/nacl_sdk/pepper_45/toolchain/mac_x86_newlib/bin/../lib/gcc/x86_64-nacl/4.4.3/../../../../x86_64-nacl/lib/../lib32/libpthread.a(dynamic_annotations_33ba59cc.o)
                              /Users/stevefar/nacl_sdk/pepper_45/toolchain/mac_x86_newlib/bin/../lib/gcc/x86_64-nacl/4.4.3/../../../../x86_64-nacl/lib/../lib32/libpthread.a(nc_thread_7e478b15.o) (NACL_AnnotateCondVarWait)
/Users/stevefar/nacl_sdk/pepper_45/toolchain/mac_x86_newlib/bin/../lib/gcc/x86_64-nacl/4.4.3/../../../../x86_64-nacl/lib/../lib32/libpthread.a(nc_mutex_86341ae1.o)
                              /Users/stevefar/nacl_sdk/pepper_45/toolchain/mac_x86_newlib/bin/../lib/gcc/x86_64-nacl/4.4.3/../../../../x86_64-nacl/lib/../lib32/libpthread.a(nc_thread_7e478b15.o) (pthread_mutex_init)
/Users/stevefar/nacl_sdk/pepper_45/toolchain/mac_x86_newlib/bin/../lib/gcc/x86_64-nacl/4.4.3/../../../../x86_64-nacl/lib/../lib32/libpthread.a(nc_init_irt_d3daafc0.o)
                              /Users/stevefar/nacl_sdk/pepper_45/toolchain/mac_x86_newlib/bin/../lib/gcc/x86_64-nacl/4.4.3/../../../../x86_64-nacl/lib/../lib32/libpthread.a(nc_thread_7e478b15.o) (__nc_initialize_interfaces)
/Users/stevefar/nacl_sdk/pepper_45/toolchain/mac_x86_newlib/bin/../lib/gcc/x86_64-nacl/4.4.3/../../../../x86_64-nacl/lib/../lib32/libnacl.a(_exit_710c7d0d.o)
                              (_exit)
/Users/stevefar/nacl_sdk/pepper_45/toolchain/mac_x86_newlib/bin/../lib/gcc/x86_64-nacl/4.4.3/../../../../x86_64-nacl/lib/../lib32/libnacl.a(environ_25cd24d8.o)
                              /Users/stevefar/nacl_sdk/pepper_45/toolchain/mac_x86_newlib/bin/../lib/gcc/x86_64-nacl/4.4.3/../../../../x86_64-nacl/lib/../lib32/libppapi_stub.a(ppapi_plugin_start_8da67623.o) (environ)
/Users/stevefar/nacl_sdk/pepper_45/toolchain/mac_x86_newlib/bin/../lib/gcc/x86_64-nacl/4.4.3/../../../../x86_64-nacl/lib/../lib32/libnacl.a(malloc_222c4a1e.o)
                              newlib/Release/debugging_x86_32.o (free)
/Users/stevefar/nacl_sdk/pepper_45/toolchain/mac_x86_newlib/bin/../lib/gcc/x86_64-nacl/4.4.3/../../../../x86_64-nacl/lib/../lib32/libnacl.a(nacl_irt_6de1d53f.o)
                              /Users/stevefar/nacl_sdk/pepper_45/toolchain/mac_x86_newlib/bin/../lib/gcc/x86_64-nacl/4.4.3/../../../../x86_64-nacl/lib/../lib32/libpthread.a(nc_init_irt_d3daafc0.o) (__libnacl_mandatory_irt_query)
[...]
Memory Configuration

Name             Origin             Length             Attributes
*default*        0x0000000000000000 0xffffffffffffffff

Linker script and memory map

LOAD /Users/stevefar/nacl_sdk/pepper_45/toolchain/mac_x86_newlib/bin/../lib/gcc/x86_64-nacl/4.4.3/../../../../x86_64-nacl/lib/../lib32/crt1.o
LOAD /Users/stevefar/nacl_sdk/pepper_45/toolchain/mac_x86_newlib/bin/../lib/gcc/x86_64-nacl/4.4.3/../../../../x86_64-nacl/lib/../lib32/crti.o
LOAD /Users/stevefar/nacl_sdk/pepper_45/toolchain/mac_x86_newlib/bin/../lib/gcc/x86_64-nacl/4.4.3/32/crtbegin.o
LOAD newlib/Release/debugging_x86_32.o
LOAD /Users/stevefar/nacl_sdk/pepper_45/lib/newlib_x86_32/Release/liberror_handling.a
LOAD /Users/stevefar/nacl_sdk/pepper_45/toolchain/mac_x86_newlib/bin/../lib/gcc/x86_64-nacl/4.4.3/../../../../x86_64-nacl/lib/../lib32/libppapi.a
LOAD /Users/stevefar/nacl_sdk/pepper_45/toolchain/mac_x86_newlib/bin/../lib/gcc/x86_64-nacl/4.4.3/../../../../x86_64-nacl/lib/../lib32/libppapi_stub.a
LOAD /Users/stevefar/nacl_sdk/pepper_45/toolchain/mac_x86_newlib/bin/../lib/gcc/x86_64-nacl/4.4.3/../../../../x86_64-nacl/lib/../lib32/libpthread.a
LOAD /Users/stevefar/nacl_sdk/pepper_45/toolchain/mac_x86_newlib/bin/../lib/gcc/x86_64-nacl/4.4.3/../../../../x86_64-nacl/lib/../lib32/libstdc++.a
LOAD /Users/stevefar/nacl_sdk/pepper_45/toolchain/mac_x86_newlib/bin/../lib/gcc/x86_64-nacl/4.4.3/../../../../x86_64-nacl/lib/../lib32/libm.a
LOAD /Users/stevefar/nacl_sdk/pepper_45/toolchain/mac_x86_newlib/bin/../lib/gcc/x86_64-nacl/4.4.3/32/libgcc.a
LOAD /Users/stevefar/nacl_sdk/pepper_45/toolchain/mac_x86_newlib/bin/../lib/gcc/x86_64-nacl/4.4.3/../../../../x86_64-nacl/lib/../lib32/libpthread.a
LOAD /Users/stevefar/nacl_sdk/pepper_45/toolchain/mac_x86_newlib/bin/../lib/gcc/x86_64-nacl/4.4.3/../../../../x86_64-nacl/lib/../lib32/libc.a
START GROUP
LOAD /Users/stevefar/nacl_sdk/pepper_45/toolchain/mac_x86_newlib/bin/../lib/gcc/x86_64-nacl/4.4.3/../../../../x86_64-nacl/lib/../lib32/libnacl.a
LOAD /Users/stevefar/nacl_sdk/pepper_45/toolchain/mac_x86_newlib/bin/../lib/gcc/x86_64-nacl/4.4.3/../../../../x86_64-nacl/lib/../lib32/libcrt_common.a
END GROUP
LOAD /Users/stevefar/nacl_sdk/pepper_45/toolchain/mac_x86_newlib/bin/../lib/gcc/x86_64-nacl/4.4.3/32/libgcc.a
LOAD /Users/stevefar/nacl_sdk/pepper_45/toolchain/mac_x86_newlib/bin/../lib/gcc/x86_64-nacl/4.4.3/32/crtend.o
LOAD /Users/stevefar/nacl_sdk/pepper_45/toolchain/mac_x86_newlib/bin/../lib/gcc/x86_64-nacl/4.4.3/../../../../x86_64-nacl/lib/../lib32/crtn.o
                0x0000000000020000                PROVIDE (__executable_start, 0x20000)
                0x0000000000020000                . = 0x20000

.init           0x0000000000020000       0x80
 *(SORT(.init))
 .init          0x0000000000020000       0x20 /Users/stevefar/nacl_sdk/pepper_45/toolchain/mac_x86_newlib/bin/../lib/gcc/x86_64-nacl/4.4.3/../../../../x86_64-nacl/lib/../lib32/crti.o
                0x0000000000020000                _init
 .init          0x0000000000020020       0x20 /Users/stevefar/nacl_sdk/pepper_45/toolchain/mac_x86_newlib/bin/../lib/gcc/x86_64-nacl/4.4.3/32/crtbegin.o
 .init          0x0000000000020040       0x20 /Users/stevefar/nacl_sdk/pepper_45/toolchain/mac_x86_newlib/bin/../lib/gcc/x86_64-nacl/4.4.3/32/crtend.o
 .init          0x0000000000020060       0x20 /Users/stevefar/nacl_sdk/pepper_45/toolchain/mac_x86_newlib/bin/../lib/gcc/x86_64-nacl/4.4.3/../../../../x86_64-nacl/lib/../lib32/crtn.o

.plt            0x0000000000020080        0x0
 *(.plt)
 *(.iplt)
 .iplt          0x0000000000000000        0x0 /Users/stevefar/nacl_sdk/pepper_45/toolchain/mac_x86_newlib/bin/../lib/gcc/x86_64-nacl/4.4.3/32/crtbegin.o

.text           0x0000000000020080    0x25d00
 *(.text.unlikely .text.*_unlikely .text.unlikely.*)
 *(.text.exit .text.exit.*)
 *(.text.startup .text.startup.*)
 *(.text.hot .text.hot.*)
 *(.text .stub .text.* .gnu.linkonce.t.*)
 .text          0x0000000000020080        0x0 /Users/stevefar/nacl_sdk/pepper_45/toolchain/mac_x86_newlib/bin/../lib/gcc/x86_64-nacl/4.4.3/../../../../x86_64-nacl/lib/../lib32/crti.o
 .text          0x0000000000020080      0x160 /Users/stevefar/nacl_sdk/pepper_45/toolchain/mac_x86_newlib/bin/../lib/gcc/x86_64-nacl/4.4.3/32/crtbegin.o
 .text          0x00000000000201e0      0x760 newlib/Release/debugging_x86_32.o
                0x00000000000201e0                layer5
                0x0000000000020220                layer4
                0x0000000000020260                layer3
                0x00000000000202a0                layer2
                0x0000000000020360                PPP_InitializeModule
                0x00000000000203e0                PPP_ShutdownModule
                0x0000000000020400                PPP_GetInterface
                0x0000000000020480                PostMessage
                0x00000000000207c0                DumpJson
                0x0000000000020880                layer1
                0x00000000000208e0                NexeMain
 .text          0x0000000000020940      0x9a0 /Users/stevefar/nacl_sdk/pepper_45/lib/newlib_x86_32/Release/liberror_handling.a(error_handling_x86_32.o)
                0x0000000000020940                EHGetTopFrame
                0x0000000000020980                EHUnwindFrame
                0x0000000000020a00                EHHanderInstalled
                0x0000000000020a20                EHRequestExceptionStackOnThread
                0x0000000000020c20                EHRequestExceptionsRaw
                0x0000000000020e60                EHRequestExceptionsJson
                0x0000000000020f00                EHDefaultJsonHandler
 .text          0x00000000000212e0      0x180 /Users/stevefar/nacl_sdk/pepper_45/lib/newlib_x86_32/Release/liberror_handling.a(string_stream_x86_32.o)
                0x00000000000212e0                ssinit
                0x0000000000021300                ssfree
                0x0000000000021340                ssvprintf
                0x0000000000021420                ssprintf
 .text          0x0000000000021460       0x60 /Users/stevefar/nacl_sdk/pepper_45/toolchain/mac_x86_newlib/bin/../lib/gcc/x86_64-nacl/4.4.3/../../../../x86_64-nacl/lib/../lib32/libppapi_stub.a(plugin_main_irt_21ce9d26.o)
                0x0000000000021460                main
 .text.__i686.get_pc_thunk.bx
                0x00000000000214c0       0x20 /Users/stevefar/nacl_sdk/pepper_45/toolchain/mac_x86_newlib/bin/../lib/gcc/x86_64-nacl/4.4.3/../../../../x86_64-nacl/lib/../lib32/libppapi_stub.a(plugin_main_irt_21ce9d26.o)
                0x00000000000214c0                __i686.get_pc_thunk.bx
 .text          0x00000000000214e0       0x60 /Users/stevefar/nacl_sdk/pepper_45/toolchain/mac_x86_newlib/bin/../lib/gcc/x86_64-nacl/4.4.3/../../../../x86_64-nacl/lib/../lib32/libppapi_stub.a(ppapi_plugin_main_399d0cf7.o)
                0x00000000000214e0                PpapiPluginMain
 .text          0x0000000000021540      0x220 /Users/stevefar/nacl_sdk/pepper_45/toolchain/mac_x86_newlib/bin/../lib/gcc/x86_64-nacl/4.4.3/../../../../x86_64-nacl/lib/../lib32/libppapi_stub.a(ppapi_plugin_start_8da67623.o)
                0x00000000000215c0                PpapiPluginStart
 .text          0x0000000000021760      0x140 /Users/stevefar/nacl_sdk/pepper_45/toolchain/mac_x86_newlib/bin/../lib/gcc/x86_64-nacl/4.4.3/../../../../x86_64-nacl/lib/../lib32/libppapi_stub.a(thread_creator_ccf263e1.o)
                0x0000000000021760                __nacl_register_thread_creator
 .text          0x00000000000218a0     0x1c00 /Users/stevefar/nacl_sdk/pepper_45/toolchain/mac_x86_newlib/bin/../lib/gcc/x86_64-nacl/4.4.3/../../../../x86_64-nacl/lib/../lib32/libpthread.a(nc_thread_7e478b15.o)
                0x00000000000218a0                pthread_kill
                0x00000000000218c0                pthread_equal
                0x00000000000218e0                pthread_attr_init
                0x0000000000021920                pthread_attr_destroy
                0x0000000000021940                pthread_attr_setdetachstate
                0x0000000000021980                pthread_attr_getdetachstate
                0x00000000000219c0                pthread_attr_setscope
                0x0000000000021a00                pthread_attr_getscope
                0x0000000000021a20                pthread_attr_setstacksize
                0x0000000000021aa0                pthread_attr_getstacksize
                0x0000000000021ae0                pthread_getspecific
                0x0000000000021b60                __nc_tsd_exit
                0x0000000000021d00                pthread_cleanup_pop
                0x0000000000021da0                pthread_setspecific
                0x0000000000021ea0                pthread_key_delete
                0x0000000000021f40                pthread_key_create
                0x0000000000021fe0                __local_lock_release
                0x0000000000022020                __local_lock_release_recursive
                0x0000000000022040                __local_lock_try_acquire
                0x00000000000220a0                __local_lock_try_acquire_recursive
                0x00000000000220c0                __local_lock_acquire
                0x0000000000022100                __local_lock_acquire_recursive
                0x0000000000022120                __local_lock_close
                0x0000000000022160                __local_lock_close_recursive
                0x0000000000022180                __local_lock_init_recursive
                0x0000000000022200                __local_lock_init
                0x0000000000022280                pthread_self
                0x00000000000222c0                pthread_setschedprio
                0x0000000000022380                pthread_detach
                0x0000000000022460                pthread_join
                0x0000000000022620                pthread_exit
                0x0000000000022a60                pthread_cleanup_push
                0x0000000000022d80                pthread_create
                0x00000000000231c0                __nc_initialize_unjoinable_thread
                0x0000000000023300                __nc_initialize_globals
                0x0000000000023420                __pthread_initialize
 .text          0x00000000000234a0      0x2a0 /Users/stevefar/nacl_sdk/pepper_45/toolchain/mac_x86_newlib/bin/../lib/gcc/x86_64-nacl/4.4.3/../../../../x86_64-nacl/lib/../lib32/libpthread.a(nc_condvar_305aa45a.o)
                0x00000000000234a0                pthread_cond_init
                0x00000000000234c0                pthread_cond_destroy
                0x00000000000234e0                pthread_condattr_init
                0x0000000000023500                pthread_condattr_destroy
                0x0000000000023520                pthread_condattr_getpshared
                0x0000000000023540                pthread_condattr_setpshared
                0x0000000000023560                pthread_condattr_getclock
                0x0000000000023580                pthread_condattr_setclock
                0x00000000000235a0                pthread_cond_timedwait_abs
                0x0000000000023680                pthread_cond_wait
                0x0000000000023700                pthread_cond_broadcast
                0x0000000000023720                pthread_cond_signal
 .text          0x0000000000023740      0x540 /Users/stevefar/nacl_sdk/pepper_45/toolchain/mac_x86_newlib/bin/../lib/gcc/x86_64-nacl/4.4.3/../../../../x86_64-nacl/lib/../lib32/libpthread.a(dynamic_annotations_33ba59cc.o)
                0x0000000000023740                NACL_AnnotateRWLockCreate
                0x0000000000023760                NACL_AnnotateRWLockDestroy
                0x0000000000023780                NACL_AnnotateRWLockAcquired
                0x00000000000237a0                NACL_AnnotateRWLockReleased
                0x00000000000237c0                NACL_AnnotateBarrierInit
                0x00000000000237e0                NACL_AnnotateBarrierWaitBefore
                0x0000000000023800                NACL_AnnotateBarrierWaitAfter
                0x0000000000023820                NACL_AnnotateBarrierDestroy
                0x0000000000023840                NACL_AnnotateCondVarWait
                0x0000000000023860                NACL_AnnotateCondVarSignal
                0x0000000000023880                NACL_AnnotateCondVarSignalAll
                0x00000000000238a0                NACL_AnnotateHappensBefore
                0x00000000000238c0                NACL_AnnotateHappensAfter
                0x00000000000238e0                NACL_AnnotatePublishMemoryRange
                0x0000000000023900                NACL_AnnotateUnpublishMemoryRange
                0x0000000000023920                NACL_AnnotatePCQCreate
                0x0000000000023940                NACL_AnnotatePCQDestroy
                0x0000000000023960                NACL_AnnotatePCQPut
                0x0000000000023980                NACL_AnnotatePCQGet
                0x00000000000239a0                NACL_AnnotateNewMemory
                0x00000000000239c0                NACL_AnnotateExpectRace
                0x00000000000239e0                NACL_AnnotateFlushExpectedRaces
                0x0000000000023a00                NACL_AnnotateBenignRace
                0x0000000000023a20                NACL_AnnotateBenignRaceSized
                0x0000000000023a40                NACL_AnnotateMutexIsUsedAsCondVar
                0x0000000000023a60                NACL_AnnotateMutexIsNotPHB
                0x0000000000023a80                NACL_AnnotateTraceMemory
                0x0000000000023aa0                NACL_AnnotateThreadName
                0x0000000000023ac0                NACL_AnnotateIgnoreReadsBegin
                0x0000000000023ae0                NACL_AnnotateIgnoreReadsEnd
                0x0000000000023b00                NACL_AnnotateIgnoreWritesBegin
                0x0000000000023b20                NACL_AnnotateIgnoreWritesEnd
                0x0000000000023b40                NACL_AnnotateIgnoreSyncBegin
                0x0000000000023b60                NACL_AnnotateIgnoreSyncEnd
                0x0000000000023b80                NACL_AnnotateEnableRaceDetection
                0x0000000000023ba0                NACL_AnnotateNoOp
                0x0000000000023bc0                NACL_AnnotateFlushState
                0x0000000000023be0                RunningOnValgrind
 .text          0x0000000000023c80      0x6e0 /Users/stevefar/nacl_sdk/pepper_45/toolchain/mac_x86_newlib/bin/../lib/gcc/x86_64-nacl/4.4.3/../../../../x86_64-nacl/lib/../lib32/libpthread.a(nc_mutex_86341ae1.o)
                0x0000000000023c80                pthread_mutex_init
                0x0000000000023ce0                pthread_mutex_destroy
                0x0000000000023d40                pthread_mutexattr_init
                0x0000000000023d60                pthread_mutexattr_destroy
                0x0000000000023d80                pthread_mutexattr_settype
                0x0000000000023dc0                pthread_mutexattr_gettype
                0x0000000000023de0                pthread_mutexattr_setpshared
                0x0000000000023e00                pthread_mutexattr_getpshared
                0x0000000000023e20                pthread_mutex_unlock
                0x0000000000024200                pthread_mutex_timedlock
                0x0000000000024220                pthread_mutex_lock
                0x0000000000024240                pthread_once
                0x0000000000024340                pthread_mutex_trylock
 .text          0x0000000000024360       0x60 /Users/stevefar/nacl_sdk/pepper_45/toolchain/mac_x86_newlib/bin/../lib/gcc/x86_64-nacl/4.4.3/../../../../x86_64-nacl/lib/../lib32/libpthread.a(nc_init_irt_d3daafc0.o)
                0x0000000000024360                __nc_initialize_interfaces
 .text          0x00000000000243c0       0x40 /Users/stevefar/nacl_sdk/pepper_45/toolchain/mac_x86_newlib/bin/../lib/gcc/x86_64-nacl/4.4.3/../../../../x86_64-nacl/lib/../lib32/libnacl.a(_exit_710c7d0d.o)
                0x00000000000243c0                _exit
 .text          0x0000000000024400        0x0 /Users/stevefar/nacl_sdk/pepper_45/toolchain/mac_x86_newlib/bin/../lib/gcc/x86_64-nacl/4.4.3/../../../../x86_64-nacl/lib/../lib32/libnacl.a(environ_25cd24d8.o)
 .text          0x0000000000024400     0x6460 /Users/stevefar/nacl_sdk/pepper_45/toolchain/mac_x86_newlib/bin/../lib/gcc/x86_64-nacl/4.4.3/../../../../x86_64-nacl/lib/../lib32/libnacl.a(malloc_222c4a1e.o)
                0x0000000000024400                malloc_footprint
                0x0000000000024420                malloc_max_footprint
                0x0000000000024440                malloc_footprint_limit
                0x0000000000024460                malloc_set_footprint_limit
                0x00000000000244a0                malloc_usable_size
                0x00000000000246e0                mallopt
                0x0000000000025c20                bulk_free
                0x0000000000025e20                malloc_trim
                0x0000000000025f40                free
                0x0000000000026b20                _free_r
                0x0000000000026b40                mallinfo
                0x0000000000026ee0                malloc_stats
                0x0000000000027200                malloc
                0x00000000000292a0                _malloc_r
                0x00000000000292c0                calloc
                0x0000000000029380                _calloc_r
                0x00000000000299a0                realloc
                0x0000000000029c20                _realloc_r
                0x0000000000029c40                realloc_in_place
                0x000000000002a120                memalign
                0x000000000002a160                pvalloc
                0x000000000002a1c0                valloc
                0x000000000002a220                posix_memalign
                0x000000000002a7e0                independent_calloc
                0x000000000002a840                independent_comalloc
 .text          0x000000000002a860      0x340 /Users/stevefar/nacl_sdk/pepper_45/toolchain/mac_x86_newlib/bin/../lib/gcc/x86_64-nacl/4.4.3/../../../../x86_64-nacl/lib/../lib32/libnacl.a(nacl_irt_6de1d53f.o)
                0x000000000002a960                __libnacl_irt_init_fn
                0x000000000002aaa0                __libnacl_irt_query
                0x000000000002ab40                __libnacl_mandatory_irt_query
 .text          0x000000000002aba0      0x100 /Users/stevefar/nacl_sdk/pepper_45/toolchain/mac_x86_newlib/bin/../lib/gcc/x86_64-nacl/4.4.3/../../../../x86_64-nacl/lib/../lib32/libnacl.a(pthread_initialize_minimal_4b6e776b.o)
                0x000000000002aba0                __pthread_initialize_minimal
 .text          0x000000000002aca0       0x20 /Users/stevefar/nacl_sdk/pepper_45/toolchain/mac_x86_newlib/bin/../lib/gcc/x86_64-nacl/4.4.3/../../../../x86_64-nacl/lib/../lib32/libnacl.a(nacl_read_tp_5748ac47.o)
                0x000000000002aca0                __nacl_read_tp
 .text          0x000000000002acc0       0x60 /Users/stevefar/nacl_sdk/pepper_45/toolchain/mac_x86_newlib/bin/../lib/gcc/x86_64-nacl/4.4.3/../../../../x86_64-nacl/lib/../lib32/libnacl.a(nacl_interface_query_ef8a99f1.o)
                0x000000000002acc0                nacl_interface_query
 .text          0x000000000002ad20       0xc0 /Users/stevefar/nacl_sdk/pepper_45/toolchain/mac_x86_newlib/bin/../lib/gcc/x86_64-nacl/4.4.3/../../../../x86_64-nacl/lib/../lib32/libnacl.a(mmap_767fb080.o)
                0x000000000002ad20                mmap
 .text          0x000000000002ade0       0xa0 /Users/stevefar/nacl_sdk/pepper_45/toolchain/mac_x86_newlib/bin/../lib/gcc/x86_64-nacl/4.4.3/../../../../x86_64-nacl/lib/../lib32/libnacl.a(sched_yield_56c375be.o)
                0x000000000002ade0                sched_yield
 .text          0x000000000002ae80      0x120 /Users/stevefar/nacl_sdk/pepper_45/toolchain/mac_x86_newlib/bin/../lib/gcc/x86_64-nacl/4.4.3/../../../../x86_64-nacl/lib/../lib32/libnacl.a(start_fa9ef7de.o)
                0x000000000002ae80                _start
 .text          0x000000000002afa0       0xa0 /Users/stevefar/nacl_sdk/pepper_45/toolchain/mac_x86_newlib/bin/../lib/gcc/x86_64-nacl/4.4.3/../../../../x86_64-nacl/lib/../lib32/libnacl.a(munmap_d4f09867.o)
                0x000000000002afa0                munmap
 .text          0x000000000002b040      0x2e0 /Users/stevefar/nacl_sdk/pepper_45/toolchain/mac_x86_newlib/bin/../lib/gcc/x86_64-nacl/4.4.3/../../../../x86_64-nacl/lib/../lib32/libnacl.a(tls_bba1975b.o)
                0x000000000002b180                __nacl_tls_combined_size
                0x000000000002b200                __nacl_tls_initialize_memory
 .text          0x000000000002b320       0xc0 /Users/stevefar/nacl_sdk/pepper_45/toolchain/mac_x86_newlib/bin/../lib/gcc/x86_64-nacl/4.4.3/../../../../x86_64-nacl/lib/../lib32/libnacl.a(write_fb49787f.o)
                0x000000000002b320                write
 .text          0x000000000002b3e0       0x40 /Users/stevefar/nacl_sdk/pepper_45/toolchain/mac_x86_newlib/bin/../lib/gcc/x86_64-nacl/4.4.3/../../../../x86_64-nacl/lib/../lib32/libnacl.a(abort_9f6b5845.o)
                0x000000000002b3e0                abort
 .text          0x000000000002b420       0x20 /Users/stevefar/nacl_sdk/pepper_45/toolchain/mac_x86_newlib/bin/../lib/gcc/x86_64-nacl/4.4.3/../../../../x86_64-nacl/lib/../lib32/libnacl.a(nacl_tls_get_d2f842b5.o)
                0x000000000002b420                nacl_tls_get
 .text          0x000000000002b440      0x260 /Users/stevefar/nacl_sdk/pepper_45/toolchain/mac_x86_newlib/bin/../lib/gcc/x86_64-nacl/4.4.3/../../../../x86_64-nacl/lib/../lib32/libnacl.a(nacl_irt_init_7b4f826e.o)
                0x000000000002b460                __libnacl_irt_init
 .text          0x000000000002b6a0       0xa0 /Users/stevefar/nacl_sdk/pepper_45/toolchain/mac_x86_newlib/bin/../lib/gcc/x86_64-nacl/4.4.3/../../../../x86_64-nacl/lib/../lib32/libnacl.a(sysconf_ad295ea2.o)
                0x000000000002b6a0                sysconf
 .text          0x000000000002b740       0x20 /Users/stevefar/nacl_sdk/pepper_45/toolchain/mac_x86_newlib/bin/../lib/gcc/x86_64-nacl/4.4.3/../../../../x86_64-nacl/lib/../lib32/libnacl.a(nacl_tls_init_eb0cd232.o)
                0x000000000002b740                nacl_tls_init
 .text          0x000000000002b760       0x60 /Users/stevefar/nacl_sdk/pepper_45/toolchain/mac_x86_newlib/bin/../lib/gcc/x86_64-nacl/4.4.3/../../../../x86_64-nacl/lib/../lib32/libcrt_common.a(lib_a-atexit.o)
                0x000000000002b760                atexit
 .text          0x000000000002b7c0       0x20 /Users/stevefar/nacl_sdk/pepper_45/toolchain/mac_x86_newlib/bin/../lib/gcc/x86_64-nacl/4.4.3/../../../../x86_64-nacl/lib/../lib32/libcrt_common.a(lib_a-errno.o)
                0x000000000002b7c0                __errno
 .text          0x000000000002b7e0       0x60 /Users/stevefar/nacl_sdk/pepper_45/toolchain/mac_x86_newlib/bin/../lib/gcc/x86_64-nacl/4.4.3/../../../../x86_64-nacl/lib/../lib32/libcrt_common.a(lib_a-exit.o)
                0x000000000002b7e0                exit
 .text          0x000000000002b840      0x620 /Users/stevefar/nacl_sdk/pepper_45/toolchain/mac_x86_newlib/bin/../lib/gcc/x86_64-nacl/4.4.3/../../../../x86_64-nacl/lib/../lib32/libcrt_common.a(lib_a-fflush.o)
                0x000000000002b840                __sflush_r
                0x000000000002bc40                _fflush_r
                0x000000000002bdc0                fflush
 .text          0x000000000002be60      0x880 /Users/stevefar/nacl_sdk/pepper_45/toolchain/mac_x86_newlib/bin/../lib/gcc/x86_64-nacl/4.4.3/../../../../x86_64-nacl/lib/../lib32/libcrt_common.a(lib_a-findfp.o)
                0x000000000002bea0                __sinit_lock_release
                0x000000000002bee0                __sfp_lock_release
                0x000000000002bf20                __fp_unlock_all
                0x000000000002bfc0                __sinit_lock_acquire
                0x000000000002c000                __sfp_lock_acquire
                0x000000000002c040                __fp_lock_all
                0x000000000002c160                __sinit
                0x000000000002c300                _cleanup_r
                0x000000000002c340                _cleanup
                0x000000000002c380                __sfmoreglue
                0x000000000002c440                __sfp
 .text          0x000000000002c6e0       0x80 /Users/stevefar/nacl_sdk/pepper_45/toolchain/mac_x86_newlib/bin/../lib/gcc/x86_64-nacl/4.4.3/../../../../x86_64-nacl/lib/../lib32/libcrt_common.a(lib_a-fini.o)
                0x000000000002c6e0                __libc_fini_array
 .text          0x000000000002c760       0xc0 /Users/stevefar/nacl_sdk/pepper_45/toolchain/mac_x86_newlib/bin/../lib/gcc/x86_64-nacl/4.4.3/../../../../x86_64-nacl/lib/../lib32/libcrt_common.a(lib_a-fprintf.o)
                0x000000000002c760                fprintf
                0x000000000002c7c0                _fprintf_r
 .text          0x000000000002c820      0x420 /Users/stevefar/nacl_sdk/pepper_45/toolchain/mac_x86_newlib/bin/../lib/gcc/x86_64-nacl/4.4.3/../../../../x86_64-nacl/lib/../lib32/libcrt_common.a(lib_a-fwalk.o)
                0x000000000002c820                _fwalk_reent
                0x000000000002c9e0                _fwalk
 .text          0x000000000002cc40      0x280 /Users/stevefar/nacl_sdk/pepper_45/toolchain/mac_x86_newlib/bin/../lib/gcc/x86_64-nacl/4.4.3/../../../../x86_64-nacl/lib/../lib32/libcrt_common.a(lib_a-fwrite.o)
                0x000000000002cc40                _fwrite_r
                0x000000000002ce60                fwrite
 .text          0x000000000002cec0       0xc0 /Users/stevefar/nacl_sdk/pepper_45/toolchain/mac_x86_newlib/bin/../lib/gcc/x86_64-nacl/4.4.3/../../../../x86_64-nacl/lib/../lib32/libcrt_common.a(lib_a-getenv.o)
                0x000000000002cec0                getenv
                0x000000000002cf20                _findenv
 .text          0x000000000002cf80      0x240 /Users/stevefar/nacl_sdk/pepper_45/toolchain/mac_x86_newlib/bin/../lib/gcc/x86_64-nacl/4.4.3/../../../../x86_64-nacl/lib/../lib32/libcrt_common.a(lib_a-getenv_r.o)
                0x000000000002cf80                _findenv_r
                0x000000000002d180                _getenv_r
 .text          0x000000000002d1c0       0x40 /Users/stevefar/nacl_sdk/pepper_45/toolchain/mac_x86_newlib/bin/../lib/gcc/x86_64-nacl/4.4.3/../../../../x86_64-nacl/lib/../lib32/libcrt_common.a(lib_a-impure.o)
                0x000000000002d1c0                __newlib_thread_init
                0x000000000002d1e0                __newlib_thread_exit
 .text          0x000000000002d200      0x100 /Users/stevefar/nacl_sdk/pepper_45/toolchain/mac_x86_newlib/bin/../lib/gcc/x86_64-nacl/4.4.3/../../../../x86_64-nacl/lib/../lib32/libcrt_common.a(lib_a-init.o)
                0x000000000002d200                __libc_init_array
 .text          0x000000000002d300       0x60 /Users/stevefar/nacl_sdk/pepper_45/toolchain/mac_x86_newlib/bin/../lib/gcc/x86_64-nacl/4.4.3/../../../../x86_64-nacl/lib/../lib32/libcrt_common.a(lib_a-memcpy.o)
                0x000000000002d300                memcpy
 .text          0x000000000002d360       0xa0 /Users/stevefar/nacl_sdk/pepper_45/toolchain/mac_x86_newlib/bin/../lib/gcc/x86_64-nacl/4.4.3/../../../../x86_64-nacl/lib/../lib32/libcrt_common.a(lib_a-memset.o)
                0x000000000002d360                memset
 .text          0x000000000002d400       0xa0 /Users/stevefar/nacl_sdk/pepper_45/toolchain/mac_x86_newlib/bin/../lib/gcc/x86_64-nacl/4.4.3/../../../../x86_64-nacl/lib/../lib32/libcrt_common.a(lib_a-sleep.o)
                0x000000000002d400                sleep
 .text          0x000000000002d4a0      0x200 /Users/stevefar/nacl_sdk/pepper_45/toolchain/mac_x86_newlib/bin/../lib/gcc/x86_64-nacl/4.4.3/../../../../x86_64-nacl/lib/../lib32/libcrt_common.a(lib_a-stdio.o)
                0x000000000002d4a0                __seofread
                0x000000000002d4c0                __sclose
                0x000000000002d4e0                __sseek
                0x000000000002d560                __swrite
                0x000000000002d620                __sread
 .text          0x000000000002d6a0       0xe0 /Users/stevefar/nacl_sdk/pepper_45/toolchain/mac_x86_newlib/bin/../lib/gcc/x86_64-nacl/4.4.3/../../../../x86_64-nacl/lib/../lib32/libcrt_common.a(lib_a-strcat.o)
                0x000000000002d6a0                strcat
 .text          0x000000000002d780       0xa0 /Users/stevefar/nacl_sdk/pepper_45/toolchain/mac_x86_newlib/bin/../lib/gcc/x86_64-nacl/4.4.3/../../../../x86_64-nacl/lib/../lib32/libcrt_common.a(lib_a-strcpy.o)
                0x000000000002d780                strcpy
 .text          0x000000000002d820       0xa0 /Users/stevefar/nacl_sdk/pepper_45/toolchain/mac_x86_newlib/bin/../lib/gcc/x86_64-nacl/4.4.3/../../../../x86_64-nacl/lib/../lib32/libcrt_common.a(lib_a-strlen.o)
                0x000000000002d820                strlen
 .text          0x000000000002d8c0      0x180 /Users/stevefar/nacl_sdk/pepper_45/toolchain/mac_x86_newlib/bin/../lib/gcc/x86_64-nacl/4.4.3/../../../../x86_64-nacl/lib/../lib32/libcrt_common.a(lib_a-strncmp.o)
                0x000000000002d8c0                strncmp
 .text          0x000000000002da40     0x4b00 /Users/stevefar/nacl_sdk/pepper_45/toolchain/mac_x86_newlib/bin/../lib/gcc/x86_64-nacl/4.4.3/../../../../x86_64-nacl/lib/../lib32/libcrt_common.a(lib_a-vfprintf.o)
                0x000000000002da40                _vfprintf_r
                0x00000000000324e0                vfprintf
 .text          0x0000000000032540      0x180 /Users/stevefar/nacl_sdk/pepper_45/toolchain/mac_x86_newlib/bin/../lib/gcc/x86_64-nacl/4.4.3/../../../../x86_64-nacl/lib/../lib32/libcrt_common.a(lib_a-vsnprintf.o)
                0x0000000000032540                _vsnprintf_r
                0x0000000000032660                vsnprintf
 .text          0x00000000000326c0       0xe0 /Users/stevefar/nacl_sdk/pepper_45/toolchain/mac_x86_newlib/bin/../lib/gcc/x86_64-nacl/4.4.3/../../../../x86_64-nacl/lib/../lib32/libcrt_common.a(lib_a-vsprintf.o)
                0x00000000000326c0                _vsprintf_r
                0x0000000000032740                vsprintf
 .text          0x00000000000327a0      0x220 /Users/stevefar/nacl_sdk/pepper_45/toolchain/mac_x86_newlib/bin/../lib/gcc/x86_64-nacl/4.4.3/../../../../x86_64-nacl/lib/../lib32/libcrt_common.a(lib_a-wcrtomb.o)
                0x00000000000327a0                wcrtomb
                0x00000000000328c0                _wcrtomb_r
 .text          0x00000000000329c0       0xe0 /Users/stevefar/nacl_sdk/pepper_45/toolchain/mac_x86_newlib/bin/../lib/gcc/x86_64-nacl/4.4.3/../../../../x86_64-nacl/lib/../lib32/libcrt_common.a(lib_a-wcsrtombs.o)
                0x00000000000329c0                wcsrtombs
                0x0000000000032a40                _wcsrtombs_r
 .text          0x0000000000032aa0      0x540 /Users/stevefar/nacl_sdk/pepper_45/toolchain/mac_x86_newlib/bin/../lib/gcc/x86_64-nacl/4.4.3/../../../../x86_64-nacl/lib/../lib32/libcrt_common.a(lib_a-wctomb_r.o)
                0x0000000000032aa0                __ascii_wctomb
                0x0000000000032b00                __utf8_wctomb
                0x0000000000032c60                __sjis_wctomb
                0x0000000000032d40                __eucjp_wctomb
                0x0000000000032e40                __jis_wctomb
                0x0000000000032f60                _wctomb_r
 .text          0x0000000000032fe0      0x2c0 /Users/stevefar/nacl_sdk/pepper_45/toolchain/mac_x86_newlib/bin/../lib/gcc/x86_64-nacl/4.4.3/../../../../x86_64-nacl/lib/../lib32/libcrt_common.a(lib_a-wsetup.o)
                0x0000000000032fe0                __swsetup_r
 .text          0x00000000000332a0      0x220 /Users/stevefar/nacl_sdk/pepper_45/toolchain/mac_x86_newlib/bin/../lib/gcc/x86_64-nacl/4.4.3/../../../../x86_64-nacl/lib/../lib32/libcrt_common.a(lib_a-__atexit.o)
                0x00000000000332a0                __register_exitproc
 .text          0x00000000000334c0      0x300 /Users/stevefar/nacl_sdk/pepper_45/toolchain/mac_x86_newlib/bin/../lib/gcc/x86_64-nacl/4.4.3/../../../../x86_64-nacl/lib/../lib32/libcrt_common.a(lib_a-__call_atexit.o)
                0x00000000000334c0                __call_exitprocs
 .text          0x00000000000337c0     0x2220 /Users/stevefar/nacl_sdk/pepper_45/toolchain/mac_x86_newlib/bin/../lib/gcc/x86_64-nacl/4.4.3/../../../../x86_64-nacl/lib/../lib32/libcrt_common.a(lib_a-dtoa.o)
                0x0000000000033ae0                _dtoa_r
 .text          0x00000000000359e0       0x40 /Users/stevefar/nacl_sdk/pepper_45/toolchain/mac_x86_newlib/bin/../lib/gcc/x86_64-nacl/4.4.3/../../../../x86_64-nacl/lib/../lib32/libcrt_common.a(lib_a-envlock.o)
                0x00000000000359e0                __env_unlock
                0x0000000000035a00                __env_lock
 .text          0x0000000000035a20      0x340 /Users/stevefar/nacl_sdk/pepper_45/toolchain/mac_x86_newlib/bin/../lib/gcc/x86_64-nacl/4.4.3/../../../../x86_64-nacl/lib/../lib32/libcrt_common.a(lib_a-fclose.o)
                0x0000000000035a20                _fclose_r
                0x0000000000035d00                fclose
 .text          0x0000000000035d60      0x7e0 /Users/stevefar/nacl_sdk/pepper_45/toolchain/mac_x86_newlib/bin/../lib/gcc/x86_64-nacl/4.4.3/../../../../x86_64-nacl/lib/../lib32/libcrt_common.a(lib_a-fvwrite.o)
                0x0000000000035d60                __sfvwrite_r
 .text          0x0000000000036540     0x1880 /Users/stevefar/nacl_sdk/pepper_45/toolchain/mac_x86_newlib/bin/../lib/gcc/x86_64-nacl/4.4.3/../../../../x86_64-nacl/lib/../lib32/libcrt_common.a(lib_a-locale.o)
                0x0000000000036540                __locale_charset
                0x0000000000036560                __locale_mb_cur_max
                0x0000000000036580                __locale_msgcharset
                0x00000000000365a0                __locale_cjk_lang
                0x00000000000365c0                _localeconv_r
                0x00000000000365e0                localeconv
                0x00000000000376a0                _setlocale_r
                0x0000000000037d60                setlocale
 .text          0x0000000000037dc0      0x260 /Users/stevefar/nacl_sdk/pepper_45/toolchain/mac_x86_newlib/bin/../lib/gcc/x86_64-nacl/4.4.3/../../../../x86_64-nacl/lib/../lib32/libcrt_common.a(lib_a-makebuf.o)
                0x0000000000037dc0                __smakebuf_r
 .text          0x0000000000038020      0xd20 /Users/stevefar/nacl_sdk/pepper_45/toolchain/mac_x86_newlib/bin/../lib/gcc/x86_64-nacl/4.4.3/../../../../x86_64-nacl/lib/../lib32/libcrt_common.a(lib_a-mbtowc_r.o)
                0x0000000000038020                __ascii_mbtowc
                0x00000000000380a0                __utf8_mbtowc
                0x0000000000038640                __sjis_mbtowc
                0x00000000000387c0                __eucjp_mbtowc
                0x0000000000038a20                __jis_mbtowc
                0x0000000000038cc0                _mbtowc_r
 .text          0x0000000000038d40       0xa0 /Users/stevefar/nacl_sdk/pepper_45/toolchain/mac_x86_newlib/bin/../lib/gcc/x86_64-nacl/4.4.3/../../../../x86_64-nacl/lib/../lib32/libcrt_common.a(lib_a-memchr.o)
                0x0000000000038d40                memchr
 .text          0x0000000000038de0       0xa0 /Users/stevefar/nacl_sdk/pepper_45/toolchain/mac_x86_newlib/bin/../lib/gcc/x86_64-nacl/4.4.3/../../../../x86_64-nacl/lib/../lib32/libcrt_common.a(lib_a-memmove.o)
                0x0000000000038de0                memmove
 .text          0x0000000000038e80     0x1840 /Users/stevefar/nacl_sdk/pepper_45/toolchain/mac_x86_newlib/bin/../lib/gcc/x86_64-nacl/4.4.3/../../../../x86_64-nacl/lib/../lib32/libcrt_common.a(lib_a-mprec.o)
                0x0000000000038e80                _Bfree
                0x0000000000038ec0                __hi0bits
                0x0000000000038f80                __lo0bits
                0x0000000000039100                __mcmp
                0x00000000000391a0                __ulp
                0x0000000000039280                __b2d
                0x0000000000039400                __ratio
                0x00000000000394a0                _mprec_log10
                0x0000000000039500                __copybits
                0x00000000000395c0                __any_on
                0x00000000000396e0                _Balloc
                0x0000000000039800                __d2b
                0x00000000000399e0                __mdiff
                0x0000000000039c60                __lshift
                0x0000000000039e20                __multiply
                0x000000000003a120                __i2b
                0x000000000003a160                __multadd
                0x000000000003a2a0                __pow5mult
                0x000000000003a4e0                __s2b
 .text          0x000000000003a6c0      0x140 /Users/stevefar/nacl_sdk/pepper_45/toolchain/mac_x86_newlib/bin/../lib/gcc/x86_64-nacl/4.4.3/../../../../x86_64-nacl/lib/../lib32/libcrt_common.a(lib_a-s_fpclassify.o)
                0x000000000003a6c0                __fpclassifyd
 .text          0x000000000003a800       0xe0 /Users/stevefar/nacl_sdk/pepper_45/toolchain/mac_x86_newlib/bin/../lib/gcc/x86_64-nacl/4.4.3/../../../../x86_64-nacl/lib/../lib32/libcrt_common.a(lib_a-s_frexp.o)
                0x000000000003a800                frexp
 .text          0x000000000003a8e0       0x80 /Users/stevefar/nacl_sdk/pepper_45/toolchain/mac_x86_newlib/bin/../lib/gcc/x86_64-nacl/4.4.3/../../../../x86_64-nacl/lib/../lib32/libcrt_common.a(lib_a-strcasecmp.o)
                0x000000000003a8e0                strcasecmp
 .text          0x000000000003a960      0x120 /Users/stevefar/nacl_sdk/pepper_45/toolchain/mac_x86_newlib/bin/../lib/gcc/x86_64-nacl/4.4.3/../../../../x86_64-nacl/lib/../lib32/libcrt_common.a(lib_a-strchr.o)
                0x000000000003a960                strchr
 .text          0x000000000003aa80      0x100 /Users/stevefar/nacl_sdk/pepper_45/toolchain/mac_x86_newlib/bin/../lib/gcc/x86_64-nacl/4.4.3/../../../../x86_64-nacl/lib/../lib32/libcrt_common.a(lib_a-strcmp.o)
                0x000000000003aa80                strcmp
 .text          0x000000000003ab80       0xa0 /Users/stevefar/nacl_sdk/pepper_45/toolchain/mac_x86_newlib/bin/../lib/gcc/x86_64-nacl/4.4.3/../../../../x86_64-nacl/lib/../lib32/libcrt_common.a(lib_a-strlcpy.o)
                0x000000000003ab80                strlcpy
 .text          0x000000000003ac20       0xa0 /Users/stevefar/nacl_sdk/pepper_45/toolchain/mac_x86_newlib/bin/../lib/gcc/x86_64-nacl/4.4.3/../../../../x86_64-nacl/lib/../lib32/libcrt_common.a(lib_a-strncasecmp.o)
                0x000000000003ac20                strncasecmp
 .text          0x000000000003acc0      0x140 /Users/stevefar/nacl_sdk/pepper_45/toolchain/mac_x86_newlib/bin/../lib/gcc/x86_64-nacl/4.4.3/../../../../x86_64-nacl/lib/../lib32/libcrt_common.a(lib_a-strncpy.o)
                0x000000000003acc0                strncpy
 .text          0x000000000003ae00      0x360 /Users/stevefar/nacl_sdk/pepper_45/toolchain/mac_x86_newlib/bin/../lib/gcc/x86_64-nacl/4.4.3/../../../../x86_64-nacl/lib/../lib32/libcrt_common.a(lib_a-strtol.o)
                0x000000000003ae00                _strtol_r
                0x000000000003b100                strtol
 .text          0x000000000003b160     0x4740 /Users/stevefar/nacl_sdk/pepper_45/toolchain/mac_x86_newlib/bin/../lib/gcc/x86_64-nacl/4.4.3/../../../../x86_64-nacl/lib/../lib32/libcrt_common.a(lib_a-svfprintf.o)
                0x000000000003b160                _svfprintf_r
 .text          0x000000000003f8a0     0x2a00 /Users/stevefar/nacl_sdk/pepper_45/toolchain/mac_x86_newlib/bin/../lib/gcc/x86_64-nacl/4.4.3/../../../../x86_64-nacl/lib/../lib32/libcrt_common.a(lib_a-vfiprintf.o)
                0x000000000003f8a0                __sprint_r
                0x000000000003fa20                _vfiprintf_r
                0x0000000000042240                vfiprintf
 .text          0x00000000000422a0      0x300 /Users/stevefar/nacl_sdk/pepper_45/toolchain/mac_x86_newlib/bin/../lib/gcc/x86_64-nacl/4.4.3/../../../../x86_64-nacl/lib/../lib32/libcrt_common.a(lib_a-wcsnrtombs.o)
                0x00000000000422a0                _wcsnrtombs_r
                0x0000000000042520                wcsnrtombs
 .text          0x00000000000425a0       0x20 /Users/stevefar/nacl_sdk/pepper_45/toolchain/mac_x86_newlib/bin/../lib/gcc/x86_64-nacl/4.4.3/../../../../x86_64-nacl/lib/../lib32/libcrt_common.a(lib_a-ctype_.o)
                0x00000000000425a0                __set_ctype
 .text          0x00000000000425c0      0x3a0 /Users/stevefar/nacl_sdk/pepper_45/toolchain/mac_x86_newlib/bin/../lib/gcc/x86_64-nacl/4.4.3/../../../../x86_64-nacl/lib/../lib32/libcrt_common.a(lib_a-fputwc.o)
                0x00000000000425c0                _fputwc_r
                0x00000000000428e0                fputwc
 .text          0x0000000000042960     0x27e0 /Users/stevefar/nacl_sdk/pepper_45/toolchain/mac_x86_newlib/bin/../lib/gcc/x86_64-nacl/4.4.3/../../../../x86_64-nacl/lib/../lib32/libcrt_common.a(lib_a-svfiprintf.o)
                0x0000000000042960                __ssprint_r
                0x0000000000042c00                _svfiprintf_r
 .text          0x0000000000045140      0x2a0 /Users/stevefar/nacl_sdk/pepper_45/toolchain/mac_x86_newlib/bin/../lib/gcc/x86_64-nacl/4.4.3/../../../../x86_64-nacl/lib/../lib32/libcrt_common.a(lib_a-wbuf.o)
                0x0000000000045140                __swbuf_r
                0x0000000000045380                __swbuf
 .text          0x00000000000453e0       0xa0 /Users/stevefar/nacl_sdk/pepper_45/toolchain/mac_x86_newlib/bin/../lib/gcc/x86_64-nacl/4.4.3/../../../../x86_64-nacl/lib/../lib32/libnacl.a(close_e9b92fbd.o)
                0x00000000000453e0                close
 .text          0x0000000000045480       0xe0 /Users/stevefar/nacl_sdk/pepper_45/toolchain/mac_x86_newlib/bin/../lib/gcc/x86_64-nacl/4.4.3/../../../../x86_64-nacl/lib/../lib32/libnacl.a(isatty_02f56e94.o)
                0x0000000000045480                isatty
 .text          0x0000000000045560       0xc0 /Users/stevefar/nacl_sdk/pepper_45/toolchain/mac_x86_newlib/bin/../lib/gcc/x86_64-nacl/4.4.3/../../../../x86_64-nacl/lib/../lib32/libnacl.a(nacl_irt_fdio_b571b5e7.o)
                0x0000000000045560                __libnacl_irt_dev_fdio_init
 .text          0x0000000000045620       0xa0 /Users/stevefar/nacl_sdk/pepper_45/toolchain/mac_x86_newlib/bin/../lib/gcc/x86_64-nacl/4.4.3/../../../../x86_64-nacl/lib/../lib32/libnacl.a(fstat_0540ff63.o)
                0x0000000000045620                fstat
 .text          0x00000000000456c0       0xc0 /Users/stevefar/nacl_sdk/pepper_45/toolchain/mac_x86_newlib/bin/../lib/gcc/x86_64-nacl/4.4.3/../../../../x86_64-nacl/lib/../lib32/libnacl.a(lseek_64d2d05c.o)
                0x00000000000456c0                lseek
 .text          0x0000000000045780       0xc0 /Users/stevefar/nacl_sdk/pepper_45/toolchain/mac_x86_newlib/bin/../lib/gcc/x86_64-nacl/4.4.3/../../../../x86_64-nacl/lib/../lib32/libnacl.a(read_df872e10.o)
                0x0000000000045780                read
 .text          0x0000000000045840       0xa0 /Users/stevefar/nacl_sdk/pepper_45/toolchain/mac_x86_newlib/bin/../lib/gcc/x86_64-nacl/4.4.3/../../../../x86_64-nacl/lib/../lib32/libnacl.a(nanosleep_e59fdef1.o)
                0x0000000000045840                nanosleep
 .text          0x00000000000458e0      0x1e0 /Users/stevefar/nacl_sdk/pepper_45/toolchain/mac_x86_newlib/bin/../lib/gcc/x86_64-nacl/4.4.3/32/libgcc.a(_udivdi3.o)
                0x00000000000458e0                __udivdi3
 .text          0x0000000000045ac0      0x240 /Users/stevefar/nacl_sdk/pepper_45/toolchain/mac_x86_newlib/bin/../lib/gcc/x86_64-nacl/4.4.3/32/libgcc.a(_umoddi3.o)
                0x0000000000045ac0                __umoddi3
 .text          0x0000000000045d00       0x80 /Users/stevefar/nacl_sdk/pepper_45/toolchain/mac_x86_newlib/bin/../lib/gcc/x86_64-nacl/4.4.3/32/crtend.o
 .text          0x0000000000045d80        0x0 /Users/stevefar/nacl_sdk/pepper_45/toolchain/mac_x86_newlib/bin/../lib/gcc/x86_64-nacl/4.4.3/../../../../x86_64-nacl/lib/../lib32/crtn.o
 *(.gnu.warning)

.fini           0x0000000000045d80       0x60
 *(SORT(.fini))
 .fini          0x0000000000045d80       0x20 /Users/stevefar/nacl_sdk/pepper_45/toolchain/mac_x86_newlib/bin/../lib/gcc/x86_64-nacl/4.4.3/../../../../x86_64-nacl/lib/../lib32/crti.o
                0x0000000000045d80                _fini
 .fini          0x0000000000045da0       0x20 /Users/stevefar/nacl_sdk/pepper_45/toolchain/mac_x86_newlib/bin/../lib/gcc/x86_64-nacl/4.4.3/32/crtbegin.o
 .fini          0x0000000000045dc0       0x20 /Users/stevefar/nacl_sdk/pepper_45/toolchain/mac_x86_newlib/bin/../lib/gcc/x86_64-nacl/4.4.3/../../../../x86_64-nacl/lib/../lib32/crtn.o
                0x0000000000045de0                PROVIDE (__etext, .)
                0x0000000000045de0                PROVIDE (_etext, .)
                0x0000000000045de0                PROVIDE (etext, .)
                0x0000000010020114                . = (0x10020000 + SIZEOF_HEADERS)

.interp
 *(.interp)

.note.gnu.build-id
                0x0000000010020114       0x24
 *(.note.gnu.build-id)
 .note.gnu.build-id
                0x0000000010020114       0x24 /Users/stevefar/nacl_sdk/pepper_45/toolchain/mac_x86_newlib/bin/../lib/gcc/x86_64-nacl/4.4.3/../../../../x86_64-nacl/lib/../lib32/crti.o

.hash
 *(.hash)

.gnu.hash
 *(.gnu.hash)

.dynsym
 *(.dynsym)

.dynstr
 *(.dynstr)

.gnu.version
 *(.gnu.version)

.gnu.version_d
 *(.gnu.version_d)

.gnu.version_r
 *(.gnu.version_r)

.rel.dyn        0x0000000010020138        0x0
 *(.rel.init)
 *(.rel.text .rel.text.* .rel.gnu.linkonce.t.*)
 .rel.text      0x0000000000000000        0x0 /Users/stevefar/nacl_sdk/pepper_45/toolchain/mac_x86_newlib/bin/../lib/gcc/x86_64-nacl/4.4.3/32/crtbegin.o
 *(.rel.fini)
 *(.rel.rodata .rel.rodata.* .rel.gnu.linkonce.r.*)
 *(.rel.data.rel.ro .rel.data.rel.ro.* .rel.gnu.linkonce.d.rel.ro.*)
 *(.rel.data .rel.data.* .rel.gnu.linkonce.d.*)
 *(.rel.tdata .rel.tdata.* .rel.gnu.linkonce.td.*)
 *(.rel.tbss .rel.tbss.* .rel.gnu.linkonce.tb.*)
 *(.rel.ctors)
 *(.rel.dtors)
 *(.rel.got)
 .rel.got       0x0000000000000000        0x0 /Users/stevefar/nacl_sdk/pepper_45/toolchain/mac_x86_newlib/bin/../lib/gcc/x86_64-nacl/4.4.3/32/crtbegin.o
 *(.rel.bss .rel.bss.* .rel.gnu.linkonce.b.*)
 *(.rel.ifunc)

.rel.plt        0x0000000010020138        0x0
 *(.rel.plt)
                0x0000000010020138                PROVIDE (__rel_iplt_start, .)
 *(.rel.iplt)
 .rel.iplt      0x0000000000000000        0x0 /Users/stevefar/nacl_sdk/pepper_45/toolchain/mac_x86_newlib/bin/../lib/gcc/x86_64-nacl/4.4.3/32/crtbegin.o
                0x0000000010020138                PROVIDE (__rel_iplt_end, .)

.rodata         0x0000000010020140     0x1402
 *(.rodata .rodata.* .gnu.linkonce.r.*)
 .rodata.str1.1
                0x0000000010020140       0x9e newlib/Release/debugging_x86_32.o
 *fill*         0x00000000100201de        0x2 
 .rodata.str1.4
                0x00000000100201e0       0x38 newlib/Release/debugging_x86_32.o
 .rodata.str1.4
                0x0000000010020218      0x123 /Users/stevefar/nacl_sdk/pepper_45/lib/newlib_x86_32/Release/liberror_handling.a(error_handling_x86_32.o)
 .rodata.str1.1
                0x000000001002033b       0x9c /Users/stevefar/nacl_sdk/pepper_45/lib/newlib_x86_32/Release/liberror_handling.a(error_handling_x86_32.o)
                                         0xa3 (size before relaxing)
 *fill*         0x00000000100203d7        0x1 
 .rodata.str1.4
                0x00000000100203d8       0x99 /Users/stevefar/nacl_sdk/pepper_45/toolchain/mac_x86_newlib/bin/../lib/gcc/x86_64-nacl/4.4.3/../../../../x86_64-nacl/lib/../lib32/libppapi_stub.a(ppapi_plugin_start_8da67623.o)
 .rodata.str1.1
                0x0000000010020471       0x17 /Users/stevefar/nacl_sdk/pepper_45/toolchain/mac_x86_newlib/bin/../lib/gcc/x86_64-nacl/4.4.3/../../../../x86_64-nacl/lib/../lib32/libppapi_stub.a(ppapi_plugin_start_8da67623.o)
 .rodata.str1.1
                0x0000000010020488        0xc /Users/stevefar/nacl_sdk/pepper_45/toolchain/mac_x86_newlib/bin/../lib/gcc/x86_64-nacl/4.4.3/../../../../x86_64-nacl/lib/../lib32/libpthread.a(nc_thread_7e478b15.o)
 .rodata        0x0000000010020494        0x4 /Users/stevefar/nacl_sdk/pepper_45/toolchain/mac_x86_newlib/bin/../lib/gcc/x86_64-nacl/4.4.3/../../../../x86_64-nacl/lib/../lib32/libpthread.a(nc_thread_7e478b15.o)
                0x0000000010020494                __nc_kMaxCachedMemoryBlocks
 .rodata.str1.1
                0x0000000010020498       0x14 /Users/stevefar/nacl_sdk/pepper_45/toolchain/mac_x86_newlib/bin/../lib/gcc/x86_64-nacl/4.4.3/../../../../x86_64-nacl/lib/../lib32/libpthread.a(dynamic_annotations_33ba59cc.o)
                                         0x16 (size before relaxing)
 .rodata.str1.1
                0x00000000100204ac       0x27 /Users/stevefar/nacl_sdk/pepper_45/toolchain/mac_x86_newlib/bin/../lib/gcc/x86_64-nacl/4.4.3/../../../../x86_64-nacl/lib/../lib32/libpthread.a(nc_init_irt_d3daafc0.o)
 .rodata.str1.1
                0x00000000100204d3       0x4e /Users/stevefar/nacl_sdk/pepper_45/toolchain/mac_x86_newlib/bin/../lib/gcc/x86_64-nacl/4.4.3/../../../../x86_64-nacl/lib/../lib32/libnacl.a(malloc_222c4a1e.o)
 *fill*         0x0000000010020521        0x3 
 .rodata.str1.4
                0x0000000010020524       0x58 /Users/stevefar/nacl_sdk/pepper_45/toolchain/mac_x86_newlib/bin/../lib/gcc/x86_64-nacl/4.4.3/../../../../x86_64-nacl/lib/../lib32/libnacl.a(nacl_irt_6de1d53f.o)
 .rodata        0x000000001002057c       0x13 /Users/stevefar/nacl_sdk/pepper_45/toolchain/mac_x86_newlib/bin/../lib/gcc/x86_64-nacl/4.4.3/../../../../x86_64-nacl/lib/../lib32/libnacl.a(abort_9f6b5845.o)
 .rodata.str1.1
                0x000000001002058f       0x88 /Users/stevefar/nacl_sdk/pepper_45/toolchain/mac_x86_newlib/bin/../lib/gcc/x86_64-nacl/4.4.3/../../../../x86_64-nacl/lib/../lib32/libnacl.a(nacl_irt_init_7b4f826e.o)
 *fill*         0x0000000010020617        0x1 
 .rodata        0x0000000010020618        0x4 /Users/stevefar/nacl_sdk/pepper_45/toolchain/mac_x86_newlib/bin/../lib/gcc/x86_64-nacl/4.4.3/../../../../x86_64-nacl/lib/../lib32/libcrt_common.a(lib_a-impure.o)
                0x0000000010020618                _global_impure_ptr
 .rodata.str1.1
                0x0000000000000000       0x88 /Users/stevefar/nacl_sdk/pepper_45/toolchain/mac_x86_newlib/bin/../lib/gcc/x86_64-nacl/4.4.3/../../../../x86_64-nacl/lib/../lib32/libcrt_common.a(lib_a-impure.o)
                                          0x2 (size before relaxing)
 .rodata.str1.1
                0x000000001002061c       0x39 /Users/stevefar/nacl_sdk/pepper_45/toolchain/mac_x86_newlib/bin/../lib/gcc/x86_64-nacl/4.4.3/../../../../x86_64-nacl/lib/../lib32/libcrt_common.a(lib_a-vfprintf.o)
                                         0x3b (size before relaxing)
 *fill*         0x0000000010020655        0x3 
 .rodata        0x0000000010020658      0x18c /Users/stevefar/nacl_sdk/pepper_45/toolchain/mac_x86_newlib/bin/../lib/gcc/x86_64-nacl/4.4.3/../../../../x86_64-nacl/lib/../lib32/libcrt_common.a(lib_a-vfprintf.o)
 .rodata.cst4   0x00000000100207e4        0xc /Users/stevefar/nacl_sdk/pepper_45/toolchain/mac_x86_newlib/bin/../lib/gcc/x86_64-nacl/4.4.3/../../../../x86_64-nacl/lib/../lib32/libcrt_common.a(lib_a-vfprintf.o)
 .rodata.str1.1
                0x00000000100207f0        0xd /Users/stevefar/nacl_sdk/pepper_45/toolchain/mac_x86_newlib/bin/../lib/gcc/x86_64-nacl/4.4.3/../../../../x86_64-nacl/lib/../lib32/libcrt_common.a(lib_a-dtoa.o)
                                          0xf (size before relaxing)
 *fill*         0x00000000100207fd        0x3 
 .rodata.cst4   0x0000000010020800       0x14 /Users/stevefar/nacl_sdk/pepper_45/toolchain/mac_x86_newlib/bin/../lib/gcc/x86_64-nacl/4.4.3/../../../../x86_64-nacl/lib/../lib32/libcrt_common.a(lib_a-dtoa.o)
                                         0x18 (size before relaxing)
 *fill*         0x0000000010020814        0x4 
 .rodata.cst8   0x0000000010020818       0x18 /Users/stevefar/nacl_sdk/pepper_45/toolchain/mac_x86_newlib/bin/../lib/gcc/x86_64-nacl/4.4.3/../../../../x86_64-nacl/lib/../lib32/libcrt_common.a(lib_a-dtoa.o)
 .rodata.str1.1
                0x0000000010020830       0xe8 /Users/stevefar/nacl_sdk/pepper_45/toolchain/mac_x86_newlib/bin/../lib/gcc/x86_64-nacl/4.4.3/../../../../x86_64-nacl/lib/../lib32/libcrt_common.a(lib_a-locale.o)
                                         0xf4 (size before relaxing)
 .rodata        0x0000000010020918       0xf0 /Users/stevefar/nacl_sdk/pepper_45/toolchain/mac_x86_newlib/bin/../lib/gcc/x86_64-nacl/4.4.3/../../../../x86_64-nacl/lib/../lib32/libcrt_common.a(lib_a-locale.o)
 *fill*         0x0000000010020a08       0x18 
 .rodata        0x0000000010020a20      0x260 /Users/stevefar/nacl_sdk/pepper_45/toolchain/mac_x86_newlib/bin/../lib/gcc/x86_64-nacl/4.4.3/../../../../x86_64-nacl/lib/../lib32/libcrt_common.a(lib_a-mbtowc_r.o)
 .rodata        0x0000000010020c80      0x154 /Users/stevefar/nacl_sdk/pepper_45/toolchain/mac_x86_newlib/bin/../lib/gcc/x86_64-nacl/4.4.3/../../../../x86_64-nacl/lib/../lib32/libcrt_common.a(lib_a-mprec.o)
                0x0000000010020c80                __mprec_tens
                0x0000000010020d60                __mprec_bigtens
                0x0000000010020da0                __mprec_tinytens
 .rodata.cst4   0x0000000000000000        0x4 /Users/stevefar/nacl_sdk/pepper_45/toolchain/mac_x86_newlib/bin/../lib/gcc/x86_64-nacl/4.4.3/../../../../x86_64-nacl/lib/../lib32/libcrt_common.a(lib_a-mprec.o)
 .rodata.cst4   0x0000000010020dd4        0x4 /Users/stevefar/nacl_sdk/pepper_45/toolchain/mac_x86_newlib/bin/../lib/gcc/x86_64-nacl/4.4.3/../../../../x86_64-nacl/lib/../lib32/libcrt_common.a(lib_a-s_frexp.o)
 .rodata.str1.1
                0x0000000000000000       0x3b /Users/stevefar/nacl_sdk/pepper_45/toolchain/mac_x86_newlib/bin/../lib/gcc/x86_64-nacl/4.4.3/../../../../x86_64-nacl/lib/../lib32/libcrt_common.a(lib_a-svfprintf.o)
 .rodata        0x0000000010020dd8      0x18c /Users/stevefar/nacl_sdk/pepper_45/toolchain/mac_x86_newlib/bin/../lib/gcc/x86_64-nacl/4.4.3/../../../../x86_64-nacl/lib/../lib32/libcrt_common.a(lib_a-svfprintf.o)
 .rodata.cst4   0x0000000000000000        0xc /Users/stevefar/nacl_sdk/pepper_45/toolchain/mac_x86_newlib/bin/../lib/gcc/x86_64-nacl/4.4.3/../../../../x86_64-nacl/lib/../lib32/libcrt_common.a(lib_a-svfprintf.o)
 .rodata.str1.1
                0x0000000000000000       0x29 /Users/stevefar/nacl_sdk/pepper_45/toolchain/mac_x86_newlib/bin/../lib/gcc/x86_64-nacl/4.4.3/../../../../x86_64-nacl/lib/../lib32/libcrt_common.a(lib_a-vfiprintf.o)
 .rodata        0x0000000010020f64      0x18c /Users/stevefar/nacl_sdk/pepper_45/toolchain/mac_x86_newlib/bin/../lib/gcc/x86_64-nacl/4.4.3/../../../../x86_64-nacl/lib/../lib32/libcrt_common.a(lib_a-vfiprintf.o)
 *fill*         0x00000000100210f0       0x10 
 .rodata        0x0000000010021100      0x2a0 /Users/stevefar/nacl_sdk/pepper_45/toolchain/mac_x86_newlib/bin/../lib/gcc/x86_64-nacl/4.4.3/../../../../x86_64-nacl/lib/../lib32/libcrt_common.a(lib_a-ctype_.o)
                0x0000000010021100                _ctype_
 .rodata.str1.1
                0x0000000000000000       0x29 /Users/stevefar/nacl_sdk/pepper_45/toolchain/mac_x86_newlib/bin/../lib/gcc/x86_64-nacl/4.4.3/../../../../x86_64-nacl/lib/../lib32/libcrt_common.a(lib_a-svfiprintf.o)
 .rodata        0x00000000100213a0      0x18c /Users/stevefar/nacl_sdk/pepper_45/toolchain/mac_x86_newlib/bin/../lib/gcc/x86_64-nacl/4.4.3/../../../../x86_64-nacl/lib/../lib32/libcrt_common.a(lib_a-svfiprintf.o)
 .rodata.str1.1
                0x000000001002152c       0x16 /Users/stevefar/nacl_sdk/pepper_45/toolchain/mac_x86_newlib/bin/../lib/gcc/x86_64-nacl/4.4.3/../../../../x86_64-nacl/lib/../lib32/libnacl.a(nacl_irt_fdio_b571b5e7.o)
                                         0x3e (size before relaxing)

.rodata1
 *(.rodata1)

.eh_frame_hdr   0x0000000010021544      0x5dc
 *(.eh_frame_hdr)
 .eh_frame_hdr  0x0000000010021544      0x5dc /Users/stevefar/nacl_sdk/pepper_45/toolchain/mac_x86_newlib/bin/../lib/gcc/x86_64-nacl/4.4.3/../../../../x86_64-nacl/lib/../lib32/libppapi_stub.a(plugin_main_irt_21ce9d26.o)

.eh_frame       0x0000000010021b20     0x11c0
 *(.eh_frame)
 .eh_frame      0x0000000010021b20        0x0 /Users/stevefar/nacl_sdk/pepper_45/toolchain/mac_x86_newlib/bin/../lib/gcc/x86_64-nacl/4.4.3/32/crtbegin.o
 .eh_frame      0x0000000010021b20       0x3c /Users/stevefar/nacl_sdk/pepper_45/toolchain/mac_x86_newlib/bin/../lib/gcc/x86_64-nacl/4.4.3/../../../../x86_64-nacl/lib/../lib32/libppapi_stub.a(plugin_main_irt_21ce9d26.o)
 .eh_frame      0x0000000010021b5c       0x1c /Users/stevefar/nacl_sdk/pepper_45/toolchain/mac_x86_newlib/bin/../lib/gcc/x86_64-nacl/4.4.3/../../../../x86_64-nacl/lib/../lib32/libppapi_stub.a(ppapi_plugin_main_399d0cf7.o)
                                         0x34 (size before relaxing)
 .eh_frame      0x0000000010021b78       0x3c /Users/stevefar/nacl_sdk/pepper_45/toolchain/mac_x86_newlib/bin/../lib/gcc/x86_64-nacl/4.4.3/../../../../x86_64-nacl/lib/../lib32/libppapi_stub.a(ppapi_plugin_start_8da67623.o)
                                         0x54 (size before relaxing)
 .eh_frame      0x0000000010021bb4       0x54 /Users/stevefar/nacl_sdk/pepper_45/toolchain/mac_x86_newlib/bin/../lib/gcc/x86_64-nacl/4.4.3/../../../../x86_64-nacl/lib/../lib32/libppapi_stub.a(thread_creator_ccf263e1.o)
                                         0x6c (size before relaxing)
 .eh_frame      0x0000000010021c08      0x3e0 /Users/stevefar/nacl_sdk/pepper_45/toolchain/mac_x86_newlib/bin/../lib/gcc/x86_64-nacl/4.4.3/../../../../x86_64-nacl/lib/../lib32/libpthread.a(nc_thread_7e478b15.o)
                                        0x3f8 (size before relaxing)
 .eh_frame      0x0000000010021fe8      0x110 /Users/stevefar/nacl_sdk/pepper_45/toolchain/mac_x86_newlib/bin/../lib/gcc/x86_64-nacl/4.4.3/../../../../x86_64-nacl/lib/../lib32/libpthread.a(nc_condvar_305aa45a.o)
                                        0x128 (size before relaxing)
 .eh_frame      0x00000000100220f8      0x300 /Users/stevefar/nacl_sdk/pepper_45/toolchain/mac_x86_newlib/bin/../lib/gcc/x86_64-nacl/4.4.3/../../../../x86_64-nacl/lib/../lib32/libpthread.a(dynamic_annotations_33ba59cc.o)
                                        0x318 (size before relaxing)
 .eh_frame      0x00000000100223f8      0x150 /Users/stevefar/nacl_sdk/pepper_45/toolchain/mac_x86_newlib/bin/../lib/gcc/x86_64-nacl/4.4.3/../../../../x86_64-nacl/lib/../lib32/libpthread.a(nc_mutex_86341ae1.o)
                                        0x168 (size before relaxing)
 .eh_frame      0x0000000010022548       0x14 /Users/stevefar/nacl_sdk/pepper_45/toolchain/mac_x86_newlib/bin/../lib/gcc/x86_64-nacl/4.4.3/../../../../x86_64-nacl/lib/../lib32/libpthread.a(nc_init_irt_d3daafc0.o)
                                         0x2c (size before relaxing)
 .eh_frame      0x000000001002255c       0x14 /Users/stevefar/nacl_sdk/pepper_45/toolchain/mac_x86_newlib/bin/../lib/gcc/x86_64-nacl/4.4.3/../../../../x86_64-nacl/lib/../lib32/libnacl.a(_exit_710c7d0d.o)
                                         0x2c (size before relaxing)
 .eh_frame      0x0000000010022570      0x3b0 /Users/stevefar/nacl_sdk/pepper_45/toolchain/mac_x86_newlib/bin/../lib/gcc/x86_64-nacl/4.4.3/../../../../x86_64-nacl/lib/../lib32/libnacl.a(malloc_222c4a1e.o)
                                        0x3c8 (size before relaxing)
 .eh_frame      0x0000000010022920      0x108 /Users/stevefar/nacl_sdk/pepper_45/toolchain/mac_x86_newlib/bin/../lib/gcc/x86_64-nacl/4.4.3/../../../../x86_64-nacl/lib/../lib32/libnacl.a(nacl_irt_6de1d53f.o)
                                        0x120 (size before relaxing)
 .eh_frame      0x0000000010022a28       0x1c /Users/stevefar/nacl_sdk/pepper_45/toolchain/mac_x86_newlib/bin/../lib/gcc/x86_64-nacl/4.4.3/../../../../x86_64-nacl/lib/../lib32/libnacl.a(pthread_initialize_minimal_4b6e776b.o)
                                         0x34 (size before relaxing)
 .eh_frame      0x0000000010022a44       0x14 /Users/stevefar/nacl_sdk/pepper_45/toolchain/mac_x86_newlib/bin/../lib/gcc/x86_64-nacl/4.4.3/../../../../x86_64-nacl/lib/../lib32/libnacl.a(nacl_read_tp_5748ac47.o)
                                         0x2c (size before relaxing)
 .eh_frame      0x0000000010022a58       0x1c /Users/stevefar/nacl_sdk/pepper_45/toolchain/mac_x86_newlib/bin/../lib/gcc/x86_64-nacl/4.4.3/../../../../x86_64-nacl/lib/../lib32/libnacl.a(nacl_interface_query_ef8a99f1.o)
                                         0x34 (size before relaxing)
 .eh_frame      0x0000000010022a74       0x1c /Users/stevefar/nacl_sdk/pepper_45/toolchain/mac_x86_newlib/bin/../lib/gcc/x86_64-nacl/4.4.3/../../../../x86_64-nacl/lib/../lib32/libnacl.a(mmap_767fb080.o)
                                         0x34 (size before relaxing)
 .eh_frame      0x0000000010022a90       0x1c /Users/stevefar/nacl_sdk/pepper_45/toolchain/mac_x86_newlib/bin/../lib/gcc/x86_64-nacl/4.4.3/../../../../x86_64-nacl/lib/../lib32/libnacl.a(sched_yield_56c375be.o)
                                         0x34 (size before relaxing)
 .eh_frame      0x0000000010022aac       0x20 /Users/stevefar/nacl_sdk/pepper_45/toolchain/mac_x86_newlib/bin/../lib/gcc/x86_64-nacl/4.4.3/../../../../x86_64-nacl/lib/../lib32/libnacl.a(start_fa9ef7de.o)
                                         0x38 (size before relaxing)
 .eh_frame      0x0000000010022acc       0x1c /Users/stevefar/nacl_sdk/pepper_45/toolchain/mac_x86_newlib/bin/../lib/gcc/x86_64-nacl/4.4.3/../../../../x86_64-nacl/lib/../lib32/libnacl.a(munmap_d4f09867.o)
                                         0x34 (size before relaxing)
 .eh_frame      0x0000000010022ae8       0x54 /Users/stevefar/nacl_sdk/pepper_45/toolchain/mac_x86_newlib/bin/../lib/gcc/x86_64-nacl/4.4.3/../../../../x86_64-nacl/lib/../lib32/libnacl.a(tls_bba1975b.o)
                                         0x6c (size before relaxing)
 .eh_frame      0x0000000010022b3c       0x1c /Users/stevefar/nacl_sdk/pepper_45/toolchain/mac_x86_newlib/bin/../lib/gcc/x86_64-nacl/4.4.3/../../../../x86_64-nacl/lib/../lib32/libnacl.a(write_fb49787f.o)
                                         0x34 (size before relaxing)
 .eh_frame      0x0000000010022b58       0x14 /Users/stevefar/nacl_sdk/pepper_45/toolchain/mac_x86_newlib/bin/../lib/gcc/x86_64-nacl/4.4.3/../../../../x86_64-nacl/lib/../lib32/libnacl.a(abort_9f6b5845.o)
                                         0x2c (size before relaxing)
 .eh_frame      0x0000000010022b6c       0x14 /Users/stevefar/nacl_sdk/pepper_45/toolchain/mac_x86_newlib/bin/../lib/gcc/x86_64-nacl/4.4.3/../../../../x86_64-nacl/lib/../lib32/libnacl.a(nacl_tls_get_d2f842b5.o)
                                         0x2c (size before relaxing)
 .eh_frame      0x0000000010022b80       0x30 /Users/stevefar/nacl_sdk/pepper_45/toolchain/mac_x86_newlib/bin/../lib/gcc/x86_64-nacl/4.4.3/../../../../x86_64-nacl/lib/../lib32/libnacl.a(nacl_irt_init_7b4f826e.o)
                                         0x48 (size before relaxing)
 .eh_frame      0x0000000010022bb0       0x1c /Users/stevefar/nacl_sdk/pepper_45/toolchain/mac_x86_newlib/bin/../lib/gcc/x86_64-nacl/4.4.3/../../../../x86_64-nacl/lib/../lib32/libnacl.a(sysconf_ad295ea2.o)
                                         0x34 (size before relaxing)
 .eh_frame      0x0000000010022bcc       0x14 /Users/stevefar/nacl_sdk/pepper_45/toolchain/mac_x86_newlib/bin/../lib/gcc/x86_64-nacl/4.4.3/../../../../x86_64-nacl/lib/../lib32/libnacl.a(nacl_tls_init_eb0cd232.o)
                                         0x2c (size before relaxing)
 .eh_frame      0x0000000010022be0       0x1c /Users/stevefar/nacl_sdk/pepper_45/toolchain/mac_x86_newlib/bin/../lib/gcc/x86_64-nacl/4.4.3/../../../../x86_64-nacl/lib/../lib32/libnacl.a(close_e9b92fbd.o)
                                         0x34 (size before relaxing)
 .eh_frame      0x0000000010022bfc       0x1c /Users/stevefar/nacl_sdk/pepper_45/toolchain/mac_x86_newlib/bin/../lib/gcc/x86_64-nacl/4.4.3/../../../../x86_64-nacl/lib/../lib32/libnacl.a(isatty_02f56e94.o)
                                         0x34 (size before relaxing)
 .eh_frame      0x0000000010022c18       0x14 /Users/stevefar/nacl_sdk/pepper_45/toolchain/mac_x86_newlib/bin/../lib/gcc/x86_64-nacl/4.4.3/../../../../x86_64-nacl/lib/../lib32/libnacl.a(nacl_irt_fdio_b571b5e7.o)
                                         0x2c (size before relaxing)
 .eh_frame      0x0000000010022c2c       0x1c /Users/stevefar/nacl_sdk/pepper_45/toolchain/mac_x86_newlib/bin/../lib/gcc/x86_64-nacl/4.4.3/../../../../x86_64-nacl/lib/../lib32/libnacl.a(fstat_0540ff63.o)
                                         0x34 (size before relaxing)
 .eh_frame      0x0000000010022c48       0x1c /Users/stevefar/nacl_sdk/pepper_45/toolchain/mac_x86_newlib/bin/../lib/gcc/x86_64-nacl/4.4.3/../../../../x86_64-nacl/lib/../lib32/libnacl.a(lseek_64d2d05c.o)
                                         0x34 (size before relaxing)
 .eh_frame      0x0000000010022c64       0x1c /Users/stevefar/nacl_sdk/pepper_45/toolchain/mac_x86_newlib/bin/../lib/gcc/x86_64-nacl/4.4.3/../../../../x86_64-nacl/lib/../lib32/libnacl.a(read_df872e10.o)
                                         0x34 (size before relaxing)
 .eh_frame      0x0000000010022c80       0x1c /Users/stevefar/nacl_sdk/pepper_45/toolchain/mac_x86_newlib/bin/../lib/gcc/x86_64-nacl/4.4.3/../../../../x86_64-nacl/lib/../lib32/libnacl.a(nanosleep_e59fdef1.o)
                                         0x34 (size before relaxing)
 .eh_frame      0x0000000010022c9c       0x20 /Users/stevefar/nacl_sdk/pepper_45/toolchain/mac_x86_newlib/bin/../lib/gcc/x86_64-nacl/4.4.3/32/libgcc.a(_udivdi3.o)
                                         0x38 (size before relaxing)
 .eh_frame      0x0000000010022cbc       0x20 /Users/stevefar/nacl_sdk/pepper_45/toolchain/mac_x86_newlib/bin/../lib/gcc/x86_64-nacl/4.4.3/32/libgcc.a(_umoddi3.o)
                                         0x38 (size before relaxing)
 .eh_frame      0x0000000010022cdc        0x4 /Users/stevefar/nacl_sdk/pepper_45/toolchain/mac_x86_newlib/bin/../lib/gcc/x86_64-nacl/4.4.3/32/crtend.o

.gcc_except_table
 *(.gcc_except_table .gcc_except_table.*)

.exception_ranges
 *(.exception_ranges .exception_ranges*)
                0x0000000010022ce0                . = (ALIGN (0x10000) - ((0x10000 - .) & 0xffff))
                0x0000000010032ce0                . = DATA_SEGMENT_ALIGN (0x10000, 0x10000)

.eh_frame
 *(.eh_frame)

.gcc_except_table
 *(.gcc_except_table .gcc_except_table.*)

.exception_ranges
 *(.exception_ranges .exception_ranges*)

.tdata          0x0000000010032ce0      0x478
 *(.tdata .tdata.* .gnu.linkonce.td.*)
 .tdata         0x0000000010032ce0      0x478 /Users/stevefar/nacl_sdk/pepper_45/toolchain/mac_x86_newlib/bin/../lib/gcc/x86_64-nacl/4.4.3/../../../../x86_64-nacl/lib/../lib32/libcrt_common.a(lib_a-impure.o)
                0x0000000010032ce0                _impure_ptr

.tbss           0x0000000010033158        0x8
 *(.tbss .tbss.* .gnu.linkonce.tb.*)
 .tbss          0x0000000010033158        0x8 /Users/stevefar/nacl_sdk/pepper_45/toolchain/mac_x86_newlib/bin/../lib/gcc/x86_64-nacl/4.4.3/../../../../x86_64-nacl/lib/../lib32/libpthread.a(nc_thread_7e478b15.o)
 *(.tcommon)

.preinit_array  0x0000000010033158        0x0
                0x0000000010033158                PROVIDE (__preinit_array_start, .)
 *(.preinit_array)
                0x0000000010033158                PROVIDE (__preinit_array_end, .)

.init_array     0x0000000010033158        0x0
                0x0000000010033158                PROVIDE (__init_array_start, .)
 *(SORT(.init_array.*) SORT(.ctors.*))
 *(.init_array EXCLUDE_FILE(*crtend?.o *crtend.o *crtbegin?.o *crtbegin.o) .ctors)
                0x0000000010033158                PROVIDE (__init_array_end, .)

.fini_array     0x0000000010033158        0x0
                0x0000000010033158                PROVIDE (__fini_array_start, .)
 *(SORT(.fini_array.*) SORT(.dtors.*))
 *(.fini_array EXCLUDE_FILE(*crtend?.o *crtend.o *crtbegin?.o *crtbegin.o) .dtors)
                0x0000000010033158                PROVIDE (__fini_array_end, .)

.ctors          0x0000000010033158        0x8
 *crtbegin.o(.ctors)
 .ctors         0x0000000010033158        0x4 /Users/stevefar/nacl_sdk/pepper_45/toolchain/mac_x86_newlib/bin/../lib/gcc/x86_64-nacl/4.4.3/32/crtbegin.o
 *crtbegin?.o(.ctors)
 *(EXCLUDE_FILE(*crtend?.o *crtend.o) .ctors)
 *(SORT(.ctors.*))
 *(.ctors)
 .ctors         0x000000001003315c        0x4 /Users/stevefar/nacl_sdk/pepper_45/toolchain/mac_x86_newlib/bin/../lib/gcc/x86_64-nacl/4.4.3/32/crtend.o

.dtors          0x0000000010033160        0x8
 *crtbegin.o(.dtors)
 .dtors         0x0000000010033160        0x4 /Users/stevefar/nacl_sdk/pepper_45/toolchain/mac_x86_newlib/bin/../lib/gcc/x86_64-nacl/4.4.3/32/crtbegin.o
 *crtbegin?.o(.dtors)
 *(EXCLUDE_FILE(*crtend?.o *crtend.o) .dtors)
 *(SORT(.dtors.*))
 *(.dtors)
 .dtors         0x0000000010033164        0x4 /Users/stevefar/nacl_sdk/pepper_45/toolchain/mac_x86_newlib/bin/../lib/gcc/x86_64-nacl/4.4.3/32/crtend.o
                0x0000000010033164                __DTOR_END__

.jcr            0x0000000010033168        0x4
 *(.jcr)
 .jcr           0x0000000010033168        0x0 /Users/stevefar/nacl_sdk/pepper_45/toolchain/mac_x86_newlib/bin/../lib/gcc/x86_64-nacl/4.4.3/32/crtbegin.o
 .jcr           0x0000000010033168        0x4 /Users/stevefar/nacl_sdk/pepper_45/toolchain/mac_x86_newlib/bin/../lib/gcc/x86_64-nacl/4.4.3/32/crtend.o

.data.rel.ro    0x000000001003316c       0x14
 *(.data.rel.ro.local* .gnu.linkonce.d.rel.ro.local.*)
 .data.rel.ro.local
                0x000000001003316c        0x8 /Users/stevefar/nacl_sdk/pepper_45/toolchain/mac_x86_newlib/bin/../lib/gcc/x86_64-nacl/4.4.3/../../../../x86_64-nacl/lib/../lib32/libppapi_stub.a(thread_creator_ccf263e1.o)
 *(.data.rel.ro .data.rel.ro.* .gnu.linkonce.d.rel.ro.*)
 .data.rel.ro   0x0000000010033174        0xc /Users/stevefar/nacl_sdk/pepper_45/toolchain/mac_x86_newlib/bin/../lib/gcc/x86_64-nacl/4.4.3/../../../../x86_64-nacl/lib/../lib32/libppapi_stub.a(ppapi_plugin_main_399d0cf7.o)

.dynamic
 *(.dynamic)

.got            0x0000000010033180        0x0
 *(.got)
 .got           0x0000000000000000        0x0 /Users/stevefar/nacl_sdk/pepper_45/toolchain/mac_x86_newlib/bin/../lib/gcc/x86_64-nacl/4.4.3/32/crtbegin.o
 *(.igot)
                0x0000000010033180                . = DATA_SEGMENT_RELRO_END (., (SIZEOF (.got.plt) >= 0xc)?0xc:0x0)

.got.plt        0x0000000010033180        0xc
 *(.got.plt)
 .got.plt       0x0000000010033180        0xc /Users/stevefar/nacl_sdk/pepper_45/toolchain/mac_x86_newlib/bin/../lib/gcc/x86_64-nacl/4.4.3/32/crtbegin.o
                0x0000000010033180                _GLOBAL_OFFSET_TABLE_
 *(.igot.plt)
 .igot.plt      0x0000000000000000        0x0 /Users/stevefar/nacl_sdk/pepper_45/toolchain/mac_x86_newlib/bin/../lib/gcc/x86_64-nacl/4.4.3/32/crtbegin.o

.data           0x00000000100331a0      0x6e8
 *(.data .data.* .gnu.linkonce.d.*)
 .data          0x00000000100331a0        0x0 /Users/stevefar/nacl_sdk/pepper_45/toolchain/mac_x86_newlib/bin/../lib/gcc/x86_64-nacl/4.4.3/../../../../x86_64-nacl/lib/../lib32/crti.o
 .data          0x00000000100331a0        0x4 /Users/stevefar/nacl_sdk/pepper_45/toolchain/mac_x86_newlib/bin/../lib/gcc/x86_64-nacl/4.4.3/32/crtbegin.o
                0x00000000100331a0                __dso_handle
 .data          0x00000000100331a4       0x18 newlib/Release/debugging_x86_32.o
 .data          0x00000000100331bc        0x0 /Users/stevefar/nacl_sdk/pepper_45/lib/newlib_x86_32/Release/liberror_handling.a(error_handling_x86_32.o)
 .data          0x00000000100331bc        0x0 /Users/stevefar/nacl_sdk/pepper_45/lib/newlib_x86_32/Release/liberror_handling.a(string_stream_x86_32.o)
 .data          0x00000000100331bc        0x0 /Users/stevefar/nacl_sdk/pepper_45/toolchain/mac_x86_newlib/bin/../lib/gcc/x86_64-nacl/4.4.3/../../../../x86_64-nacl/lib/../lib32/libppapi_stub.a(plugin_main_irt_21ce9d26.o)
 .data          0x00000000100331bc        0x0 /Users/stevefar/nacl_sdk/pepper_45/toolchain/mac_x86_newlib/bin/../lib/gcc/x86_64-nacl/4.4.3/../../../../x86_64-nacl/lib/../lib32/libppapi_stub.a(ppapi_plugin_main_399d0cf7.o)
 .data          0x00000000100331bc        0x0 /Users/stevefar/nacl_sdk/pepper_45/toolchain/mac_x86_newlib/bin/../lib/gcc/x86_64-nacl/4.4.3/../../../../x86_64-nacl/lib/../lib32/libppapi_stub.a(ppapi_plugin_start_8da67623.o)
 .data          0x00000000100331bc        0x0 /Users/stevefar/nacl_sdk/pepper_45/toolchain/mac_x86_newlib/bin/../lib/gcc/x86_64-nacl/4.4.3/../../../../x86_64-nacl/lib/../lib32/libppapi_stub.a(thread_creator_ccf263e1.o)
 .data          0x00000000100331bc        0x4 /Users/stevefar/nacl_sdk/pepper_45/toolchain/mac_x86_newlib/bin/../lib/gcc/x86_64-nacl/4.4.3/../../../../x86_64-nacl/lib/../lib32/libpthread.a(nc_thread_7e478b15.o)
                0x00000000100331bc                __nc_running_threads_counter
 .data          0x00000000100331c0        0x0 /Users/stevefar/nacl_sdk/pepper_45/toolchain/mac_x86_newlib/bin/../lib/gcc/x86_64-nacl/4.4.3/../../../../x86_64-nacl/lib/../lib32/libpthread.a(nc_condvar_305aa45a.o)
 .data          0x00000000100331c0        0x4 /Users/stevefar/nacl_sdk/pepper_45/toolchain/mac_x86_newlib/bin/../lib/gcc/x86_64-nacl/4.4.3/../../../../x86_64-nacl/lib/../lib32/libpthread.a(dynamic_annotations_33ba59cc.o)
 .data          0x00000000100331c4        0x0 /Users/stevefar/nacl_sdk/pepper_45/toolchain/mac_x86_newlib/bin/../lib/gcc/x86_64-nacl/4.4.3/../../../../x86_64-nacl/lib/../lib32/libpthread.a(nc_mutex_86341ae1.o)
 .data          0x00000000100331c4        0x0 /Users/stevefar/nacl_sdk/pepper_45/toolchain/mac_x86_newlib/bin/../lib/gcc/x86_64-nacl/4.4.3/../../../../x86_64-nacl/lib/../lib32/libpthread.a(nc_init_irt_d3daafc0.o)
 .data          0x00000000100331c4        0x0 /Users/stevefar/nacl_sdk/pepper_45/toolchain/mac_x86_newlib/bin/../lib/gcc/x86_64-nacl/4.4.3/../../../../x86_64-nacl/lib/../lib32/libnacl.a(_exit_710c7d0d.o)
 .data          0x00000000100331c4        0x4 /Users/stevefar/nacl_sdk/pepper_45/toolchain/mac_x86_newlib/bin/../lib/gcc/x86_64-nacl/4.4.3/../../../../x86_64-nacl/lib/../lib32/libnacl.a(environ_25cd24d8.o)
                0x00000000100331c4                environ
 .data          0x00000000100331c8        0x0 /Users/stevefar/nacl_sdk/pepper_45/toolchain/mac_x86_newlib/bin/../lib/gcc/x86_64-nacl/4.4.3/../../../../x86_64-nacl/lib/../lib32/libnacl.a(malloc_222c4a1e.o)
 *fill*         0x00000000100331c8       0x18 
 .data          0x00000000100331e0       0x20 /Users/stevefar/nacl_sdk/pepper_45/toolchain/mac_x86_newlib/bin/../lib/gcc/x86_64-nacl/4.4.3/../../../../x86_64-nacl/lib/../lib32/libnacl.a(nacl_irt_6de1d53f.o)
                0x00000000100331e0                __libnacl_irt_fdio
 .data          0x0000000010033200        0x0 /Users/stevefar/nacl_sdk/pepper_45/toolchain/mac_x86_newlib/bin/../lib/gcc/x86_64-nacl/4.4.3/../../../../x86_64-nacl/lib/../lib32/libnacl.a(pthread_initialize_minimal_4b6e776b.o)
 .data          0x0000000010033200        0x0 /Users/stevefar/nacl_sdk/pepper_45/toolchain/mac_x86_newlib/bin/../lib/gcc/x86_64-nacl/4.4.3/../../../../x86_64-nacl/lib/../lib32/libnacl.a(nacl_read_tp_5748ac47.o)
 .data          0x0000000010033200        0x0 /Users/stevefar/nacl_sdk/pepper_45/toolchain/mac_x86_newlib/bin/../lib/gcc/x86_64-nacl/4.4.3/../../../../x86_64-nacl/lib/../lib32/libnacl.a(nacl_interface_query_ef8a99f1.o)
 .data          0x0000000010033200        0x0 /Users/stevefar/nacl_sdk/pepper_45/toolchain/mac_x86_newlib/bin/../lib/gcc/x86_64-nacl/4.4.3/../../../../x86_64-nacl/lib/../lib32/libnacl.a(mmap_767fb080.o)
 .data          0x0000000010033200        0x0 /Users/stevefar/nacl_sdk/pepper_45/toolchain/mac_x86_newlib/bin/../lib/gcc/x86_64-nacl/4.4.3/../../../../x86_64-nacl/lib/../lib32/libnacl.a(sched_yield_56c375be.o)
 .data          0x0000000010033200        0x0 /Users/stevefar/nacl_sdk/pepper_45/toolchain/mac_x86_newlib/bin/../lib/gcc/x86_64-nacl/4.4.3/../../../../x86_64-nacl/lib/../lib32/libnacl.a(start_fa9ef7de.o)
 .data          0x0000000010033200        0x0 /Users/stevefar/nacl_sdk/pepper_45/toolchain/mac_x86_newlib/bin/../lib/gcc/x86_64-nacl/4.4.3/../../../../x86_64-nacl/lib/../lib32/libnacl.a(munmap_d4f09867.o)
 .data          0x0000000010033200        0x0 /Users/stevefar/nacl_sdk/pepper_45/toolchain/mac_x86_newlib/bin/../lib/gcc/x86_64-nacl/4.4.3/../../../../x86_64-nacl/lib/../lib32/libnacl.a(tls_bba1975b.o)
 .data          0x0000000010033200        0x0 /Users/stevefar/nacl_sdk/pepper_45/toolchain/mac_x86_newlib/bin/../lib/gcc/x86_64-nacl/4.4.3/../../../../x86_64-nacl/lib/../lib32/libnacl.a(write_fb49787f.o)
 .data          0x0000000010033200        0x0 /Users/stevefar/nacl_sdk/pepper_45/toolchain/mac_x86_newlib/bin/../lib/gcc/x86_64-nacl/4.4.3/../../../../x86_64-nacl/lib/../lib32/libnacl.a(abort_9f6b5845.o)
 .data          0x0000000010033200        0x0 /Users/stevefar/nacl_sdk/pepper_45/toolchain/mac_x86_newlib/bin/../lib/gcc/x86_64-nacl/4.4.3/../../../../x86_64-nacl/lib/../lib32/libnacl.a(nacl_tls_get_d2f842b5.o)
 .data          0x0000000010033200        0x0 /Users/stevefar/nacl_sdk/pepper_45/toolchain/mac_x86_newlib/bin/../lib/gcc/x86_64-nacl/4.4.3/../../../../x86_64-nacl/lib/../lib32/libnacl.a(nacl_irt_init_7b4f826e.o)
 .data          0x0000000010033200        0x0 /Users/stevefar/nacl_sdk/pepper_45/toolchain/mac_x86_newlib/bin/../lib/gcc/x86_64-nacl/4.4.3/../../../../x86_64-nacl/lib/../lib32/libnacl.a(sysconf_ad295ea2.o)
 .data          0x0000000010033200        0x0 /Users/stevefar/nacl_sdk/pepper_45/toolchain/mac_x86_newlib/bin/../lib/gcc/x86_64-nacl/4.4.3/../../../../x86_64-nacl/lib/../lib32/libnacl.a(nacl_tls_init_eb0cd232.o)
 .data          0x0000000010033200        0x0 /Users/stevefar/nacl_sdk/pepper_45/toolchain/mac_x86_newlib/bin/../lib/gcc/x86_64-nacl/4.4.3/../../../../x86_64-nacl/lib/../lib32/libcrt_common.a(lib_a-atexit.o)
 .data          0x0000000010033200        0x0 /Users/stevefar/nacl_sdk/pepper_45/toolchain/mac_x86_newlib/bin/../lib/gcc/x86_64-nacl/4.4.3/../../../../x86_64-nacl/lib/../lib32/libcrt_common.a(lib_a-errno.o)
 .data          0x0000000010033200        0x0 /Users/stevefar/nacl_sdk/pepper_45/toolchain/mac_x86_newlib/bin/../lib/gcc/x86_64-nacl/4.4.3/../../../../x86_64-nacl/lib/../lib32/libcrt_common.a(lib_a-exit.o)
 .data          0x0000000010033200        0x0 /Users/stevefar/nacl_sdk/pepper_45/toolchain/mac_x86_newlib/bin/../lib/gcc/x86_64-nacl/4.4.3/../../../../x86_64-nacl/lib/../lib32/libcrt_common.a(lib_a-fflush.o)
 .data          0x0000000010033200       0x28 /Users/stevefar/nacl_sdk/pepper_45/toolchain/mac_x86_newlib/bin/../lib/gcc/x86_64-nacl/4.4.3/../../../../x86_64-nacl/lib/../lib32/libcrt_common.a(lib_a-findfp.o)
 .data          0x0000000010033228        0x0 /Users/stevefar/nacl_sdk/pepper_45/toolchain/mac_x86_newlib/bin/../lib/gcc/x86_64-nacl/4.4.3/../../../../x86_64-nacl/lib/../lib32/libcrt_common.a(lib_a-fini.o)
 .data          0x0000000010033228        0x0 /Users/stevefar/nacl_sdk/pepper_45/toolchain/mac_x86_newlib/bin/../lib/gcc/x86_64-nacl/4.4.3/../../../../x86_64-nacl/lib/../lib32/libcrt_common.a(lib_a-fprintf.o)
 .data          0x0000000010033228        0x0 /Users/stevefar/nacl_sdk/pepper_45/toolchain/mac_x86_newlib/bin/../lib/gcc/x86_64-nacl/4.4.3/../../../../x86_64-nacl/lib/../lib32/libcrt_common.a(lib_a-fwalk.o)
 .data          0x0000000010033228        0x0 /Users/stevefar/nacl_sdk/pepper_45/toolchain/mac_x86_newlib/bin/../lib/gcc/x86_64-nacl/4.4.3/../../../../x86_64-nacl/lib/../lib32/libcrt_common.a(lib_a-fwrite.o)
 .data          0x0000000010033228        0x0 /Users/stevefar/nacl_sdk/pepper_45/toolchain/mac_x86_newlib/bin/../lib/gcc/x86_64-nacl/4.4.3/../../../../x86_64-nacl/lib/../lib32/libcrt_common.a(lib_a-getenv.o)
 .data          0x0000000010033228        0x0 /Users/stevefar/nacl_sdk/pepper_45/toolchain/mac_x86_newlib/bin/../lib/gcc/x86_64-nacl/4.4.3/../../../../x86_64-nacl/lib/../lib32/libcrt_common.a(lib_a-getenv_r.o)
 *fill*         0x0000000010033228       0x18 
 .data          0x0000000010033240      0x470 /Users/stevefar/nacl_sdk/pepper_45/toolchain/mac_x86_newlib/bin/../lib/gcc/x86_64-nacl/4.4.3/../../../../x86_64-nacl/lib/../lib32/libcrt_common.a(lib_a-impure.o)
 .data          0x00000000100336b0        0x0 /Users/stevefar/nacl_sdk/pepper_45/toolchain/mac_x86_newlib/bin/../lib/gcc/x86_64-nacl/4.4.3/../../../../x86_64-nacl/lib/../lib32/libcrt_common.a(lib_a-init.o)
 .data          0x00000000100336b0        0x0 /Users/stevefar/nacl_sdk/pepper_45/toolchain/mac_x86_newlib/bin/../lib/gcc/x86_64-nacl/4.4.3/../../../../x86_64-nacl/lib/../lib32/libcrt_common.a(lib_a-memcpy.o)
 .data          0x00000000100336b0        0x0 /Users/stevefar/nacl_sdk/pepper_45/toolchain/mac_x86_newlib/bin/../lib/gcc/x86_64-nacl/4.4.3/../../../../x86_64-nacl/lib/../lib32/libcrt_common.a(lib_a-memset.o)
 .data          0x00000000100336b0        0x0 /Users/stevefar/nacl_sdk/pepper_45/toolchain/mac_x86_newlib/bin/../lib/gcc/x86_64-nacl/4.4.3/../../../../x86_64-nacl/lib/../lib32/libcrt_common.a(lib_a-sleep.o)
 .data          0x00000000100336b0        0x0 /Users/stevefar/nacl_sdk/pepper_45/toolchain/mac_x86_newlib/bin/../lib/gcc/x86_64-nacl/4.4.3/../../../../x86_64-nacl/lib/../lib32/libcrt_common.a(lib_a-stdio.o)
 .data          0x00000000100336b0        0x0 /Users/stevefar/nacl_sdk/pepper_45/toolchain/mac_x86_newlib/bin/../lib/gcc/x86_64-nacl/4.4.3/../../../../x86_64-nacl/lib/../lib32/libcrt_common.a(lib_a-strcat.o)
 .data          0x00000000100336b0        0x0 /Users/stevefar/nacl_sdk/pepper_45/toolchain/mac_x86_newlib/bin/../lib/gcc/x86_64-nacl/4.4.3/../../../../x86_64-nacl/lib/../lib32/libcrt_common.a(lib_a-strcpy.o)
 .data          0x00000000100336b0        0x0 /Users/stevefar/nacl_sdk/pepper_45/toolchain/mac_x86_newlib/bin/../lib/gcc/x86_64-nacl/4.4.3/../../../../x86_64-nacl/lib/../lib32/libcrt_common.a(lib_a-strlen.o)
 .data          0x00000000100336b0        0x0 /Users/stevefar/nacl_sdk/pepper_45/toolchain/mac_x86_newlib/bin/../lib/gcc/x86_64-nacl/4.4.3/../../../../x86_64-nacl/lib/../lib32/libcrt_common.a(lib_a-strncmp.o)
 .data          0x00000000100336b0        0x0 /Users/stevefar/nacl_sdk/pepper_45/toolchain/mac_x86_newlib/bin/../lib/gcc/x86_64-nacl/4.4.3/../../../../x86_64-nacl/lib/../lib32/libcrt_common.a(lib_a-vfprintf.o)
 .data          0x00000000100336b0        0x0 /Users/stevefar/nacl_sdk/pepper_45/toolchain/mac_x86_newlib/bin/../lib/gcc/x86_64-nacl/4.4.3/../../../../x86_64-nacl/lib/../lib32/libcrt_common.a(lib_a-vsnprintf.o)
 .data          0x00000000100336b0        0x0 /Users/stevefar/nacl_sdk/pepper_45/toolchain/mac_x86_newlib/bin/../lib/gcc/x86_64-nacl/4.4.3/../../../../x86_64-nacl/lib/../lib32/libcrt_common.a(lib_a-vsprintf.o)
 .data          0x00000000100336b0        0x0 /Users/stevefar/nacl_sdk/pepper_45/toolchain/mac_x86_newlib/bin/../lib/gcc/x86_64-nacl/4.4.3/../../../../x86_64-nacl/lib/../lib32/libcrt_common.a(lib_a-wcrtomb.o)
 .data          0x00000000100336b0        0x0 /Users/stevefar/nacl_sdk/pepper_45/toolchain/mac_x86_newlib/bin/../lib/gcc/x86_64-nacl/4.4.3/../../../../x86_64-nacl/lib/../lib32/libcrt_common.a(lib_a-wcsrtombs.o)
 .data          0x00000000100336b0        0x4 /Users/stevefar/nacl_sdk/pepper_45/toolchain/mac_x86_newlib/bin/../lib/gcc/x86_64-nacl/4.4.3/../../../../x86_64-nacl/lib/../lib32/libcrt_common.a(lib_a-wctomb_r.o)
                0x00000000100336b0                __wctomb
 .data          0x00000000100336b4        0x0 /Users/stevefar/nacl_sdk/pepper_45/toolchain/mac_x86_newlib/bin/../lib/gcc/x86_64-nacl/4.4.3/../../../../x86_64-nacl/lib/../lib32/libcrt_common.a(lib_a-wsetup.o)
 .data          0x00000000100336b4        0x0 /Users/stevefar/nacl_sdk/pepper_45/toolchain/mac_x86_newlib/bin/../lib/gcc/x86_64-nacl/4.4.3/../../../../x86_64-nacl/lib/../lib32/libcrt_common.a(lib_a-__atexit.o)
 .data          0x00000000100336b4       0x14 /Users/stevefar/nacl_sdk/pepper_45/toolchain/mac_x86_newlib/bin/../lib/gcc/x86_64-nacl/4.4.3/../../../../x86_64-nacl/lib/../lib32/libcrt_common.a(lib_a-__call_atexit.o)
                0x00000000100336b4                __atexit_lock
 .data          0x00000000100336c8        0x0 /Users/stevefar/nacl_sdk/pepper_45/toolchain/mac_x86_newlib/bin/../lib/gcc/x86_64-nacl/4.4.3/../../../../x86_64-nacl/lib/../lib32/libcrt_common.a(lib_a-dtoa.o)
 .data          0x00000000100336c8       0x14 /Users/stevefar/nacl_sdk/pepper_45/toolchain/mac_x86_newlib/bin/../lib/gcc/x86_64-nacl/4.4.3/../../../../x86_64-nacl/lib/../lib32/libcrt_common.a(lib_a-envlock.o)
 .data          0x00000000100336dc        0x0 /Users/stevefar/nacl_sdk/pepper_45/toolchain/mac_x86_newlib/bin/../lib/gcc/x86_64-nacl/4.4.3/../../../../x86_64-nacl/lib/../lib32/libcrt_common.a(lib_a-fclose.o)
 .data          0x00000000100336dc        0x0 /Users/stevefar/nacl_sdk/pepper_45/toolchain/mac_x86_newlib/bin/../lib/gcc/x86_64-nacl/4.4.3/../../../../x86_64-nacl/lib/../lib32/libcrt_common.a(lib_a-fvwrite.o)
 *fill*         0x00000000100336dc        0x4 
 .data          0x00000000100336e0      0x1a0 /Users/stevefar/nacl_sdk/pepper_45/toolchain/mac_x86_newlib/bin/../lib/gcc/x86_64-nacl/4.4.3/../../../../x86_64-nacl/lib/../lib32/libcrt_common.a(lib_a-locale.o)
                0x00000000100336e0                __mb_cur_max
                0x0000000010033700                __default_locale
 .data          0x0000000010033880        0x0 /Users/stevefar/nacl_sdk/pepper_45/toolchain/mac_x86_newlib/bin/../lib/gcc/x86_64-nacl/4.4.3/../../../../x86_64-nacl/lib/../lib32/libcrt_common.a(lib_a-makebuf.o)
 .data          0x0000000010033880        0x4 /Users/stevefar/nacl_sdk/pepper_45/toolchain/mac_x86_newlib/bin/../lib/gcc/x86_64-nacl/4.4.3/../../../../x86_64-nacl/lib/../lib32/libcrt_common.a(lib_a-mbtowc_r.o)
                0x0000000010033880                __mbtowc
 .data          0x0000000010033884        0x0 /Users/stevefar/nacl_sdk/pepper_45/toolchain/mac_x86_newlib/bin/../lib/gcc/x86_64-nacl/4.4.3/../../../../x86_64-nacl/lib/../lib32/libcrt_common.a(lib_a-memchr.o)
 .data          0x0000000010033884        0x0 /Users/stevefar/nacl_sdk/pepper_45/toolchain/mac_x86_newlib/bin/../lib/gcc/x86_64-nacl/4.4.3/../../../../x86_64-nacl/lib/../lib32/libcrt_common.a(lib_a-memmove.o)
 .data          0x0000000010033884        0x0 /Users/stevefar/nacl_sdk/pepper_45/toolchain/mac_x86_newlib/bin/../lib/gcc/x86_64-nacl/4.4.3/../../../../x86_64-nacl/lib/../lib32/libcrt_common.a(lib_a-mprec.o)
 .data          0x0000000010033884        0x0 /Users/stevefar/nacl_sdk/pepper_45/toolchain/mac_x86_newlib/bin/../lib/gcc/x86_64-nacl/4.4.3/../../../../x86_64-nacl/lib/../lib32/libcrt_common.a(lib_a-s_fpclassify.o)
 .data          0x0000000010033884        0x0 /Users/stevefar/nacl_sdk/pepper_45/toolchain/mac_x86_newlib/bin/../lib/gcc/x86_64-nacl/4.4.3/../../../../x86_64-nacl/lib/../lib32/libcrt_common.a(lib_a-s_frexp.o)
 .data          0x0000000010033884        0x0 /Users/stevefar/nacl_sdk/pepper_45/toolchain/mac_x86_newlib/bin/../lib/gcc/x86_64-nacl/4.4.3/../../../../x86_64-nacl/lib/../lib32/libcrt_common.a(lib_a-strcasecmp.o)
 .data          0x0000000010033884        0x0 /Users/stevefar/nacl_sdk/pepper_45/toolchain/mac_x86_newlib/bin/../lib/gcc/x86_64-nacl/4.4.3/../../../../x86_64-nacl/lib/../lib32/libcrt_common.a(lib_a-strchr.o)
 .data          0x0000000010033884        0x0 /Users/stevefar/nacl_sdk/pepper_45/toolchain/mac_x86_newlib/bin/../lib/gcc/x86_64-nacl/4.4.3/../../../../x86_64-nacl/lib/../lib32/libcrt_common.a(lib_a-strcmp.o)
 .data          0x0000000010033884        0x0 /Users/stevefar/nacl_sdk/pepper_45/toolchain/mac_x86_newlib/bin/../lib/gcc/x86_64-nacl/4.4.3/../../../../x86_64-nacl/lib/../lib32/libcrt_common.a(lib_a-strlcpy.o)
 .data          0x0000000010033884        0x0 /Users/stevefar/nacl_sdk/pepper_45/toolchain/mac_x86_newlib/bin/../lib/gcc/x86_64-nacl/4.4.3/../../../../x86_64-nacl/lib/../lib32/libcrt_common.a(lib_a-strncasecmp.o)
 .data          0x0000000010033884        0x0 /Users/stevefar/nacl_sdk/pepper_45/toolchain/mac_x86_newlib/bin/../lib/gcc/x86_64-nacl/4.4.3/../../../../x86_64-nacl/lib/../lib32/libcrt_common.a(lib_a-strncpy.o)
 .data          0x0000000010033884        0x0 /Users/stevefar/nacl_sdk/pepper_45/toolchain/mac_x86_newlib/bin/../lib/gcc/x86_64-nacl/4.4.3/../../../../x86_64-nacl/lib/../lib32/libcrt_common.a(lib_a-strtol.o)
 .data          0x0000000010033884        0x0 /Users/stevefar/nacl_sdk/pepper_45/toolchain/mac_x86_newlib/bin/../lib/gcc/x86_64-nacl/4.4.3/../../../../x86_64-nacl/lib/../lib32/libcrt_common.a(lib_a-svfprintf.o)
 .data          0x0000000010033884        0x0 /Users/stevefar/nacl_sdk/pepper_45/toolchain/mac_x86_newlib/bin/../lib/gcc/x86_64-nacl/4.4.3/../../../../x86_64-nacl/lib/../lib32/libcrt_common.a(lib_a-vfiprintf.o)
 .data          0x0000000010033884        0x0 /Users/stevefar/nacl_sdk/pepper_45/toolchain/mac_x86_newlib/bin/../lib/gcc/x86_64-nacl/4.4.3/../../../../x86_64-nacl/lib/../lib32/libcrt_common.a(lib_a-wcsnrtombs.o)
 .data          0x0000000010033884        0x4 /Users/stevefar/nacl_sdk/pepper_45/toolchain/mac_x86_newlib/bin/../lib/gcc/x86_64-nacl/4.4.3/../../../../x86_64-nacl/lib/../lib32/libcrt_common.a(lib_a-ctype_.o)
                0x0000000010033884                __ctype_ptr__
 .data          0x0000000010033888        0x0 /Users/stevefar/nacl_sdk/pepper_45/toolchain/mac_x86_newlib/bin/../lib/gcc/x86_64-nacl/4.4.3/../../../../x86_64-nacl/lib/../lib32/libcrt_common.a(lib_a-fputwc.o)
 .data          0x0000000010033888        0x0 /Users/stevefar/nacl_sdk/pepper_45/toolchain/mac_x86_newlib/bin/../lib/gcc/x86_64-nacl/4.4.3/../../../../x86_64-nacl/lib/../lib32/libcrt_common.a(lib_a-svfiprintf.o)
 .data          0x0000000010033888        0x0 /Users/stevefar/nacl_sdk/pepper_45/toolchain/mac_x86_newlib/bin/../lib/gcc/x86_64-nacl/4.4.3/../../../../x86_64-nacl/lib/../lib32/libcrt_common.a(lib_a-wbuf.o)
 .data          0x0000000010033888        0x0 /Users/stevefar/nacl_sdk/pepper_45/toolchain/mac_x86_newlib/bin/../lib/gcc/x86_64-nacl/4.4.3/../../../../x86_64-nacl/lib/../lib32/libnacl.a(close_e9b92fbd.o)
 .data          0x0000000010033888        0x0 /Users/stevefar/nacl_sdk/pepper_45/toolchain/mac_x86_newlib/bin/../lib/gcc/x86_64-nacl/4.4.3/../../../../x86_64-nacl/lib/../lib32/libnacl.a(isatty_02f56e94.o)
 .data          0x0000000010033888        0x0 /Users/stevefar/nacl_sdk/pepper_45/toolchain/mac_x86_newlib/bin/../lib/gcc/x86_64-nacl/4.4.3/../../../../x86_64-nacl/lib/../lib32/libnacl.a(nacl_irt_fdio_b571b5e7.o)
 .data          0x0000000010033888        0x0 /Users/stevefar/nacl_sdk/pepper_45/toolchain/mac_x86_newlib/bin/../lib/gcc/x86_64-nacl/4.4.3/../../../../x86_64-nacl/lib/../lib32/libnacl.a(fstat_0540ff63.o)
 .data          0x0000000010033888        0x0 /Users/stevefar/nacl_sdk/pepper_45/toolchain/mac_x86_newlib/bin/../lib/gcc/x86_64-nacl/4.4.3/../../../../x86_64-nacl/lib/../lib32/libnacl.a(lseek_64d2d05c.o)
 .data          0x0000000010033888        0x0 /Users/stevefar/nacl_sdk/pepper_45/toolchain/mac_x86_newlib/bin/../lib/gcc/x86_64-nacl/4.4.3/../../../../x86_64-nacl/lib/../lib32/libnacl.a(read_df872e10.o)
 .data          0x0000000010033888        0x0 /Users/stevefar/nacl_sdk/pepper_45/toolchain/mac_x86_newlib/bin/../lib/gcc/x86_64-nacl/4.4.3/../../../../x86_64-nacl/lib/../lib32/libnacl.a(nanosleep_e59fdef1.o)
 .data          0x0000000010033888        0x0 /Users/stevefar/nacl_sdk/pepper_45/toolchain/mac_x86_newlib/bin/../lib/gcc/x86_64-nacl/4.4.3/32/libgcc.a(_udivdi3.o)
 .data          0x0000000010033888        0x0 /Users/stevefar/nacl_sdk/pepper_45/toolchain/mac_x86_newlib/bin/../lib/gcc/x86_64-nacl/4.4.3/32/libgcc.a(_umoddi3.o)
 .data          0x0000000010033888        0x0 /Users/stevefar/nacl_sdk/pepper_45/toolchain/mac_x86_newlib/bin/../lib/gcc/x86_64-nacl/4.4.3/32/crtend.o
 .data          0x0000000010033888        0x0 /Users/stevefar/nacl_sdk/pepper_45/toolchain/mac_x86_newlib/bin/../lib/gcc/x86_64-nacl/4.4.3/../../../../x86_64-nacl/lib/../lib32/crtn.o

.data1
 *(.data1)
                0x0000000010033888                _edata = .
                0x0000000010033888                PROVIDE (edata, .)
                0x0000000010033888                . = .
                0x0000000010033888                __bss_start = .

.bss            0x00000000100338a0     0x16c0
 *(.dynbss)
 *(.bss .bss.* .gnu.linkonce.b.*)
 .bss           0x00000000100338a0        0x0 /Users/stevefar/nacl_sdk/pepper_45/toolchain/mac_x86_newlib/bin/../lib/gcc/x86_64-nacl/4.4.3/../../../../x86_64-nacl/lib/../lib32/crti.o
 .bss           0x00000000100338a0       0x20 /Users/stevefar/nacl_sdk/pepper_45/toolchain/mac_x86_newlib/bin/../lib/gcc/x86_64-nacl/4.4.3/32/crtbegin.o
 .bss           0x00000000100338c0       0x10 newlib/Release/debugging_x86_32.o
                0x00000000100338c0                ppb_messaging_interface
                0x00000000100338c4                ppb_var_interface
                0x00000000100338c8                ppb_core_interface
                0x00000000100338cc                g_CrashTime
 .bss           0x00000000100338d0       0x18 /Users/stevefar/nacl_sdk/pepper_45/lib/newlib_x86_32/Release/liberror_handling.a(error_handling_x86_32.o)
 .bss           0x00000000100338e8        0x0 /Users/stevefar/nacl_sdk/pepper_45/lib/newlib_x86_32/Release/liberror_handling.a(string_stream_x86_32.o)
 .bss           0x00000000100338e8        0x0 /Users/stevefar/nacl_sdk/pepper_45/toolchain/mac_x86_newlib/bin/../lib/gcc/x86_64-nacl/4.4.3/../../../../x86_64-nacl/lib/../lib32/libppapi_stub.a(plugin_main_irt_21ce9d26.o)
 .bss           0x00000000100338e8        0x0 /Users/stevefar/nacl_sdk/pepper_45/toolchain/mac_x86_newlib/bin/../lib/gcc/x86_64-nacl/4.4.3/../../../../x86_64-nacl/lib/../lib32/libppapi_stub.a(ppapi_plugin_main_399d0cf7.o)
 .bss           0x00000000100338e8        0x0 /Users/stevefar/nacl_sdk/pepper_45/toolchain/mac_x86_newlib/bin/../lib/gcc/x86_64-nacl/4.4.3/../../../../x86_64-nacl/lib/../lib32/libppapi_stub.a(ppapi_plugin_start_8da67623.o)
 .bss           0x00000000100338e8        0x0 /Users/stevefar/nacl_sdk/pepper_45/toolchain/mac_x86_newlib/bin/../lib/gcc/x86_64-nacl/4.4.3/../../../../x86_64-nacl/lib/../lib32/libppapi_stub.a(thread_creator_ccf263e1.o)
 *fill*         0x00000000100338e8       0x18 