Archive member included to satisfy reference by file (symbol)

/Users/stevefar/nacl_sdk/pepper_45/lib/newlib_arm/Release/liberror_handling.a(error_handling_arm.o)
                              newlib/Release/debugging_arm.o (EHRequestExceptionsJson)
/Users/stevefar/nacl_sdk/pepper_45/lib/newlib_arm/Release/liberror_handling.a(string_stream_arm.o)
                              /Users/stevefar/nacl_sdk/pepper_45/lib/newlib_arm/Release/liberror_handling.a(error_handling_arm.o) (ssinit)
/Users/stevefar/nacl_sdk/pepper_45/toolchain/mac_arm_newlib/bin/../lib/gcc/arm-nacl/4.9.2/../../../../arm-nacl/lib/libppapi_stub.a(plugin_main_irt_21ce9d26.o)
                              (main)
/Users/stevefar/nacl_sdk/pepper_45/toolchain/mac_arm_newlib/bin/../lib/gcc/arm-nacl/4.9.2/../../../../arm-nacl/lib/libppapi_stub.a(ppapi_plugin_main_399d0cf7.o)
                              /Users/stevefar/nacl_sdk/pepper_45/toolchain/mac_arm_newlib/bin/../lib/gcc/arm-nacl/4.9.2/../../../../arm-nacl/lib/libppapi_stub.a(plugin_main_irt_21ce9d26.o) (PpapiPluginMain)
/Users/stevefar/nacl_sdk/pepper_45/toolchain/mac_arm_newlib/bin/../lib/gcc/arm-nacl/4.9.2/../../../../arm-nacl/lib/libppapi_stub.a(ppapi_plugin_start_8da67623.o)
                              /Users/stevefar/nacl_sdk/pepper_45/toolchain/mac_arm_newlib/bin/../lib/gcc/arm-nacl/4.9.2/../../../../arm-nacl/lib/libppapi_stub.a(ppapi_plugin_main_399d0cf7.o) (PpapiPluginStart)
/Users/stevefar/nacl_sdk/pepper_45/toolchain/mac_arm_newlib/bin/../lib/gcc/arm-nacl/4.9.2/../../../../arm-nacl/lib/libppapi_stub.a(thread_creator_ccf263e1.o)
                              /Users/stevefar/nacl_sdk/pepper_45/toolchain/mac_arm_newlib/bin/../lib/gcc/arm-nacl/4.9.2/../../../../arm-nacl/lib/libppapi_stub.a(ppapi_plugin_start_8da67623.o) (__nacl_register_thread_creator)
/Users/stevefar/nacl_sdk/pepper_45/toolchain/mac_arm_newlib/bin/../lib/gcc/arm-nacl/4.9.2/../../../../arm-nacl/lib/libpthread.a(nc_thread_7e478b15.o)
                              newlib/Release/debugging_arm.o (pthread_create)
/Users/stevefar/nacl_sdk/pepper_45/toolchain/mac_arm_newlib/bin/../lib/gcc/arm-nacl/4.9.2/../../../../arm-nacl/lib/libpthread.a(nc_condvar_305aa45a.o)
                              /Users/stevefar/nacl_sdk/pepper_45/toolchain/mac_arm_newlib/bin/../lib/gcc/arm-nacl/4.9.2/../../../../arm-nacl/lib/libpthread.a(nc_thread_7e478b15.o) (pthread_cond_init)
/Users/stevefar/nacl_sdk/pepper_45/toolchain/mac_arm_newlib/bin/../lib/gcc/arm-nacl/4.9.2/../../../../arm-nacl/lib/libpthread.a(dynamic_annotations_33ba59cc.o)
                              /Users/stevefar/nacl_sdk/pepper_45/toolchain/mac_arm_newlib/bin/../lib/gcc/arm-nacl/4.9.2/../../../../arm-nacl/lib/libpthread.a(nc_thread_7e478b15.o) (NACL_AnnotateCondVarWait)
/Users/stevefar/nacl_sdk/pepper_45/toolchain/mac_arm_newlib/bin/../lib/gcc/arm-nacl/4.9.2/../../../../arm-nacl/lib/libpthread.a(nc_mutex_86341ae1.o)
                              /Users/stevefar/nacl_sdk/pepper_45/toolchain/mac_arm_newlib/bin/../lib/gcc/arm-nacl/4.9.2/../../../../arm-nacl/lib/libpthread.a(nc_thread_7e478b15.o) (pthread_mutex_init)
/Users/stevefar/nacl_sdk/pepper_45/toolchain/mac_arm_newlib/bin/../lib/gcc/arm-nacl/4.9.2/../../../../arm-nacl/lib/libpthread.a(nc_init_irt_d3daafc0.o)
                              /Users/stevefar/nacl_sdk/pepper_45/toolchain/mac_arm_newlib/bin/../lib/gcc/arm-nacl/4.9.2/../../../../arm-nacl/lib/libpthread.a(nc_thread_7e478b15.o) (__nc_initialize_interfaces)
/Users/stevefar/nacl_sdk/pepper_45/toolchain/mac_arm_newlib/bin/../lib/gcc/arm-nacl/4.9.2/libgcc.a(unwind-arm.o)
                              /Users/stevefar/nacl_sdk/pepper_45/toolchain/mac_arm_newlib/bin/../lib/gcc/arm-nacl/4.9.2/../../../../arm-nacl/lib/libppapi_stub.a(plugin_main_irt_21ce9d26.o) (__aeabi_unwind_cpp_pr0)
/Users/stevefar/nacl_sdk/pepper_45/toolchain/mac_arm_newlib/bin/../lib/gcc/arm-nacl/4.9.2/libgcc.a(libunwind.o)
                              /Users/stevefar/nacl_sdk/pepper_45/toolchain/mac_arm_newlib/bin/../lib/gcc/arm-nacl/4.9.2/libgcc.a(unwind-arm.o) (restore_core_regs)
/Users/stevefar/nacl_sdk/pepper_45/toolchain/mac_arm_newlib/bin/../lib/gcc/arm-nacl/4.9.2/libgcc.a(pr-support.o)
                              /Users/stevefar/nacl_sdk/pepper_45/toolchain/mac_arm_newlib/bin/../lib/gcc/arm-nacl/4.9.2/libgcc.a(unwind-arm.o) (__gnu_unwind_execute)
/Users/stevefar/nacl_sdk/pepper_45/toolchain/mac_arm_newlib/bin/../lib/gcc/arm-nacl/4.9.2/../../../../arm-nacl/lib/libnacl.a(_exit_710c7d0d.o)
                              /Users/stevefar/nacl_sdk/pepper_45/toolchain/mac_arm_newlib/bin/../lib/gcc/arm-nacl/4.9.2/../../../../arm-nacl/lib/libppapi_stub.a(ppapi_plugin_start_8da67623.o) (_exit)
/Users/stevefar/nacl_sdk/pepper_45/toolchain/mac_arm_newlib/bin/../lib/gcc/arm-nacl/4.9.2/../../../../arm-nacl/lib/libnacl.a(abort_9f6b5845.o)
                              /Users/stevefar/nacl_sdk/pepper_45/toolchain/mac_arm_newlib/bin/../lib/gcc/arm-nacl/4.9.2/libgcc.a(unwind-arm.o) (abort)
[...]
Memory Configuration

Name             Origin             Length             Attributes
*default*        0x0000000000000000 0xffffffffffffffff

Linker script and memory map

LOAD /Users/stevefar/nacl_sdk/pepper_45/toolchain/mac_arm_newlib/bin/../lib/gcc/arm-nacl/4.9.2/../../../../arm-nacl/lib/crt1.o
LOAD /Users/stevefar/nacl_sdk/pepper_45/toolchain/mac_arm_newlib/bin/../lib/gcc/arm-nacl/4.9.2/../../../../arm-nacl/lib/crti.o
LOAD /Users/stevefar/nacl_sdk/pepper_45/toolchain/mac_arm_newlib/bin/../lib/gcc/arm-nacl/4.9.2/crtbegin.o
LOAD newlib/Release/debugging_arm.o
LOAD /Users/stevefar/nacl_sdk/pepper_45/lib/newlib_arm/Release/liberror_handling.a
LOAD /Users/stevefar/nacl_sdk/pepper_45/toolchain/mac_arm_newlib/bin/../lib/gcc/arm-nacl/4.9.2/../../../../arm-nacl/lib/libppapi.a
LOAD /Users/stevefar/nacl_sdk/pepper_45/toolchain/mac_arm_newlib/bin/../lib/gcc/arm-nacl/4.9.2/../../../../arm-nacl/lib/libppapi_stub.a
LOAD /Users/stevefar/nacl_sdk/pepper_45/toolchain/mac_arm_newlib/bin/../lib/gcc/arm-nacl/4.9.2/../../../../arm-nacl/lib/libpthread.a
LOAD /Users/stevefar/nacl_sdk/pepper_45/toolchain/mac_arm_newlib/bin/../lib/gcc/arm-nacl/4.9.2/../../../../arm-nacl/lib/libstdc++.a
LOAD /Users/stevefar/nacl_sdk/pepper_45/toolchain/mac_arm_newlib/bin/../lib/gcc/arm-nacl/4.9.2/../../../../arm-nacl/lib/libm.a
START GROUP
LOAD /Users/stevefar/nacl_sdk/pepper_45/toolchain/mac_arm_newlib/bin/../lib/gcc/arm-nacl/4.9.2/libgcc.a
LOAD /Users/stevefar/nacl_sdk/pepper_45/toolchain/mac_arm_newlib/bin/../lib/gcc/arm-nacl/4.9.2/../../../../arm-nacl/lib/libpthread.a
LOAD /Users/stevefar/nacl_sdk/pepper_45/toolchain/mac_arm_newlib/bin/../lib/gcc/arm-nacl/4.9.2/../../../../arm-nacl/lib/libc.a
START GROUP
LOAD /Users/stevefar/nacl_sdk/pepper_45/toolchain/mac_arm_newlib/bin/../lib/gcc/arm-nacl/4.9.2/../../../../arm-nacl/lib/libnacl.a
LOAD /Users/stevefar/nacl_sdk/pepper_45/toolchain/mac_arm_newlib/bin/../lib/gcc/arm-nacl/4.9.2/../../../../arm-nacl/lib/libcrt_common.a
END GROUP
END GROUP
LOAD /Users/stevefar/nacl_sdk/pepper_45/toolchain/mac_arm_newlib/bin/../lib/gcc/arm-nacl/4.9.2/crtend.o
LOAD /Users/stevefar/nacl_sdk/pepper_45/toolchain/mac_arm_newlib/bin/../lib/gcc/arm-nacl/4.9.2/../../../../arm-nacl/lib/crtn.o
                0x0000000000020000                PROVIDE (__executable_start, 0x20000)
                0x0000000000020000                . = 0x20000

.init           0x0000000000020000       0x10
 *(SORT(.init))
 .init          0x0000000000020000        0x0 /Users/stevefar/nacl_sdk/pepper_45/toolchain/mac_arm_newlib/bin/../lib/gcc/arm-nacl/4.9.2/../../../../arm-nacl/lib/crti.o
                0x0000000000020000                _init
 .init          0x0000000000020000       0x10 /Users/stevefar/nacl_sdk/pepper_45/toolchain/mac_arm_newlib/bin/../lib/gcc/arm-nacl/4.9.2/../../../../arm-nacl/lib/crtn.o

.plt
 *(.plt)

.iplt           0x0000000000020010        0x0
 *(.iplt)
 .iplt          0x0000000000020010        0x0 /Users/stevefar/nacl_sdk/pepper_45/toolchain/mac_arm_newlib/bin/../lib/gcc/arm-nacl/4.9.2/crtbegin.o

.text           0x0000000000020040    0x254f0
 *(.text.unlikely .text.*_unlikely .text.unlikely.*)
 .text.unlikely
                0x0000000000020040       0x40 /Users/stevefar/nacl_sdk/pepper_45/toolchain/mac_arm_newlib/bin/../lib/gcc/arm-nacl/4.9.2/../../../../arm-nacl/lib/libppapi_stub.a(ppapi_plugin_start_8da67623.o)
 *(.text.exit .text.exit.*)
 *(.text.startup .text.startup.*)
 .text.startup  0x0000000000020080       0x10 /Users/stevefar/nacl_sdk/pepper_45/toolchain/mac_arm_newlib/bin/../lib/gcc/arm-nacl/4.9.2/../../../../arm-nacl/lib/libppapi_stub.a(plugin_main_irt_21ce9d26.o)
                0x0000000000020080                main
 *(.text.hot .text.hot.*)
 *(.text .stub .text.* .gnu.linkonce.t.*)
 .text          0x0000000000020090        0x0 /Users/stevefar/nacl_sdk/pepper_45/toolchain/mac_arm_newlib/bin/../lib/gcc/arm-nacl/4.9.2/../../../../arm-nacl/lib/crti.o
 .text          0x0000000000020090      0x1d0 /Users/stevefar/nacl_sdk/pepper_45/toolchain/mac_arm_newlib/bin/../lib/gcc/arm-nacl/4.9.2/crtbegin.o
 .text          0x0000000000020260      0x830 newlib/Release/debugging_arm.o
                0x00000000000202f0                layer5
                0x0000000000020330                layer4
                0x0000000000020370                layer3
                0x00000000000203d0                layer2
                0x0000000000020420                layer1
                0x00000000000204b0                PostMessage
                0x00000000000206a0                NexeMain
                0x00000000000206e0                DumpJson
                0x0000000000020910                PPP_InitializeModule
                0x00000000000209c0                PPP_GetInterface
                0x0000000000020a70                PPP_ShutdownModule
 .text          0x0000000000020a90      0x920 /Users/stevefar/nacl_sdk/pepper_45/lib/newlib_arm/Release/liberror_handling.a(error_handling_arm.o)
                0x0000000000020ae0                EHGetTopFrame
                0x0000000000020b30                EHUnwindFrame
                0x0000000000020bb0                EHDefaultJsonHandler
                0x0000000000020f60                EHRequestExceptionsRaw
                0x0000000000021120                EHRequestExceptionStackOnThread
                0x0000000000021320                EHRequestExceptionsJson
                0x0000000000021390                EHHanderInstalled
 .text          0x00000000000213b0      0x200 /Users/stevefar/nacl_sdk/pepper_45/lib/newlib_arm/Release/liberror_handling.a(string_stream_arm.o)
                0x00000000000213b0                ssinit
                0x00000000000213d0                ssfree
                0x0000000000021430                ssvprintf
                0x0000000000021560                ssprintf
 .text          0x00000000000215b0        0x0 /Users/stevefar/nacl_sdk/pepper_45/toolchain/mac_arm_newlib/bin/../lib/gcc/arm-nacl/4.9.2/../../../../arm-nacl/lib/libppapi_stub.a(plugin_main_irt_21ce9d26.o)
 .text          0x00000000000215b0       0x20 /Users/stevefar/nacl_sdk/pepper_45/toolchain/mac_arm_newlib/bin/../lib/gcc/arm-nacl/4.9.2/../../../../arm-nacl/lib/libppapi_stub.a(ppapi_plugin_main_399d0cf7.o)
                0x00000000000215b0                PpapiPluginMain
 .text          0x00000000000215d0      0x170 /Users/stevefar/nacl_sdk/pepper_45/toolchain/mac_arm_newlib/bin/../lib/gcc/arm-nacl/4.9.2/../../../../arm-nacl/lib/libppapi_stub.a(ppapi_plugin_start_8da67623.o)
                0x00000000000215d0                PpapiPluginStart
 .text          0x0000000000021740       0x50 /Users/stevefar/nacl_sdk/pepper_45/toolchain/mac_arm_newlib/bin/../lib/gcc/arm-nacl/4.9.2/../../../../arm-nacl/lib/libppapi_stub.a(thread_creator_ccf263e1.o)
                0x0000000000021760                __nacl_register_thread_creator
 .text          0x0000000000021790     0x1b90 /Users/stevefar/nacl_sdk/pepper_45/toolchain/mac_arm_newlib/bin/../lib/gcc/arm-nacl/4.9.2/../../../../arm-nacl/lib/libpthread.a(nc_thread_7e478b15.o)
                0x0000000000021aa0                __nc_initialize_globals
                0x0000000000021ba0                __nc_initialize_unjoinable_thread
                0x0000000000021bf0                __pthread_initialize
                0x0000000000021c70                pthread_create
                0x0000000000022010                pthread_cleanup_push
                0x00000000000220a0                pthread_cleanup_pop
                0x0000000000022160                pthread_join
                0x0000000000022310                pthread_detach
                0x00000000000223d0                pthread_kill
                0x00000000000223e0                pthread_self
                0x0000000000022430                pthread_equal
                0x0000000000022450                pthread_setschedprio
                0x00000000000224d0                pthread_attr_init
                0x0000000000022500                pthread_attr_destroy
                0x0000000000022520                pthread_attr_setdetachstate
                0x0000000000022540                pthread_attr_getdetachstate
                0x0000000000022560                pthread_attr_setscope
                0x00000000000225a0                pthread_attr_getscope
                0x00000000000225c0                pthread_attr_setstacksize
                0x0000000000022600                pthread_attr_getstacksize
                0x0000000000022630                __local_lock_init
                0x00000000000226a0                __local_lock_init_recursive
                0x0000000000022710                __local_lock_close
                0x0000000000022730                __local_lock_close_recursive
                0x0000000000022750                __local_lock_acquire
                0x0000000000022780                __local_lock_acquire_recursive
                0x00000000000227b0                __local_lock_try_acquire
                0x0000000000022800                __local_lock_try_acquire_recursive
                0x0000000000022850                __local_lock_release
                0x0000000000022880                __local_lock_release_recursive
                0x00000000000228b0                pthread_key_create
                0x00000000000229a0                pthread_key_delete
                0x0000000000022a50                pthread_setspecific
                0x0000000000022b70                pthread_getspecific
                0x0000000000022c10                __nc_tsd_exit
                0x0000000000022d90                pthread_exit
 .text          0x0000000000023320      0x2e0 /Users/stevefar/nacl_sdk/pepper_45/toolchain/mac_arm_newlib/bin/../lib/gcc/arm-nacl/4.9.2/../../../../arm-nacl/lib/libpthread.a(nc_condvar_305aa45a.o)
                0x0000000000023320                pthread_cond_init
                0x0000000000023340                pthread_cond_destroy
                0x0000000000023350                pthread_cond_signal
                0x00000000000233e0                pthread_cond_broadcast
                0x0000000000023470                pthread_cond_timedwait_abs
                0x0000000000023550                pthread_cond_wait
                0x0000000000023560                pthread_condattr_init
                0x0000000000023570                pthread_condattr_destroy
                0x0000000000023580                pthread_condattr_getpshared
                0x00000000000235a0                pthread_condattr_setpshared
                0x00000000000235c0                pthread_condattr_getclock
                0x00000000000235e0                pthread_condattr_setclock
 .text          0x0000000000023600      0x300 /Users/stevefar/nacl_sdk/pepper_45/toolchain/mac_arm_newlib/bin/../lib/gcc/arm-nacl/4.9.2/../../../../arm-nacl/lib/libpthread.a(dynamic_annotations_33ba59cc.o)
                0x0000000000023600                NACL_AnnotateRWLockCreate
                0x0000000000023610                NACL_AnnotateRWLockDestroy
                0x0000000000023620                NACL_AnnotateRWLockAcquired
                0x0000000000023630                NACL_AnnotateRWLockReleased
                0x0000000000023640                NACL_AnnotateBarrierInit
                0x0000000000023650                NACL_AnnotateBarrierWaitBefore
                0x0000000000023660                NACL_AnnotateBarrierWaitAfter
                0x0000000000023670                NACL_AnnotateBarrierDestroy
                0x0000000000023680                NACL_AnnotateCondVarWait
                0x0000000000023690                NACL_AnnotateCondVarSignal
                0x00000000000236a0                NACL_AnnotateCondVarSignalAll
                0x00000000000236b0                NACL_AnnotateHappensBefore
                0x00000000000236c0                NACL_AnnotateHappensAfter
                0x00000000000236d0                NACL_AnnotatePublishMemoryRange
                0x00000000000236e0                NACL_AnnotateUnpublishMemoryRange
                0x00000000000236f0                NACL_AnnotatePCQCreate
                0x0000000000023700                NACL_AnnotatePCQDestroy
                0x0000000000023710                NACL_AnnotatePCQPut
                0x0000000000023720                NACL_AnnotatePCQGet
                0x0000000000023730                NACL_AnnotateNewMemory
                0x0000000000023740                NACL_AnnotateExpectRace
                0x0000000000023750                NACL_AnnotateFlushExpectedRaces
                0x0000000000023760                NACL_AnnotateBenignRace
                0x0000000000023770                NACL_AnnotateBenignRaceSized
                0x0000000000023780                NACL_AnnotateMutexIsUsedAsCondVar
                0x0000000000023790                NACL_AnnotateMutexIsNotPHB
                0x00000000000237a0                NACL_AnnotateTraceMemory
                0x00000000000237b0                NACL_AnnotateThreadName
                0x00000000000237c0                NACL_AnnotateIgnoreReadsBegin
                0x00000000000237d0                NACL_AnnotateIgnoreReadsEnd
                0x00000000000237e0                NACL_AnnotateIgnoreWritesBegin
                0x00000000000237f0                NACL_AnnotateIgnoreWritesEnd
                0x0000000000023800                NACL_AnnotateIgnoreSyncBegin
                0x0000000000023810                NACL_AnnotateIgnoreSyncEnd
                0x0000000000023820                NACL_AnnotateEnableRaceDetection
                0x0000000000023830                NACL_AnnotateNoOp
                0x0000000000023840                NACL_AnnotateFlushState
                0x0000000000023850                RunningOnValgrind
 .text          0x0000000000023900      0x6b0 /Users/stevefar/nacl_sdk/pepper_45/toolchain/mac_arm_newlib/bin/../lib/gcc/arm-nacl/4.9.2/../../../../arm-nacl/lib/libpthread.a(nc_mutex_86341ae1.o)
                0x0000000000023bb0                pthread_mutex_init
                0x0000000000023c00                pthread_mutex_destroy
                0x0000000000023c60                pthread_mutex_trylock
                0x0000000000023c70                pthread_mutex_lock
                0x0000000000023c80                pthread_mutex_timedlock
                0x0000000000023c90                pthread_mutex_unlock
                0x0000000000023e20                pthread_once
                0x0000000000023f00                pthread_mutexattr_init
                0x0000000000023f20                pthread_mutexattr_destroy
                0x0000000000023f30                pthread_mutexattr_settype
                0x0000000000023f50                pthread_mutexattr_gettype
                0x0000000000023f70                pthread_mutexattr_setpshared
                0x0000000000023f90                pthread_mutexattr_getpshared
 .text          0x0000000000023fb0       0x60 /Users/stevefar/nacl_sdk/pepper_45/toolchain/mac_arm_newlib/bin/../lib/gcc/arm-nacl/4.9.2/../../../../arm-nacl/lib/libpthread.a(nc_init_irt_d3daafc0.o)
                0x0000000000023fb0                __nc_initialize_interfaces
 .text          0x0000000000024010     0x1dc0 /Users/stevefar/nacl_sdk/pepper_45/toolchain/mac_arm_newlib/bin/../lib/gcc/arm-nacl/4.9.2/libgcc.a(unwind-arm.o)
                0x00000000000248b0                _Unwind_GetCFA
                0x00000000000248c0                __gnu_Unwind_RaiseException
                0x0000000000024a20                __gnu_Unwind_ForcedUnwind
                0x0000000000024a60                __gnu_Unwind_Resume
                0x0000000000024b30                __gnu_Unwind_Resume_or_Rethrow
                0x0000000000024b70                _Unwind_Complete
                0x0000000000024b80                _Unwind_DeleteException
                0x0000000000024bb0                _Unwind_VRS_Get
                0x0000000000024c80                _Unwind_VRS_Set
                0x0000000000024d60                __gnu_Unwind_Backtrace
                0x0000000000025660                __aeabi_unwind_cpp_pr0
                0x0000000000025670                __aeabi_unwind_cpp_pr1
                0x0000000000025680                __aeabi_unwind_cpp_pr2
                0x0000000000025690                _Unwind_VRS_Pop
 .text          0x0000000000025dd0      0x220 /Users/stevefar/nacl_sdk/pepper_45/toolchain/mac_arm_newlib/bin/../lib/gcc/arm-nacl/4.9.2/libgcc.a(libunwind.o)
                0x0000000000025dd0                __restore_core_regs
                0x0000000000025dd0                restore_core_regs
                0x0000000000025e10                __gnu_Unwind_Restore_VFP
                0x0000000000025e20                __gnu_Unwind_Save_VFP
                0x0000000000025e30                __gnu_Unwind_Restore_VFP_D
                0x0000000000025e40                __gnu_Unwind_Save_VFP_D
                0x0000000000025e50                __gnu_Unwind_Restore_VFP_D_16_to_31
                0x0000000000025e60                __gnu_Unwind_Save_VFP_D_16_to_31
                0x0000000000025e70                __gnu_Unwind_Restore_WMMXD
                0x0000000000025e80                __gnu_Unwind_Save_WMMXD
                0x0000000000025e90                __gnu_Unwind_Restore_WMMXC
                0x0000000000025ea0                __gnu_Unwind_Save_WMMXC
                0x0000000000025eb0                _Unwind_RaiseException
                0x0000000000025eb0                ___Unwind_RaiseException
                0x0000000000025ef0                ___Unwind_Resume
                0x0000000000025ef0                _Unwind_Resume
                0x0000000000025f30                ___Unwind_Resume_or_Rethrow
                0x0000000000025f30                _Unwind_Resume_or_Rethrow
                0x0000000000025f70                _Unwind_ForcedUnwind
                0x0000000000025f70                ___Unwind_ForcedUnwind
                0x0000000000025fb0                _Unwind_Backtrace
                0x0000000000025fb0                ___Unwind_Backtrace
 .text          0x0000000000025ff0      0x860 /Users/stevefar/nacl_sdk/pepper_45/toolchain/mac_arm_newlib/bin/../lib/gcc/arm-nacl/4.9.2/libgcc.a(pr-support.o)
                0x0000000000026100                __gnu_unwind_execute
                0x00000000000266f0                __gnu_unwind_frame
                0x0000000000026760                _Unwind_GetRegionStart
                0x00000000000267b0                _Unwind_GetLanguageSpecificData
                0x0000000000026810                _Unwind_GetDataRelBase
                0x0000000000026830                _Unwind_GetTextRelBase
 .text          0x0000000000026850       0x40 /Users/stevefar/nacl_sdk/pepper_45/toolchain/mac_arm_newlib/bin/../lib/gcc/arm-nacl/4.9.2/../../../../arm-nacl/lib/libnacl.a(_exit_710c7d0d.o)
                0x0000000000026850                _exit
 .text          0x0000000000026890       0x40 /Users/stevefar/nacl_sdk/pepper_45/toolchain/mac_arm_newlib/bin/../lib/gcc/arm-nacl/4.9.2/../../../../arm-nacl/lib/libnacl.a(abort_9f6b5845.o)
                0x0000000000026890                abort
 .text          0x00000000000268d0        0x0 /Users/stevefar/nacl_sdk/pepper_45/toolchain/mac_arm_newlib/bin/../lib/gcc/arm-nacl/4.9.2/../../../../arm-nacl/lib/libnacl.a(environ_25cd24d8.o)
 .text          0x00000000000268d0     0x65e0 /Users/stevefar/nacl_sdk/pepper_45/toolchain/mac_arm_newlib/bin/../lib/gcc/arm-nacl/4.9.2/../../../../arm-nacl/lib/libnacl.a(malloc_222c4a1e.o)
                0x00000000000285e0                malloc
                0x000000000002afd0                free
                0x000000000002bc30                calloc
                0x000000000002bcf0                realloc
                0x000000000002bef0                realloc_in_place
                0x000000000002c060                memalign
                0x000000000002c080                posix_memalign
                0x000000000002c180                valloc
                0x000000000002c1e0                pvalloc
                0x000000000002c240                independent_calloc
                0x000000000002c290                independent_comalloc
                0x000000000002c2a0                bulk_free
                0x000000000002c4e0                malloc_trim
                0x000000000002c610                malloc_footprint
                0x000000000002c630                malloc_max_footprint
                0x000000000002c650                malloc_footprint_limit
                0x000000000002c670                malloc_set_footprint_limit
                0x000000000002c6c0                mallinfo
                0x000000000002c9b0                malloc_stats
                0x000000000002ccf0                mallopt
                0x000000000002ce20                malloc_usable_size
                0x000000000002ce70                _malloc_r
                0x000000000002ce80                _calloc_r
                0x000000000002ce90                _realloc_r
                0x000000000002cea0                _free_r
 .text          0x000000000002ceb0      0x2a0 /Users/stevefar/nacl_sdk/pepper_45/toolchain/mac_arm_newlib/bin/../lib/gcc/arm-nacl/4.9.2/../../../../arm-nacl/lib/libnacl.a(nacl_irt_6de1d53f.o)
                0x000000000002cfc0                __libnacl_irt_query
                0x000000000002d040                __libnacl_mandatory_irt_query
                0x000000000002d0a0                __libnacl_irt_init_fn
 .text          0x000000000002d150       0xc0 /Users/stevefar/nacl_sdk/pepper_45/toolchain/mac_arm_newlib/bin/../lib/gcc/arm-nacl/4.9.2/../../../../arm-nacl/lib/libnacl.a(pthread_initialize_minimal_4b6e776b.o)
                0x000000000002d150                __pthread_initialize_minimal
 .text          0x000000000002d210       0x10 /Users/stevefar/nacl_sdk/pepper_45/toolchain/mac_arm_newlib/bin/../lib/gcc/arm-nacl/4.9.2/../../../../arm-nacl/lib/libnacl.a(nacl_read_tp_5748ac47.o)
                0x000000000002d210                __nacl_read_tp
 .text          0x000000000002d220       0x30 /Users/stevefar/nacl_sdk/pepper_45/toolchain/mac_arm_newlib/bin/../lib/gcc/arm-nacl/4.9.2/../../../../arm-nacl/lib/libnacl.a(nacl_interface_query_ef8a99f1.o)
                0x000000000002d220                nacl_interface_query
 .text          0x000000000002d250       0xc0 /Users/stevefar/nacl_sdk/pepper_45/toolchain/mac_arm_newlib/bin/../lib/gcc/arm-nacl/4.9.2/../../../../arm-nacl/lib/libnacl.a(mmap_767fb080.o)
                0x000000000002d250                mmap
 .text          0x000000000002d310       0x80 /Users/stevefar/nacl_sdk/pepper_45/toolchain/mac_arm_newlib/bin/../lib/gcc/arm-nacl/4.9.2/../../../../arm-nacl/lib/libnacl.a(sched_yield_56c375be.o)
                0x000000000002d310                sched_yield
 .text          0x000000000002d390      0x120 /Users/stevefar/nacl_sdk/pepper_45/toolchain/mac_arm_newlib/bin/../lib/gcc/arm-nacl/4.9.2/../../../../arm-nacl/lib/libnacl.a(start_fa9ef7de.o)
                0x000000000002d390                _start
 .text          0x000000000002d4b0       0x80 /Users/stevefar/nacl_sdk/pepper_45/toolchain/mac_arm_newlib/bin/../lib/gcc/arm-nacl/4.9.2/../../../../arm-nacl/lib/libnacl.a(munmap_d4f09867.o)
                0x000000000002d4b0                munmap
 .text          0x000000000002d530      0x3f0 /Users/stevefar/nacl_sdk/pepper_45/toolchain/mac_arm_newlib/bin/../lib/gcc/arm-nacl/4.9.2/../../../../arm-nacl/lib/libnacl.a(tls_bba1975b.o)
                0x000000000002d6d0                __tls_get_addr
                0x000000000002d700                __nacl_tls_combined_size
                0x000000000002d790                __nacl_tls_initialize_memory
 .text          0x000000000002d920       0x90 /Users/stevefar/nacl_sdk/pepper_45/toolchain/mac_arm_newlib/bin/../lib/gcc/arm-nacl/4.9.2/../../../../arm-nacl/lib/libnacl.a(write_fb49787f.o)
                0x000000000002d920                write
 .text          0x000000000002d9b0       0x20 /Users/stevefar/nacl_sdk/pepper_45/toolchain/mac_arm_newlib/bin/../lib/gcc/arm-nacl/4.9.2/../../../../arm-nacl/lib/libnacl.a(nacl_tls_get_d2f842b5.o)
                0x000000000002d9b0                nacl_tls_get
 .text          0x000000000002d9d0      0x1e0 /Users/stevefar/nacl_sdk/pepper_45/toolchain/mac_arm_newlib/bin/../lib/gcc/arm-nacl/4.9.2/../../../../arm-nacl/lib/libnacl.a(nacl_irt_init_7b4f826e.o)
                0x000000000002d9e0                __libnacl_irt_init
 .text          0x000000000002dbb0       0x90 /Users/stevefar/nacl_sdk/pepper_45/toolchain/mac_arm_newlib/bin/../lib/gcc/arm-nacl/4.9.2/../../../../arm-nacl/lib/libnacl.a(sysconf_ad295ea2.o)
                0x000000000002dbb0                sysconf
 .text          0x000000000002dc40       0x20 /Users/stevefar/nacl_sdk/pepper_45/toolchain/mac_arm_newlib/bin/../lib/gcc/arm-nacl/4.9.2/../../../../arm-nacl/lib/libnacl.a(nacl_tls_init_eb0cd232.o)
                0x000000000002dc40                nacl_tls_init
 .text          0x000000000002dc60       0x20 /Users/stevefar/nacl_sdk/pepper_45/toolchain/mac_arm_newlib/bin/../lib/gcc/arm-nacl/4.9.2/../../../../arm-nacl/lib/libcrt_common.a(lib_a-atexit.o)
                0x000000000002dc60                atexit
 .text          0x000000000002dc80       0x40 /Users/stevefar/nacl_sdk/pepper_45/toolchain/mac_arm_newlib/bin/../lib/gcc/arm-nacl/4.9.2/../../../../arm-nacl/lib/libcrt_common.a(lib_a-errno.o)
                0x000000000002dc80                __errno
 .text          0x000000000002dcc0       0x60 /Users/stevefar/nacl_sdk/pepper_45/toolchain/mac_arm_newlib/bin/../lib/gcc/arm-nacl/4.9.2/../../../../arm-nacl/lib/libcrt_common.a(lib_a-exit.o)
                0x000000000002dcc0                exit
 .text          0x000000000002dd20      0x520 /Users/stevefar/nacl_sdk/pepper_45/toolchain/mac_arm_newlib/bin/../lib/gcc/arm-nacl/4.9.2/../../../../arm-nacl/lib/libcrt_common.a(lib_a-fflush.o)
                0x000000000002dd20                __sflush_r
                0x000000000002e0e0                _fflush_r
                0x000000000002e1e0                fflush
 .text          0x000000000002e240      0x790 /Users/stevefar/nacl_sdk/pepper_45/toolchain/mac_arm_newlib/bin/../lib/gcc/arm-nacl/4.9.2/../../../../arm-nacl/lib/libcrt_common.a(lib_a-findfp.o)
                0x000000000002e240                _cleanup_r
                0x000000000002e3e0                __sfmoreglue
                0x000000000002e470                _cleanup
                0x000000000002e490                __sinit
                0x000000000002e660                __sfp
                0x000000000002e880                __sfp_lock_acquire
                0x000000000002e8a0                __sfp_lock_release
                0x000000000002e8c0                __sinit_lock_acquire
                0x000000000002e8d0                __sinit_lock_release
                0x000000000002e8e0                __fp_lock_all
                0x000000000002e960                __fp_unlock_all
 .text          0x000000000002e9d0       0x80 /Users/stevefar/nacl_sdk/pepper_45/toolchain/mac_arm_newlib/bin/../lib/gcc/arm-nacl/4.9.2/../../../../arm-nacl/lib/libcrt_common.a(lib_a-fini.o)
                0x000000000002e9d0                __libc_fini_array
 .text          0x000000000002ea50       0xd0 /Users/stevefar/nacl_sdk/pepper_45/toolchain/mac_arm_newlib/bin/../lib/gcc/arm-nacl/4.9.2/../../../../arm-nacl/lib/libcrt_common.a(lib_a-fprintf.o)
                0x000000000002ea50                _fprintf_r
                0x000000000002eaa0                fprintf
 .text          0x000000000002eb20      0x310 /Users/stevefar/nacl_sdk/pepper_45/toolchain/mac_arm_newlib/bin/../lib/gcc/arm-nacl/4.9.2/../../../../arm-nacl/lib/libcrt_common.a(lib_a-fwalk.o)
                0x000000000002eb20                _fwalk
                0x000000000002ecc0                _fwalk_reent
 .text          0x000000000002ee30      0x270 /Users/stevefar/nacl_sdk/pepper_45/toolchain/mac_arm_newlib/bin/../lib/gcc/arm-nacl/4.9.2/../../../../arm-nacl/lib/libcrt_common.a(lib_a-fwrite.o)
                0x000000000002ee30                _fwrite_r
                0x000000000002f010                fwrite
 .text          0x000000000002f0a0       0xb0 /Users/stevefar/nacl_sdk/pepper_45/toolchain/mac_arm_newlib/bin/../lib/gcc/arm-nacl/4.9.2/../../../../arm-nacl/lib/libcrt_common.a(lib_a-getenv.o)
                0x000000000002f0a0                _findenv
                0x000000000002f0e0                getenv
 .text          0x000000000002f150      0x1c0 /Users/stevefar/nacl_sdk/pepper_45/toolchain/mac_arm_newlib/bin/../lib/gcc/arm-nacl/4.9.2/../../../../arm-nacl/lib/libcrt_common.a(lib_a-getenv_r.o)
                0x000000000002f150                _findenv_r
                0x000000000002f2d0                _getenv_r
 .text          0x000000000002f310       0x40 /Users/stevefar/nacl_sdk/pepper_45/toolchain/mac_arm_newlib/bin/../lib/gcc/arm-nacl/4.9.2/../../../../arm-nacl/lib/libcrt_common.a(lib_a-impure.o)
                0x000000000002f310                __newlib_thread_init
                0x000000000002f340                __newlib_thread_exit
 .text          0x000000000002f350       0xe0 /Users/stevefar/nacl_sdk/pepper_45/toolchain/mac_arm_newlib/bin/../lib/gcc/arm-nacl/4.9.2/../../../../arm-nacl/lib/libcrt_common.a(lib_a-init.o)
                0x000000000002f350                __libc_init_array
 *fill*         0x000000000002f430       0x10 
 .text          0x000000000002f440      0x940 /Users/stevefar/nacl_sdk/pepper_45/toolchain/mac_arm_newlib/bin/../lib/gcc/arm-nacl/4.9.2/../../../../arm-nacl/lib/libcrt_common.a(lib_a-memcpy.o)
                0x000000000002f440                memcpy
 .text          0x000000000002fd80      0x170 /Users/stevefar/nacl_sdk/pepper_45/toolchain/mac_arm_newlib/bin/../lib/gcc/arm-nacl/4.9.2/../../../../arm-nacl/lib/libcrt_common.a(lib_a-memset.o)
                0x000000000002fd80                memset
 .text          0x000000000002fef0       0x80 /Users/stevefar/nacl_sdk/pepper_45/toolchain/mac_arm_newlib/bin/../lib/gcc/arm-nacl/4.9.2/../../../../arm-nacl/lib/libcrt_common.a(lib_a-sleep.o)
                0x000000000002fef0                sleep
 .text          0x000000000002ff70      0x1e0 /Users/stevefar/nacl_sdk/pepper_45/toolchain/mac_arm_newlib/bin/../lib/gcc/arm-nacl/4.9.2/../../../../arm-nacl/lib/libcrt_common.a(lib_a-stdio.o)
                0x000000000002ff70                __sread
                0x0000000000030000                __seofread
                0x0000000000030010                __swrite
                0x00000000000300b0                __sseek
                0x0000000000030140                __sclose
 *fill*         0x0000000000030150       0x10 
 .text          0x0000000000030160      0x460 /Users/stevefar/nacl_sdk/pepper_45/toolchain/mac_arm_newlib/bin/../lib/gcc/arm-nacl/4.9.2/../../../../arm-nacl/lib/libcrt_common.a(lib_a-strcmp.o)
                0x0000000000030170                strcmp
 .text          0x00000000000305c0      0x140 /Users/stevefar/nacl_sdk/pepper_45/toolchain/mac_arm_newlib/bin/../lib/gcc/arm-nacl/4.9.2/../../../../arm-nacl/lib/libcrt_common.a(lib_a-strlen-armv7.o)
                0x00000000000305c0                strlen
 .text          0x0000000000030700      0x1b0 /Users/stevefar/nacl_sdk/pepper_45/toolchain/mac_arm_newlib/bin/../lib/gcc/arm-nacl/4.9.2/../../../../arm-nacl/lib/libcrt_common.a(lib_a-strncmp.o)
                0x0000000000030700                strncmp
 .text          0x00000000000308b0     0x3a80 /Users/stevefar/nacl_sdk/pepper_45/toolchain/mac_arm_newlib/bin/../lib/gcc/arm-nacl/4.9.2/../../../../arm-nacl/lib/libcrt_common.a(lib_a-vfprintf.o)
                0x00000000000308b0                _vfprintf_r
                0x0000000000034170                vfprintf
 .text          0x0000000000034330      0x190 /Users/stevefar/nacl_sdk/pepper_45/toolchain/mac_arm_newlib/bin/../lib/gcc/arm-nacl/4.9.2/../../../../arm-nacl/lib/libcrt_common.a(lib_a-vsnprintf.o)
                0x0000000000034330                _vsnprintf_r
                0x0000000000034430                vsnprintf
 .text          0x00000000000344c0       0xe0 /Users/stevefar/nacl_sdk/pepper_45/toolchain/mac_arm_newlib/bin/../lib/gcc/arm-nacl/4.9.2/../../../../arm-nacl/lib/libcrt_common.a(lib_a-vsprintf.o)
                0x00000000000344c0                _vsprintf_r
                0x0000000000034540                vsprintf
 .text          0x00000000000345a0      0x240 /Users/stevefar/nacl_sdk/pepper_45/toolchain/mac_arm_newlib/bin/../lib/gcc/arm-nacl/4.9.2/../../../../arm-nacl/lib/libcrt_common.a(lib_a-wcrtomb.o)
                0x00000000000345a0                _wcrtomb_r
                0x00000000000346b0                wcrtomb
 .text          0x00000000000347e0       0xd0 /Users/stevefar/nacl_sdk/pepper_45/toolchain/mac_arm_newlib/bin/../lib/gcc/arm-nacl/4.9.2/../../../../arm-nacl/lib/libcrt_common.a(lib_a-wcsrtombs.o)
                0x00000000000347e0                _wcsrtombs_r
                0x0000000000034830                wcsrtombs
 .text          0x00000000000348b0      0x5b0 /Users/stevefar/nacl_sdk/pepper_45/toolchain/mac_arm_newlib/bin/../lib/gcc/arm-nacl/4.9.2/../../../../arm-nacl/lib/libcrt_common.a(lib_a-wctomb_r.o)
                0x00000000000348b0                __ascii_wctomb
                0x00000000000348f0                _wctomb_r
                0x0000000000034990                __utf8_wctomb
                0x0000000000034b00                __sjis_wctomb
                0x0000000000034bd0                __eucjp_wctomb
                0x0000000000034d00                __jis_wctomb
 .text          0x0000000000034e60      0x280 /Users/stevefar/nacl_sdk/pepper_45/toolchain/mac_arm_newlib/bin/../lib/gcc/arm-nacl/4.9.2/../../../../arm-nacl/lib/libcrt_common.a(lib_a-wsetup.o)
                0x0000000000034e60                __swsetup_r
 .text          0x00000000000350e0      0x1f0 /Users/stevefar/nacl_sdk/pepper_45/toolchain/mac_arm_newlib/bin/../lib/gcc/arm-nacl/4.9.2/../../../../arm-nacl/lib/libcrt_common.a(lib_a-__atexit.o)
                0x00000000000350e0                __register_exitproc
 .text          0x00000000000352d0      0x290 /Users/stevefar/nacl_sdk/pepper_45/toolchain/mac_arm_newlib/bin/../lib/gcc/arm-nacl/4.9.2/../../../../arm-nacl/lib/libcrt_common.a(lib_a-__call_atexit.o)
                0x00000000000352d0                __call_exitprocs
 .text          0x0000000000035560     0x1c60 /Users/stevefar/nacl_sdk/pepper_45/toolchain/mac_arm_newlib/bin/../lib/gcc/arm-nacl/4.9.2/../../../../arm-nacl/lib/libcrt_common.a(lib_a-dtoa.o)
                0x0000000000035810                _dtoa_r
 .text          0x00000000000371c0       0x20 /Users/stevefar/nacl_sdk/pepper_45/toolchain/mac_arm_newlib/bin/../lib/gcc/arm-nacl/4.9.2/../../../../arm-nacl/lib/libcrt_common.a(lib_a-envlock.o)
                0x00000000000371c0                __env_lock
                0x00000000000371d0                __env_unlock
 .text          0x00000000000371e0      0x2a0 /Users/stevefar/nacl_sdk/pepper_45/toolchain/mac_arm_newlib/bin/../lib/gcc/arm-nacl/4.9.2/../../../../arm-nacl/lib/libcrt_common.a(lib_a-fclose.o)
                0x00000000000371e0                _fclose_r
                0x0000000000037440                fclose
 .text          0x0000000000037480      0x810 /Users/stevefar/nacl_sdk/pepper_45/toolchain/mac_arm_newlib/bin/../lib/gcc/arm-nacl/4.9.2/../../../../arm-nacl/lib/libcrt_common.a(lib_a-fvwrite.o)
                0x0000000000037480                __sfvwrite_r
 .text          0x0000000000037c90     0x14d0 /Users/stevefar/nacl_sdk/pepper_45/toolchain/mac_arm_newlib/bin/../lib/gcc/arm-nacl/4.9.2/../../../../arm-nacl/lib/libcrt_common.a(lib_a-locale.o)
                0x0000000000038b60                _setlocale_r
                0x0000000000039060                __locale_charset
                0x0000000000039080                __locale_mb_cur_max
                0x00000000000390a0                __locale_msgcharset
                0x00000000000390c0                __locale_cjk_lang
                0x00000000000390e0                _localeconv_r
                0x0000000000039100                setlocale
                0x0000000000039140                localeconv
 .text          0x0000000000039160      0x250 /Users/stevefar/nacl_sdk/pepper_45/toolchain/mac_arm_newlib/bin/../lib/gcc/arm-nacl/4.9.2/../../../../arm-nacl/lib/libcrt_common.a(lib_a-makebuf.o)
                0x0000000000039160                __smakebuf_r
 .text          0x00000000000393b0      0xb60 /Users/stevefar/nacl_sdk/pepper_45/toolchain/mac_arm_newlib/bin/../lib/gcc/arm-nacl/4.9.2/../../../../arm-nacl/lib/libcrt_common.a(lib_a-mbtowc_r.o)
                0x00000000000393b0                __ascii_mbtowc
                0x0000000000039420                _mbtowc_r
                0x00000000000394d0                __utf8_mbtowc
                0x0000000000039940                __sjis_mbtowc
                0x0000000000039ab0                __eucjp_mbtowc
                0x0000000000039ca0                __jis_mbtowc
 .text          0x0000000000039f10      0x110 /Users/stevefar/nacl_sdk/pepper_45/toolchain/mac_arm_newlib/bin/../lib/gcc/arm-nacl/4.9.2/../../../../arm-nacl/lib/libcrt_common.a(lib_a-memchr.o)
                0x0000000000039f10                memchr
 .text          0x000000000003a020      0x1c0 /Users/stevefar/nacl_sdk/pepper_45/toolchain/mac_arm_newlib/bin/../lib/gcc/arm-nacl/4.9.2/../../../../arm-nacl/lib/libcrt_common.a(lib_a-memmove.o)
                0x000000000003a020                memmove
 .text          0x000000000003a1e0     0x1540 /Users/stevefar/nacl_sdk/pepper_45/toolchain/mac_arm_newlib/bin/../lib/gcc/arm-nacl/4.9.2/../../../../arm-nacl/lib/libcrt_common.a(lib_a-mprec.o)
                0x000000000003a1e0                _Balloc
                0x000000000003a300                _Bfree
                0x000000000003a350                __multadd
                0x000000000003a4c0                __s2b
                0x000000000003a610                __hi0bits
                0x000000000003a680                __lo0bits
                0x000000000003a740                __i2b
                0x000000000003a790                __multiply
                0x000000000003aa80                __pow5mult
                0x000000000003ac70                __lshift
                0x000000000003ae20                __mcmp
                0x000000000003aec0                __mdiff
                0x000000000003b0d0                __ulp
                0x000000000003b160                __b2d
                0x000000000003b2b0                __d2b
                0x000000000003b490                __ratio
                0x000000000003b560                _mprec_log10
                0x000000000003b5b0                __copybits
                0x000000000003b660                __any_on
 .text          0x000000000003b720       0x90 /Users/stevefar/nacl_sdk/pepper_45/toolchain/mac_arm_newlib/bin/../lib/gcc/arm-nacl/4.9.2/../../../../arm-nacl/lib/libcrt_common.a(lib_a-s_fpclassify.o)
                0x000000000003b720                __fpclassifyd
 .text          0x000000000003b7b0       0xd0 /Users/stevefar/nacl_sdk/pepper_45/toolchain/mac_arm_newlib/bin/../lib/gcc/arm-nacl/4.9.2/../../../../arm-nacl/lib/libcrt_common.a(lib_a-s_frexp.o)
                0x000000000003b7b0                frexp
 .text          0x000000000003b880       0x90 /Users/stevefar/nacl_sdk/pepper_45/toolchain/mac_arm_newlib/bin/../lib/gcc/arm-nacl/4.9.2/../../../../arm-nacl/lib/libcrt_common.a(lib_a-strcasecmp.o)
                0x000000000003b880                strcasecmp
 .text          0x000000000003b910       0xd0 /Users/stevefar/nacl_sdk/pepper_45/toolchain/mac_arm_newlib/bin/../lib/gcc/arm-nacl/4.9.2/../../../../arm-nacl/lib/libcrt_common.a(lib_a-strcat.o)
                0x000000000003b910                strcat
 .text          0x000000000003b9e0      0x230 /Users/stevefar/nacl_sdk/pepper_45/toolchain/mac_arm_newlib/bin/../lib/gcc/arm-nacl/4.9.2/../../../../arm-nacl/lib/libcrt_common.a(lib_a-strchr.o)
                0x000000000003b9e0                strchr
 .text          0x000000000003bc10      0x160 /Users/stevefar/nacl_sdk/pepper_45/toolchain/mac_arm_newlib/bin/../lib/gcc/arm-nacl/4.9.2/../../../../arm-nacl/lib/libcrt_common.a(lib_a-strcpy.o)
                0x000000000003bc10                strcpy
 .text          0x000000000003bd70       0x70 /Users/stevefar/nacl_sdk/pepper_45/toolchain/mac_arm_newlib/bin/../lib/gcc/arm-nacl/4.9.2/../../../../arm-nacl/lib/libcrt_common.a(lib_a-strlcpy.o)
                0x000000000003bd70                strlcpy
 .text          0x000000000003bde0       0xe0 /Users/stevefar/nacl_sdk/pepper_45/toolchain/mac_arm_newlib/bin/../lib/gcc/arm-nacl/4.9.2/../../../../arm-nacl/lib/libcrt_common.a(lib_a-strncasecmp.o)
                0x000000000003bde0                strncasecmp
 .text          0x000000000003bec0      0x140 /Users/stevefar/nacl_sdk/pepper_45/toolchain/mac_arm_newlib/bin/../lib/gcc/arm-nacl/4.9.2/../../../../arm-nacl/lib/libcrt_common.a(lib_a-strncpy.o)
                0x000000000003bec0                strncpy
 .text          0x000000000003c000      0x350 /Users/stevefar/nacl_sdk/pepper_45/toolchain/mac_arm_newlib/bin/../lib/gcc/arm-nacl/4.9.2/../../../../arm-nacl/lib/libcrt_common.a(lib_a-strtol.o)
                0x000000000003c000                _strtol_r
                0x000000000003c2f0                strtol
 .text          0x000000000003c350     0x3730 /Users/stevefar/nacl_sdk/pepper_45/toolchain/mac_arm_newlib/bin/../lib/gcc/arm-nacl/4.9.2/../../../../arm-nacl/lib/libcrt_common.a(lib_a-svfprintf.o)
                0x000000000003c350                _svfprintf_r
 .text          0x000000000003fa80     0x23b0 /Users/stevefar/nacl_sdk/pepper_45/toolchain/mac_arm_newlib/bin/../lib/gcc/arm-nacl/4.9.2/../../../../arm-nacl/lib/libcrt_common.a(lib_a-vfiprintf.o)
                0x000000000003fbd0                __sprint_r
                0x000000000003fc10                _vfiprintf_r
                0x0000000000041c70                vfiprintf
 .text          0x0000000000041e30      0x330 /Users/stevefar/nacl_sdk/pepper_45/toolchain/mac_arm_newlib/bin/../lib/gcc/arm-nacl/4.9.2/../../../../arm-nacl/lib/libcrt_common.a(lib_a-wcsnrtombs.o)
                0x0000000000041e30                _wcsnrtombs_r
                0x00000000000420c0                wcsnrtombs
 .text          0x0000000000042160       0x20 /Users/stevefar/nacl_sdk/pepper_45/toolchain/mac_arm_newlib/bin/../lib/gcc/arm-nacl/4.9.2/../../../../arm-nacl/lib/libcrt_common.a(lib_a-ctype_.o)
                0x0000000000042160                __set_ctype
 .text          0x0000000000042180      0x340 /Users/stevefar/nacl_sdk/pepper_45/toolchain/mac_arm_newlib/bin/../lib/gcc/arm-nacl/4.9.2/../../../../arm-nacl/lib/libcrt_common.a(lib_a-fputwc.o)
                0x0000000000042180                _fputwc_r
                0x0000000000042420                fputwc
 .text          0x00000000000424c0     0x1f40 /Users/stevefar/nacl_sdk/pepper_45/toolchain/mac_arm_newlib/bin/../lib/gcc/arm-nacl/4.9.2/../../../../arm-nacl/lib/libcrt_common.a(lib_a-svfiprintf.o)
                0x00000000000424c0                __ssprint_r
                0x00000000000427c0                _svfiprintf_r
 .text          0x0000000000044400      0x250 /Users/stevefar/nacl_sdk/pepper_45/toolchain/mac_arm_newlib/bin/../lib/gcc/arm-nacl/4.9.2/../../../../arm-nacl/lib/libcrt_common.a(lib_a-wbuf.o)
                0x0000000000044400                __swbuf_r
                0x0000000000044610                __swbuf
 .text          0x0000000000044650       0x80 /Users/stevefar/nacl_sdk/pepper_45/toolchain/mac_arm_newlib/bin/../lib/gcc/arm-nacl/4.9.2/../../../../arm-nacl/lib/libnacl.a(close_e9b92fbd.o)
                0x0000000000044650                close
 .text          0x00000000000446d0       0xd0 /Users/stevefar/nacl_sdk/pepper_45/toolchain/mac_arm_newlib/bin/../lib/gcc/arm-nacl/4.9.2/../../../../arm-nacl/lib/libnacl.a(isatty_02f56e94.o)
                0x00000000000446d0                isatty
 .text          0x00000000000447a0       0xc0 /Users/stevefar/nacl_sdk/pepper_45/toolchain/mac_arm_newlib/bin/../lib/gcc/arm-nacl/4.9.2/../../../../arm-nacl/lib/libnacl.a(nacl_irt_fdio_b571b5e7.o)
                0x00000000000447a0                __libnacl_irt_dev_fdio_init
 .text          0x0000000000044860       0x80 /Users/stevefar/nacl_sdk/pepper_45/toolchain/mac_arm_newlib/bin/../lib/gcc/arm-nacl/4.9.2/../../../../arm-nacl/lib/libnacl.a(fstat_0540ff63.o)
                0x0000000000044860                fstat
 .text          0x00000000000448e0       0xa0 /Users/stevefar/nacl_sdk/pepper_45/toolchain/mac_arm_newlib/bin/../lib/gcc/arm-nacl/4.9.2/../../../../arm-nacl/lib/libnacl.a(lseek_64d2d05c.o)
                0x00000000000448e0                lseek
 .text          0x0000000000044980       0x90 /Users/stevefar/nacl_sdk/pepper_45/toolchain/mac_arm_newlib/bin/../lib/gcc/arm-nacl/4.9.2/../../../../arm-nacl/lib/libnacl.a(read_df872e10.o)
                0x0000000000044980                read
 .text          0x0000000000044a10       0x80 /Users/stevefar/nacl_sdk/pepper_45/toolchain/mac_arm_newlib/bin/../lib/gcc/arm-nacl/4.9.2/../../../../arm-nacl/lib/libnacl.a(nanosleep_e59fdef1.o)
                0x0000000000044a10                nanosleep
 .text          0x0000000000044a90      0x2d0 /Users/stevefar/nacl_sdk/pepper_45/toolchain/mac_arm_newlib/bin/../lib/gcc/arm-nacl/4.9.2/libgcc.a(_udivsi3.o)
                0x0000000000044a90                __udivsi3
                0x0000000000044a90                __aeabi_uidiv
                0x0000000000044d20                __aeabi_uidivmod
 .text          0x0000000000044d60      0x300 /Users/stevefar/nacl_sdk/pepper_45/toolchain/mac_arm_newlib/bin/../lib/gcc/arm-nacl/4.9.2/libgcc.a(_divsi3.o)
                0x0000000000044d60                __aeabi_idiv
                0x0000000000044d60                __divsi3
                0x0000000000045020                __aeabi_idivmod
 .text          0x0000000000045060       0x60 /Users/stevefar/nacl_sdk/pepper_45/toolchain/mac_arm_newlib/bin/../lib/gcc/arm-nacl/4.9.2/libgcc.a(_aeabi_uldivmod.o)
                0x0000000000045060                __aeabi_uldivmod
 .text          0x00000000000450c0       0x10 /Users/stevefar/nacl_sdk/pepper_45/toolchain/mac_arm_newlib/bin/../lib/gcc/arm-nacl/4.9.2/libgcc.a(_dvmd_nacl.o)
                0x00000000000450c0                __aeabi_ldiv0
                0x00000000000450c0                __aeabi_idiv0
 .text          0x00000000000450d0      0x100 /Users/stevefar/nacl_sdk/pepper_45/toolchain/mac_arm_newlib/bin/../lib/gcc/arm-nacl/4.9.2/libgcc.a(bpabi.o)
                0x00000000000450d0                __gnu_ldivmod_helper
                0x0000000000045150                __gnu_uldivmod_helper
 .text          0x00000000000451d0      0x210 /Users/stevefar/nacl_sdk/pepper_45/toolchain/mac_arm_newlib/bin/../lib/gcc/arm-nacl/4.9.2/libgcc.a(_divdi3.o)
                0x00000000000451d0                __divdi3
 .text          0x00000000000453e0      0x150 /Users/stevefar/nacl_sdk/pepper_45/toolchain/mac_arm_newlib/bin/../lib/gcc/arm-nacl/4.9.2/libgcc.a(_udivdi3.o)
                0x00000000000453e0                __udivdi3
 .text          0x0000000000045530        0x0 /Users/stevefar/nacl_sdk/pepper_45/toolchain/mac_arm_newlib/bin/../lib/gcc/arm-nacl/4.9.2/crtend.o
 .text          0x0000000000045530        0x0 /Users/stevefar/nacl_sdk/pepper_45/toolchain/mac_arm_newlib/bin/../lib/gcc/arm-nacl/4.9.2/../../../../arm-nacl/lib/crtn.o
 *(.gnu.warning)
 *(.glue_7t)
 .glue_7t       0x0000000000045530        0x0 linker stubs
 *(.glue_7)
 .glue_7        0x0000000000045530        0x0 linker stubs
 *(.vfp11_veneer)
 .vfp11_veneer  0x0000000000045530        0x0 linker stubs
 *(.v4_bx)
 .v4_bx         0x0000000000045530        0x0 linker stubs

.fini           0x0000000000045530       0x10
 *(SORT(.fini))
 .fini          0x0000000000045530        0x0 /Users/stevefar/nacl_sdk/pepper_45/toolchain/mac_arm_newlib/bin/../lib/gcc/arm-nacl/4.9.2/../../../../arm-nacl/lib/crti.o
                0x0000000000045530                _fini
 .fini          0x0000000000045530       0x10 /Users/stevefar/nacl_sdk/pepper_45/toolchain/mac_arm_newlib/bin/../lib/gcc/arm-nacl/4.9.2/../../../../arm-nacl/lib/crtn.o
                0x0000000000045540                PROVIDE (__etext, .)
                0x0000000000045540                PROVIDE (_etext, .)
                0x0000000000045540                PROVIDE (etext, .)
                0x0000000010020134                . = (0x10020000 + SIZEOF_HEADERS)

.interp
 *(.interp)

.note.NaCl.ABI.arm
                0x0000000010020134       0x18
 .note.NaCl.ABI.arm
                0x0000000010020134       0x18 /Users/stevefar/nacl_sdk/pepper_45/toolchain/mac_arm_newlib/bin/../lib/gcc/arm-nacl/4.9.2/../../../../arm-nacl/lib/crti.o

.note.gnu.build-id
                0x000000001002014c       0x24
 *(.note.gnu.build-id)
 .note.gnu.build-id
                0x000000001002014c       0x24 linker stubs

.hash
 *(.hash)

.gnu.hash
 *(.gnu.hash)

.dynsym
 *(.dynsym)

.dynstr
 *(.dynstr)

.gnu.version
 *(.gnu.version)

.gnu.version_d
 *(.gnu.version_d)

.gnu.version_r
 *(.gnu.version_r)

.rel.dyn        0x0000000010020170        0x0
 *(.rel.init)
 *(.rel.text .rel.text.* .rel.gnu.linkonce.t.*)
 *(.rel.fini)
 *(.rel.rodata .rel.rodata.* .rel.gnu.linkonce.r.*)
 *(.rel.data.rel.ro .rel.data.rel.ro.* .rel.gnu.linkonce.d.rel.ro.*)
 *(.rel.data .rel.data.* .rel.gnu.linkonce.d.*)
 *(.rel.tdata .rel.tdata.* .rel.gnu.linkonce.td.*)
 *(.rel.tbss .rel.tbss.* .rel.gnu.linkonce.tb.*)
 *(.rel.ctors)
 *(.rel.dtors)
 *(.rel.got)
 .rel.got       0x0000000010020170        0x0 /Users/stevefar/nacl_sdk/pepper_45/toolchain/mac_arm_newlib/bin/../lib/gcc/arm-nacl/4.9.2/crtbegin.o
 *(.rel.bss .rel.bss.* .rel.gnu.linkonce.b.*)
                0x0000000010020170                PROVIDE (__rel_iplt_start, .)
 *(.rel.iplt)
 .rel.iplt      0x0000000010020170        0x0 /Users/stevefar/nacl_sdk/pepper_45/toolchain/mac_arm_newlib/bin/../lib/gcc/arm-nacl/4.9.2/crtbegin.o
                0x0000000010020170                PROVIDE (__rel_iplt_end, .)

.rela.dyn       0x0000000010020170        0x0
 *(.rela.init)
 *(.rela.text .rela.text.* .rela.gnu.linkonce.t.*)
 *(.rela.fini)
 *(.rela.rodata .rela.rodata.* .rela.gnu.linkonce.r.*)
 *(.rela.data .rela.data.* .rela.gnu.linkonce.d.*)
 *(.rela.tdata .rela.tdata.* .rela.gnu.linkonce.td.*)
 *(.rela.tbss .rela.tbss.* .rela.gnu.linkonce.tb.*)
 *(.rela.ctors)
 *(.rela.dtors)
 *(.rela.got)
 *(.rela.bss .rela.bss.* .rela.gnu.linkonce.b.*)
                0x0000000010020170                PROVIDE (__rela_iplt_start, .)
 *(.rela.iplt)
                0x0000000010020170                PROVIDE (__rela_iplt_end, .)

.rel.plt
 *(.rel.plt)

.rela.plt
 *(.rela.plt)

.rodata         0x0000000010020170      0xbbc
 *(.rodata .rodata.* .gnu.linkonce.r.*)
 .rodata.str1.4
                0x0000000010020170       0xee newlib/Release/debugging_arm.o
                                         0xf0 (size before relaxing)
 *fill*         0x000000001002025e        0x2 
 .rodata.str1.4
                0x0000000010020260      0x1dc /Users/stevefar/nacl_sdk/pepper_45/lib/newlib_arm/Release/liberror_handling.a(error_handling_arm.o)
 .rodata.str1.4
                0x000000001002043c       0xb1 /Users/stevefar/nacl_sdk/pepper_45/toolchain/mac_arm_newlib/bin/../lib/gcc/arm-nacl/4.9.2/../../../../arm-nacl/lib/libppapi_stub.a(ppapi_plugin_start_8da67623.o)
                                         0xb4 (size before relaxing)
 *fill*         0x00000000100204ed        0x3 
 .rodata        0x00000000100204f0        0x4 /Users/stevefar/nacl_sdk/pepper_45/toolchain/mac_arm_newlib/bin/../lib/gcc/arm-nacl/4.9.2/../../../../arm-nacl/lib/libpthread.a(nc_thread_7e478b15.o)
                0x00000000100204f0                __nc_kMaxCachedMemoryBlocks
 .rodata.str1.4
                0x00000000100204f4        0xc /Users/stevefar/nacl_sdk/pepper_45/toolchain/mac_arm_newlib/bin/../lib/gcc/arm-nacl/4.9.2/../../../../arm-nacl/lib/libpthread.a(nc_thread_7e478b15.o)
 .rodata.str1.4
                0x0000000010020500       0x14 /Users/stevefar/nacl_sdk/pepper_45/toolchain/mac_arm_newlib/bin/../lib/gcc/arm-nacl/4.9.2/../../../../arm-nacl/lib/libpthread.a(dynamic_annotations_33ba59cc.o)
                                         0x18 (size before relaxing)
 .rodata.str1.4
                0x0000000010020514       0x27 /Users/stevefar/nacl_sdk/pepper_45/toolchain/mac_arm_newlib/bin/../lib/gcc/arm-nacl/4.9.2/../../../../arm-nacl/lib/libpthread.a(nc_init_irt_d3daafc0.o)
                                         0x28 (size before relaxing)
 *fill*         0x000000001002053b        0x1 
 .rodata        0x000000001002053c       0x14 /Users/stevefar/nacl_sdk/pepper_45/toolchain/mac_arm_newlib/bin/../lib/gcc/arm-nacl/4.9.2/../../../../arm-nacl/lib/libnacl.a(abort_9f6b5845.o)
 .rodata.str1.4
                0x0000000010020550       0x52 /Users/stevefar/nacl_sdk/pepper_45/toolchain/mac_arm_newlib/bin/../lib/gcc/arm-nacl/4.9.2/../../../../arm-nacl/lib/libnacl.a(malloc_222c4a1e.o)
                                         0x54 (size before relaxing)
 *fill*         0x00000000100205a2        0x2 
 .rodata.str1.4
                0x00000000100205a4       0x58 /Users/stevefar/nacl_sdk/pepper_45/toolchain/mac_arm_newlib/bin/../lib/gcc/arm-nacl/4.9.2/../../../../arm-nacl/lib/libnacl.a(nacl_irt_6de1d53f.o)
 .rodata.str1.4
                0x00000000100205fc       0x8d /Users/stevefar/nacl_sdk/pepper_45/toolchain/mac_arm_newlib/bin/../lib/gcc/arm-nacl/4.9.2/../../../../arm-nacl/lib/libnacl.a(nacl_irt_init_7b4f826e.o)
                                         0x90 (size before relaxing)
 *fill*         0x0000000010020689        0x3 
 .rodata        0x000000001002068c        0x4 /Users/stevefar/nacl_sdk/pepper_45/toolchain/mac_arm_newlib/bin/../lib/gcc/arm-nacl/4.9.2/../../../../arm-nacl/lib/libcrt_common.a(lib_a-impure.o)
                0x000000001002068c                _global_impure_ptr
 .rodata.str1.4
                0x0000000010020690        0x2 /Users/stevefar/nacl_sdk/pepper_45/toolchain/mac_arm_newlib/bin/../lib/gcc/arm-nacl/4.9.2/../../../../arm-nacl/lib/libcrt_common.a(lib_a-impure.o)
                                          0x4 (size before relaxing)
 *fill*         0x0000000010020692        0x2 
 .rodata        0x0000000010020694       0x20 /Users/stevefar/nacl_sdk/pepper_45/toolchain/mac_arm_newlib/bin/../lib/gcc/arm-nacl/4.9.2/../../../../arm-nacl/lib/libcrt_common.a(lib_a-vfprintf.o)
 .rodata.str1.4
                0x00000000100206b4       0x3f /Users/stevefar/nacl_sdk/pepper_45/toolchain/mac_arm_newlib/bin/../lib/gcc/arm-nacl/4.9.2/../../../../arm-nacl/lib/libcrt_common.a(lib_a-vfprintf.o)
                                         0x44 (size before relaxing)
 *fill*         0x00000000100206f3        0x1 
 .rodata.str1.4
                0x00000000100206f4       0x10 /Users/stevefar/nacl_sdk/pepper_45/toolchain/mac_arm_newlib/bin/../lib/gcc/arm-nacl/4.9.2/../../../../arm-nacl/lib/libcrt_common.a(lib_a-dtoa.o)
                                         0x14 (size before relaxing)
 .rodata        0x0000000010020704       0x1c /Users/stevefar/nacl_sdk/pepper_45/toolchain/mac_arm_newlib/bin/../lib/gcc/arm-nacl/4.9.2/../../../../arm-nacl/lib/libcrt_common.a(lib_a-locale.o)
 .rodata.str1.4
                0x0000000010020720      0x124 /Users/stevefar/nacl_sdk/pepper_45/toolchain/mac_arm_newlib/bin/../lib/gcc/arm-nacl/4.9.2/../../../../arm-nacl/lib/libcrt_common.a(lib_a-locale.o)
                                        0x130 (size before relaxing)
 .rodata        0x0000000010020844      0x240 /Users/stevefar/nacl_sdk/pepper_45/toolchain/mac_arm_newlib/bin/../lib/gcc/arm-nacl/4.9.2/../../../../arm-nacl/lib/libcrt_common.a(lib_a-mbtowc_r.o)
 *fill*         0x0000000010020a84        0x4 
 .rodata        0x0000000010020a88      0x128 /Users/stevefar/nacl_sdk/pepper_45/toolchain/mac_arm_newlib/bin/../lib/gcc/arm-nacl/4.9.2/../../../../arm-nacl/lib/libcrt_common.a(lib_a-mprec.o)
                0x0000000010020a98                __mprec_tens
                0x0000000010020b60                __mprec_tinytens
                0x0000000010020b88                __mprec_bigtens
 .rodata        0x0000000010020bb0       0x20 /Users/stevefar/nacl_sdk/pepper_45/toolchain/mac_arm_newlib/bin/../lib/gcc/arm-nacl/4.9.2/../../../../arm-nacl/lib/libcrt_common.a(lib_a-svfprintf.o)
 .rodata.str1.4
                0x0000000010020bd0       0x44 /Users/stevefar/nacl_sdk/pepper_45/toolchain/mac_arm_newlib/bin/../lib/gcc/arm-nacl/4.9.2/../../../../arm-nacl/lib/libcrt_common.a(lib_a-svfprintf.o)
 .rodata        0x0000000010020bd0       0x20 /Users/stevefar/nacl_sdk/pepper_45/toolchain/mac_arm_newlib/bin/../lib/gcc/arm-nacl/4.9.2/../../../../arm-nacl/lib/libcrt_common.a(lib_a-vfiprintf.o)
 .rodata.str1.4
                0x0000000010020bf0       0x30 /Users/stevefar/nacl_sdk/pepper_45/toolchain/mac_arm_newlib/bin/../lib/gcc/arm-nacl/4.9.2/../../../../arm-nacl/lib/libcrt_common.a(lib_a-vfiprintf.o)
 .rodata        0x0000000010020bf0      0x104 /Users/stevefar/nacl_sdk/pepper_45/toolchain/mac_arm_newlib/bin/../lib/gcc/arm-nacl/4.9.2/../../../../arm-nacl/lib/libcrt_common.a(lib_a-ctype_.o)
                0x0000000010020bf0                _ctype_
 .rodata        0x0000000010020cf4       0x20 /Users/stevefar/nacl_sdk/pepper_45/toolchain/mac_arm_newlib/bin/../lib/gcc/arm-nacl/4.9.2/../../../../arm-nacl/lib/libcrt_common.a(lib_a-svfiprintf.o)
 .rodata.str1.4
                0x0000000010020d14       0x30 /Users/stevefar/nacl_sdk/pepper_45/toolchain/mac_arm_newlib/bin/../lib/gcc/arm-nacl/4.9.2/../../../../arm-nacl/lib/libcrt_common.a(lib_a-svfiprintf.o)
 .rodata.str1.4
                0x0000000010020d14       0x18 /Users/stevefar/nacl_sdk/pepper_45/toolchain/mac_arm_newlib/bin/../lib/gcc/arm-nacl/4.9.2/../../../../arm-nacl/lib/libnacl.a(nacl_irt_fdio_b571b5e7.o)
                                         0x44 (size before relaxing)

.rodata1
 *(.rodata1)

.ARM.extab      0x0000000010020d2c       0x30
 *(.ARM.extab* .gnu.linkonce.armextab.*)
 .ARM.extab.text.startup
                0x0000000010020d2c        0x0 /Users/stevefar/nacl_sdk/pepper_45/toolchain/mac_arm_newlib/bin/../lib/gcc/arm-nacl/4.9.2/../../../../arm-nacl/lib/libppapi_stub.a(plugin_main_irt_21ce9d26.o)
 .ARM.extab     0x0000000010020d2c        0x0 /Users/stevefar/nacl_sdk/pepper_45/toolchain/mac_arm_newlib/bin/../lib/gcc/arm-nacl/4.9.2/../../../../arm-nacl/lib/libppapi_stub.a(ppapi_plugin_main_399d0cf7.o)
 .ARM.extab.text.unlikely
                0x0000000010020d2c        0x0 /Users/stevefar/nacl_sdk/pepper_45/toolchain/mac_arm_newlib/bin/../lib/gcc/arm-nacl/4.9.2/../../../../arm-nacl/lib/libppapi_stub.a(ppapi_plugin_start_8da67623.o)
 .ARM.extab     0x0000000010020d2c        0x0 /Users/stevefar/nacl_sdk/pepper_45/toolchain/mac_arm_newlib/bin/../lib/gcc/arm-nacl/4.9.2/../../../../arm-nacl/lib/libppapi_stub.a(ppapi_plugin_start_8da67623.o)
 .ARM.extab     0x0000000010020d2c        0x0 /Users/stevefar/nacl_sdk/pepper_45/toolchain/mac_arm_newlib/bin/../lib/gcc/arm-nacl/4.9.2/../../../../arm-nacl/lib/libppapi_stub.a(thread_creator_ccf263e1.o)
 .ARM.extab     0x0000000010020d2c        0x0 /Users/stevefar/nacl_sdk/pepper_45/toolchain/mac_arm_newlib/bin/../lib/gcc/arm-nacl/4.9.2/../../../../arm-nacl/lib/libpthread.a(nc_thread_7e478b15.o)
 .ARM.extab     0x0000000010020d2c        0x0 /Users/stevefar/nacl_sdk/pepper_45/toolchain/mac_arm_newlib/bin/../lib/gcc/arm-nacl/4.9.2/../../../../arm-nacl/lib/libpthread.a(nc_condvar_305aa45a.o)
 .ARM.extab     0x0000000010020d2c        0x0 /Users/stevefar/nacl_sdk/pepper_45/toolchain/mac_arm_newlib/bin/../lib/gcc/arm-nacl/4.9.2/../../../../arm-nacl/lib/libpthread.a(dynamic_annotations_33ba59cc.o)
 .ARM.extab     0x0000000010020d2c        0x0 /Users/stevefar/nacl_sdk/pepper_45/toolchain/mac_arm_newlib/bin/../lib/gcc/arm-nacl/4.9.2/../../../../arm-nacl/lib/libpthread.a(nc_mutex_86341ae1.o)
 .ARM.extab     0x0000000010020d2c        0x0 /Users/stevefar/nacl_sdk/pepper_45/toolchain/mac_arm_newlib/bin/../lib/gcc/arm-nacl/4.9.2/../../../../arm-nacl/lib/libpthread.a(nc_init_irt_d3daafc0.o)
 .ARM.extab     0x0000000010020d2c       0x30 /Users/stevefar/nacl_sdk/pepper_45/toolchain/mac_arm_newlib/bin/../lib/gcc/arm-nacl/4.9.2/libgcc.a(unwind-arm.o)
 .ARM.extab     0x0000000010020d5c        0x0 /Users/stevefar/nacl_sdk/pepper_45/toolchain/mac_arm_newlib/bin/../lib/gcc/arm-nacl/4.9.2/libgcc.a(pr-support.o)
 .ARM.extab     0x0000000010020d5c        0x0 /Users/stevefar/nacl_sdk/pepper_45/toolchain/mac_arm_newlib/bin/../lib/gcc/arm-nacl/4.9.2/../../../../arm-nacl/lib/libnacl.a(_exit_710c7d0d.o)
 .ARM.extab     0x0000000010020d5c        0x0 /Users/stevefar/nacl_sdk/pepper_45/toolchain/mac_arm_newlib/bin/../lib/gcc/arm-nacl/4.9.2/../../../../arm-nacl/lib/libnacl.a(abort_9f6b5845.o)
 .ARM.extab     0x0000000010020d5c        0x0 /Users/stevefar/nacl_sdk/pepper_45/toolchain/mac_arm_newlib/bin/../lib/gcc/arm-nacl/4.9.2/../../../../arm-nacl/lib/libnacl.a(malloc_222c4a1e.o)
 .ARM.extab     0x0000000010020d5c        0x0 /Users/stevefar/nacl_sdk/pepper_45/toolchain/mac_arm_newlib/bin/../lib/gcc/arm-nacl/4.9.2/../../../../arm-nacl/lib/libnacl.a(nacl_irt_6de1d53f.o)
 .ARM.extab     0x0000000010020d5c        0x0 /Users/stevefar/nacl_sdk/pepper_45/toolchain/mac_arm_newlib/bin/../lib/gcc/arm-nacl/4.9.2/../../../../arm-nacl/lib/libnacl.a(pthread_initialize_minimal_4b6e776b.o)
 .ARM.extab     0x0000000010020d5c        0x0 /Users/stevefar/nacl_sdk/pepper_45/toolchain/mac_arm_newlib/bin/../lib/gcc/arm-nacl/4.9.2/../../../../arm-nacl/lib/libnacl.a(nacl_read_tp_5748ac47.o)
 .ARM.extab     0x0000000010020d5c        0x0 /Users/stevefar/nacl_sdk/pepper_45/toolchain/mac_arm_newlib/bin/../lib/gcc/arm-nacl/4.9.2/../../../../arm-nacl/lib/libnacl.a(nacl_interface_query_ef8a99f1.o)
 .ARM.extab     0x0000000010020d5c        0x0 /Users/stevefar/nacl_sdk/pepper_45/toolchain/mac_arm_newlib/bin/../lib/gcc/arm-nacl/4.9.2/../../../../arm-nacl/lib/libnacl.a(mmap_767fb080.o)
 .ARM.extab     0x0000000010020d5c        0x0 /Users/stevefar/nacl_sdk/pepper_45/toolchain/mac_arm_newlib/bin/../lib/gcc/arm-nacl/4.9.2/../../../../arm-nacl/lib/libnacl.a(sched_yield_56c375be.o)
 .ARM.extab     0x0000000010020d5c        0x0 /Users/stevefar/nacl_sdk/pepper_45/toolchain/mac_arm_newlib/bin/../lib/gcc/arm-nacl/4.9.2/../../../../arm-nacl/lib/libnacl.a(start_fa9ef7de.o)
 .ARM.extab     0x0000000010020d5c        0x0 /Users/stevefar/nacl_sdk/pepper_45/toolchain/mac_arm_newlib/bin/../lib/gcc/arm-nacl/4.9.2/../../../../arm-nacl/lib/libnacl.a(munmap_d4f09867.o)
 .ARM.extab     0x0000000010020d5c        0x0 /Users/stevefar/nacl_sdk/pepper_45/toolchain/mac_arm_newlib/bin/../lib/gcc/arm-nacl/4.9.2/../../../../arm-nacl/lib/libnacl.a(tls_bba1975b.o)
 .ARM.extab     0x0000000010020d5c        0x0 /Users/stevefar/nacl_sdk/pepper_45/toolchain/mac_arm_newlib/bin/../lib/gcc/arm-nacl/4.9.2/../../../../arm-nacl/lib/libnacl.a(write_fb49787f.o)
 .ARM.extab     0x0000000010020d5c        0x0 /Users/stevefar/nacl_sdk/pepper_45/toolchain/mac_arm_newlib/bin/../lib/gcc/arm-nacl/4.9.2/../../../../arm-nacl/lib/libnacl.a(nacl_tls_get_d2f842b5.o)
 .ARM.extab     0x0000000010020d5c        0x0 /Users/stevefar/nacl_sdk/pepper_45/toolchain/mac_arm_newlib/bin/../lib/gcc/arm-nacl/4.9.2/../../../../arm-nacl/lib/libnacl.a(nacl_irt_init_7b4f826e.o)
 .ARM.extab     0x0000000010020d5c        0x0 /Users/stevefar/nacl_sdk/pepper_45/toolchain/mac_arm_newlib/bin/../lib/gcc/arm-nacl/4.9.2/../../../../arm-nacl/lib/libnacl.a(sysconf_ad295ea2.o)
 .ARM.extab     0x0000000010020d5c        0x0 /Users/stevefar/nacl_sdk/pepper_45/toolchain/mac_arm_newlib/bin/../lib/gcc/arm-nacl/4.9.2/../../../../arm-nacl/lib/libnacl.a(nacl_tls_init_eb0cd232.o)
 .ARM.extab     0x0000000010020d5c        0x0 /Users/stevefar/nacl_sdk/pepper_45/toolchain/mac_arm_newlib/bin/../lib/gcc/arm-nacl/4.9.2/../../../../arm-nacl/lib/libnacl.a(close_e9b92fbd.o)
 .ARM.extab     0x0000000010020d5c        0x0 /Users/stevefar/nacl_sdk/pepper_45/toolchain/mac_arm_newlib/bin/../lib/gcc/arm-nacl/4.9.2/../../../../arm-nacl/lib/libnacl.a(isatty_02f56e94.o)
 .ARM.extab     0x0000000010020d5c        0x0 /Users/stevefar/nacl_sdk/pepper_45/toolchain/mac_arm_newlib/bin/../lib/gcc/arm-nacl/4.9.2/../../../../arm-nacl/lib/libnacl.a(nacl_irt_fdio_b571b5e7.o)
 .ARM.extab     0x0000000010020d5c        0x0 /Users/stevefar/nacl_sdk/pepper_45/toolchain/mac_arm_newlib/bin/../lib/gcc/arm-nacl/4.9.2/../../../../arm-nacl/lib/libnacl.a(fstat_0540ff63.o)
 .ARM.extab     0x0000000010020d5c        0x0 /Users/stevefar/nacl_sdk/pepper_45/toolchain/mac_arm_newlib/bin/../lib/gcc/arm-nacl/4.9.2/../../../../arm-nacl/lib/libnacl.a(lseek_64d2d05c.o)
 .ARM.extab     0x0000000010020d5c        0x0 /Users/stevefar/nacl_sdk/pepper_45/toolchain/mac_arm_newlib/bin/../lib/gcc/arm-nacl/4.9.2/../../../../arm-nacl/lib/libnacl.a(read_df872e10.o)
 .ARM.extab     0x0000000010020d5c        0x0 /Users/stevefar/nacl_sdk/pepper_45/toolchain/mac_arm_newlib/bin/../lib/gcc/arm-nacl/4.9.2/../../../../arm-nacl/lib/libnacl.a(nanosleep_e59fdef1.o)
 .ARM.extab     0x0000000010020d5c        0x0 /Users/stevefar/nacl_sdk/pepper_45/toolchain/mac_arm_newlib/bin/../lib/gcc/arm-nacl/4.9.2/libgcc.a(_divdi3.o)
 .ARM.extab     0x0000000010020d5c        0x0 /Users/stevefar/nacl_sdk/pepper_45/toolchain/mac_arm_newlib/bin/../lib/gcc/arm-nacl/4.9.2/libgcc.a(_udivdi3.o)
                0x0000000010020d5c                PROVIDE (__exidx_start, .)

.ARM.exidx      0x0000000010020d5c      0x338
 *(.ARM.exidx* .gnu.linkonce.armexidx.*)
 .ARM.exidx.text.startup
                0x0000000010020d64       0x10 /Users/stevefar/nacl_sdk/pepper_45/toolchain/mac_arm_newlib/bin/../lib/gcc/arm-nacl/4.9.2/../../../../arm-nacl/lib/libppapi_stub.a(plugin_main_irt_21ce9d26.o)
                                          0x8 (size before relaxing)
 .ARM.exidx     0x0000000010020d74        0x8 /Users/stevefar/nacl_sdk/pepper_45/toolchain/mac_arm_newlib/bin/../lib/gcc/arm-nacl/4.9.2/../../../../arm-nacl/lib/libppapi_stub.a(ppapi_plugin_main_399d0cf7.o)
 .ARM.exidx.text.unlikely
                0x0000000010020d5c        0x8 /Users/stevefar/nacl_sdk/pepper_45/toolchain/mac_arm_newlib/bin/../lib/gcc/arm-nacl/4.9.2/../../../../arm-nacl/lib/libppapi_stub.a(ppapi_plugin_start_8da67623.o)
 .ARM.exidx     0x0000000010020d7c        0x8 /Users/stevefar/nacl_sdk/pepper_45/toolchain/mac_arm_newlib/bin/../lib/gcc/arm-nacl/4.9.2/../../../../arm-nacl/lib/libppapi_stub.a(ppapi_plugin_start_8da67623.o)
 .ARM.exidx     0x0000000010020d84        0x8 /Users/stevefar/nacl_sdk/pepper_45/toolchain/mac_arm_newlib/bin/../lib/gcc/arm-nacl/4.9.2/../../../../arm-nacl/lib/libppapi_stub.a(thread_creator_ccf263e1.o)
                                         0x18 (size before relaxing)
 .ARM.exidx     0x0000000010020d8c       0x90 /Users/stevefar/nacl_sdk/pepper_45/toolchain/mac_arm_newlib/bin/../lib/gcc/arm-nacl/4.9.2/../../../../arm-nacl/lib/libpthread.a(nc_thread_7e478b15.o)
                                        0x138 (size before relaxing)
 .ARM.exidx     0x0000000010020e1c       0x20 /Users/stevefar/nacl_sdk/pepper_45/toolchain/mac_arm_newlib/bin/../lib/gcc/arm-nacl/4.9.2/../../../../arm-nacl/lib/libpthread.a(nc_condvar_305aa45a.o)
                                         0x60 (size before relaxing)
 .ARM.exidx     0x0000000010020e3c        0x8 /Users/stevefar/nacl_sdk/pepper_45/toolchain/mac_arm_newlib/bin/../lib/gcc/arm-nacl/4.9.2/../../../../arm-nacl/lib/libpthread.a(dynamic_annotations_33ba59cc.o)
                                        0x130 (size before relaxing)
 .ARM.exidx     0x0000000010020e44       0x28 /Users/stevefar/nacl_sdk/pepper_45/toolchain/mac_arm_newlib/bin/../lib/gcc/arm-nacl/4.9.2/../../../../arm-nacl/lib/libpthread.a(nc_mutex_86341ae1.o)
                                         0x78 (size before relaxing)
 .ARM.exidx     0x0000000010020e6c        0x8 /Users/stevefar/nacl_sdk/pepper_45/toolchain/mac_arm_newlib/bin/../lib/gcc/arm-nacl/4.9.2/../../../../arm-nacl/lib/libpthread.a(nc_init_irt_d3daafc0.o)
 .ARM.exidx     0x0000000010020e74       0x80 /Users/stevefar/nacl_sdk/pepper_45/toolchain/mac_arm_newlib/bin/../lib/gcc/arm-nacl/4.9.2/libgcc.a(unwind-arm.o)
                                         0xd8 (size before relaxing)
 .ARM.exidx     0x0000000010020ef4       0x30 /Users/stevefar/nacl_sdk/pepper_45/toolchain/mac_arm_newlib/bin/../lib/gcc/arm-nacl/4.9.2/libgcc.a(pr-support.o)
                                         0x48 (size before relaxing)
 .ARM.exidx     0x0000000010020f24        0x8 /Users/stevefar/nacl_sdk/pepper_45/toolchain/mac_arm_newlib/bin/../lib/gcc/arm-nacl/4.9.2/../../../../arm-nacl/lib/libnacl.a(_exit_710c7d0d.o)
 .ARM.exidx     0x0000000010020f2c        0x0 /Users/stevefar/nacl_sdk/pepper_45/toolchain/mac_arm_newlib/bin/../lib/gcc/arm-nacl/4.9.2/../../../../arm-nacl/lib/libnacl.a(abort_9f6b5845.o)
                                          0x8 (size before relaxing)
 .ARM.exidx     0x0000000010020f2c       0xa8 /Users/stevefar/nacl_sdk/pepper_45/toolchain/mac_arm_newlib/bin/../lib/gcc/arm-nacl/4.9.2/../../../../arm-nacl/lib/libnacl.a(malloc_222c4a1e.o)
                                        0x108 (size before relaxing)
 .ARM.exidx     0x0000000010020fd4       0x10 /Users/stevefar/nacl_sdk/pepper_45/toolchain/mac_arm_newlib/bin/../lib/gcc/arm-nacl/4.9.2/../../../../arm-nacl/lib/libnacl.a(nacl_irt_6de1d53f.o)
                                         0x60 (size before relaxing)
 .ARM.exidx     0x0000000010020fe4        0x8 /Users/stevefar/nacl_sdk/pepper_45/toolchain/mac_arm_newlib/bin/../lib/gcc/arm-nacl/4.9.2/../../../../arm-nacl/lib/libnacl.a(pthread_initialize_minimal_4b6e776b.o)
 .ARM.exidx     0x0000000010020fec        0x8 /Users/stevefar/nacl_sdk/pepper_45/toolchain/mac_arm_newlib/bin/../lib/gcc/arm-nacl/4.9.2/../../../../arm-nacl/lib/libnacl.a(nacl_read_tp_5748ac47.o)
 .ARM.exidx     0x0000000010020ff4        0x0 /Users/stevefar/nacl_sdk/pepper_45/toolchain/mac_arm_newlib/bin/../lib/gcc/arm-nacl/4.9.2/../../../../arm-nacl/lib/libnacl.a(nacl_interface_query_ef8a99f1.o)
                                          0x8 (size before relaxing)
 .ARM.exidx     0x0000000010020ff4        0x8 /Users/stevefar/nacl_sdk/pepper_45/toolchain/mac_arm_newlib/bin/../lib/gcc/arm-nacl/4.9.2/../../../../arm-nacl/lib/libnacl.a(mmap_767fb080.o)
 .ARM.exidx     0x0000000010020ffc        0x8 /Users/stevefar/nacl_sdk/pepper_45/toolchain/mac_arm_newlib/bin/../lib/gcc/arm-nacl/4.9.2/../../../../arm-nacl/lib/libnacl.a(sched_yield_56c375be.o)
 .ARM.exidx     0x0000000010021004        0x8 /Users/stevefar/nacl_sdk/pepper_45/toolchain/mac_arm_newlib/bin/../lib/gcc/arm-nacl/4.9.2/../../../../arm-nacl/lib/libnacl.a(start_fa9ef7de.o)
 .ARM.exidx     0x000000001002100c        0x8 /Users/stevefar/nacl_sdk/pepper_45/toolchain/mac_arm_newlib/bin/../lib/gcc/arm-nacl/4.9.2/../../../../arm-nacl/lib/libnacl.a(munmap_d4f09867.o)
 .ARM.exidx     0x0000000010021014       0x20 /Users/stevefar/nacl_sdk/pepper_45/toolchain/mac_arm_newlib/bin/../lib/gcc/arm-nacl/4.9.2/../../../../arm-nacl/lib/libnacl.a(tls_bba1975b.o)
 .ARM.exidx     0x0000000010021034        0x8 /Users/stevefar/nacl_sdk/pepper_45/toolchain/mac_arm_newlib/bin/../lib/gcc/arm-nacl/4.9.2/../../../../arm-nacl/lib/libnacl.a(write_fb49787f.o)
 .ARM.exidx     0x000000001002103c        0x8 /Users/stevefar/nacl_sdk/pepper_45/toolchain/mac_arm_newlib/bin/../lib/gcc/arm-nacl/4.9.2/../../../../arm-nacl/lib/libnacl.a(nacl_tls_get_d2f842b5.o)
 .ARM.exidx     0x0000000010021044        0x8 /Users/stevefar/nacl_sdk/pepper_45/toolchain/mac_arm_newlib/bin/../lib/gcc/arm-nacl/4.9.2/../../../../arm-nacl/lib/libnacl.a(nacl_irt_init_7b4f826e.o)
                                         0x10 (size before relaxing)
 .ARM.exidx     0x000000001002104c        0x0 /Users/stevefar/nacl_sdk/pepper_45/toolchain/mac_arm_newlib/bin/../lib/gcc/arm-nacl/4.9.2/../../../../arm-nacl/lib/libnacl.a(sysconf_ad295ea2.o)
                                          0x8 (size before relaxing)
 .ARM.exidx     0x000000001002104c       0x10 /Users/stevefar/nacl_sdk/pepper_45/toolchain/mac_arm_newlib/bin/../lib/gcc/arm-nacl/4.9.2/../../../../arm-nacl/lib/libnacl.a(nacl_tls_init_eb0cd232.o)
                                          0x8 (size before relaxing)
 .ARM.exidx     0x000000001002105c        0x8 /Users/stevefar/nacl_sdk/pepper_45/toolchain/mac_arm_newlib/bin/../lib/gcc/arm-nacl/4.9.2/../../../../arm-nacl/lib/libnacl.a(close_e9b92fbd.o)
 .ARM.exidx     0x0000000010021064        0x8 /Users/stevefar/nacl_sdk/pepper_45/toolchain/mac_arm_newlib/bin/../lib/gcc/arm-nacl/4.9.2/../../../../arm-nacl/lib/libnacl.a(isatty_02f56e94.o)
 .ARM.exidx     0x000000001002106c        0x8 /Users/stevefar/nacl_sdk/pepper_45/toolchain/mac_arm_newlib/bin/../lib/gcc/arm-nacl/4.9.2/../../../../arm-nacl/lib/libnacl.a(nacl_irt_fdio_b571b5e7.o)
 .ARM.exidx     0x0000000010021074        0x0 /Users/stevefar/nacl_sdk/pepper_45/toolchain/mac_arm_newlib/bin/../lib/gcc/arm-nacl/4.9.2/../../../../arm-nacl/lib/libnacl.a(fstat_0540ff63.o)
                                          0x8 (size before relaxing)
 .ARM.exidx     0x0000000010021074        0x8 /Users/stevefar/nacl_sdk/pepper_45/toolchain/mac_arm_newlib/bin/../lib/gcc/arm-nacl/4.9.2/../../../../arm-nacl/lib/libnacl.a(lseek_64d2d05c.o)
 .ARM.exidx     0x000000001002107c        0x8 /Users/stevefar/nacl_sdk/pepper_45/toolchain/mac_arm_newlib/bin/../lib/gcc/arm-nacl/4.9.2/../../../../arm-nacl/lib/libnacl.a(read_df872e10.o)
 .ARM.exidx     0x0000000010021084       0x10 /Users/stevefar/nacl_sdk/pepper_45/toolchain/mac_arm_newlib/bin/../lib/gcc/arm-nacl/4.9.2/../../../../arm-nacl/lib/libnacl.a(nanosleep_e59fdef1.o)
                                          0x8 (size before relaxing)
 .ARM.exidx     0x0000000010021094        0x0 /Users/stevefar/nacl_sdk/pepper_45/toolchain/mac_arm_newlib/bin/../lib/gcc/arm-nacl/4.9.2/libgcc.a(_divdi3.o)
                                          0x8 (size before relaxing)
 .ARM.exidx     0x0000000010021094        0x0 /Users/stevefar/nacl_sdk/pepper_45/toolchain/mac_arm_newlib/bin/../lib/gcc/arm-nacl/4.9.2/libgcc.a(_udivdi3.o)
                                          0x8 (size before relaxing)
                0x0000000010021094                PROVIDE (__exidx_end, .)

.eh_frame_hdr   0x0000000010021094       0x14
 *(.eh_frame_hdr)
 .eh_frame_hdr  0x0000000010021094       0x14 /Users/stevefar/nacl_sdk/pepper_45/toolchain/mac_arm_newlib/bin/../lib/gcc/arm-nacl/4.9.2/../../../../arm-nacl/lib/libcrt_common.a(lib_a-strcmp.o)

.eh_frame       0x00000000100210a8       0x74
 *(.eh_frame)
 .eh_frame      0x00000000100210a8        0x0 /Users/stevefar/nacl_sdk/pepper_45/toolchain/mac_arm_newlib/bin/../lib/gcc/arm-nacl/4.9.2/crtbegin.o
 .eh_frame      0x00000000100210a8       0x70 /Users/stevefar/nacl_sdk/pepper_45/toolchain/mac_arm_newlib/bin/../lib/gcc/arm-nacl/4.9.2/../../../../arm-nacl/lib/libcrt_common.a(lib_a-strcmp.o)
 .eh_frame      0x0000000010021118        0x4 /Users/stevefar/nacl_sdk/pepper_45/toolchain/mac_arm_newlib/bin/../lib/gcc/arm-nacl/4.9.2/crtend.o

.gcc_except_table
 *(.gcc_except_table .gcc_except_table.*)

.exception_ranges
 *(.exception_ranges .exception_ranges*)
                0x000000001002111c                . = (ALIGN (0x10000) - ((0x10000 - .) & 0xffff))
                0x000000001003111c                . = DATA_SEGMENT_ALIGN (0x10000, 0x10000)

.eh_frame
 *(.eh_frame)

.gcc_except_table
 *(.gcc_except_table .gcc_except_table.*)

.exception_ranges
 *(.exception_ranges .exception_ranges*)

.tdata          0x0000000010031120      0x478
 *(.tdata .tdata.* .gnu.linkonce.td.*)
 .tdata         0x0000000010031120      0x478 /Users/stevefar/nacl_sdk/pepper_45/toolchain/mac_arm_newlib/bin/../lib/gcc/arm-nacl/4.9.2/../../../../arm-nacl/lib/libcrt_common.a(lib_a-impure.o)
                0x0000000010031120                _impure_ptr

.tbss           0x0000000010031598        0x8
 *(.tbss .tbss.* .gnu.linkonce.tb.*)
 .tbss          0x0000000010031598        0x8 /Users/stevefar/nacl_sdk/pepper_45/toolchain/mac_arm_newlib/bin/../lib/gcc/arm-nacl/4.9.2/../../../../arm-nacl/lib/libpthread.a(nc_thread_7e478b15.o)
 *(.tcommon)

.preinit_array  0x0000000010031598        0x0
                0x0000000010031598                PROVIDE (__preinit_array_start, .)
 *(.preinit_array)
                0x0000000010031598                PROVIDE (__preinit_array_end, .)

.init_array     0x0000000010031598        0x4
                0x0000000010031598                PROVIDE (__init_array_start, .)
 *(SORT(.init_array.*) SORT(.ctors.*))
 *(.init_array EXCLUDE_FILE(*crtend?.o *crtend.o *crtbegin?.o *crtbegin.o) .ctors)
 .init_array    0x0000000010031598        0x4 /Users/stevefar/nacl_sdk/pepper_45/toolchain/mac_arm_newlib/bin/../lib/gcc/arm-nacl/4.9.2/crtbegin.o
                0x000000001003159c                PROVIDE (__init_array_end, .)

.fini_array     0x000000001003159c        0x4
                0x000000001003159c                PROVIDE (__fini_array_start, .)
 *(SORT(.fini_array.*) SORT(.dtors.*))
 *(.fini_array EXCLUDE_FILE(*crtend?.o *crtend.o *crtbegin?.o *crtbegin.o) .dtors)
 .fini_array    0x000000001003159c        0x4 /Users/stevefar/nacl_sdk/pepper_45/toolchain/mac_arm_newlib/bin/../lib/gcc/arm-nacl/4.9.2/crtbegin.o
                0x00000000100315a0                PROVIDE (__fini_array_end, .)

.ctors
 *crtbegin.o(.ctors)
 *crtbegin?.o(.ctors)
 *(EXCLUDE_FILE(*crtend?.o *crtend.o) .ctors)
 *(SORT(.ctors.*))
 *(.ctors)

.dtors
 *crtbegin.o(.dtors)
 *crtbegin?.o(.dtors)
 *(EXCLUDE_FILE(*crtend?.o *crtend.o) .dtors)
 *(SORT(.dtors.*))
 *(.dtors)

.jcr            0x00000000100315a0        0x4
 *(.jcr)
 .jcr           0x00000000100315a0        0x0 /Users/stevefar/nacl_sdk/pepper_45/toolchain/mac_arm_newlib/bin/../lib/gcc/arm-nacl/4.9.2/crtbegin.o
 .jcr           0x00000000100315a0        0x4 /Users/stevefar/nacl_sdk/pepper_45/toolchain/mac_arm_newlib/bin/../lib/gcc/arm-nacl/4.9.2/crtend.o

.data.rel.ro    0x00000000100315a4       0x14
 *(.data.rel.ro.local* .gnu.linkonce.d.rel.ro.local.*)
 .data.rel.ro.local
                0x00000000100315a4        0x8 /Users/stevefar/nacl_sdk/pepper_45/toolchain/mac_arm_newlib/bin/../lib/gcc/arm-nacl/4.9.2/../../../../arm-nacl/lib/libppapi_stub.a(thread_creator_ccf263e1.o)
 *(.data.rel.ro .data.rel.ro.* .gnu.linkonce.d.rel.ro.*)
 .data.rel.ro   0x00000000100315ac        0xc /Users/stevefar/nacl_sdk/pepper_45/toolchain/mac_arm_newlib/bin/../lib/gcc/arm-nacl/4.9.2/../../../../arm-nacl/lib/libppapi_stub.a(ppapi_plugin_main_399d0cf7.o)

.dynamic
 *(.dynamic)
                0x00000000100315b8                . = DATA_SEGMENT_RELRO_END (., 0x0)

.got            0x00000000100315b8       0x24
 *(.got.plt)
 .got.plt       0x00000000100315b8        0xc /Users/stevefar/nacl_sdk/pepper_45/toolchain/mac_arm_newlib/bin/../lib/gcc/arm-nacl/4.9.2/crtbegin.o
                0x00000000100315b8                _GLOBAL_OFFSET_TABLE_
 *(.igot.plt)
 .igot.plt      0x00000000100315c4        0x0 /Users/stevefar/nacl_sdk/pepper_45/toolchain/mac_arm_newlib/bin/../lib/gcc/arm-nacl/4.9.2/crtbegin.o
 *(.got)
 .got           0x00000000100315c4       0x18 /Users/stevefar/nacl_sdk/pepper_45/toolchain/mac_arm_newlib/bin/../lib/gcc/arm-nacl/4.9.2/crtbegin.o
 *(.igot)

.data           0x00000000100315e0      0x690
                0x00000000100315e0                PROVIDE (__data_start, .)
 *(.data .data.* .gnu.linkonce.d.*)
 .data          0x00000000100315e0        0x0 /Users/stevefar/nacl_sdk/pepper_45/toolchain/mac_arm_newlib/bin/../lib/gcc/arm-nacl/4.9.2/../../../../arm-nacl/lib/crti.o
 .data          0x00000000100315e0        0x4 /Users/stevefar/nacl_sdk/pepper_45/toolchain/mac_arm_newlib/bin/../lib/gcc/arm-nacl/4.9.2/crtbegin.o
                0x00000000100315e0                __dso_handle
 .data          0x00000000100315e4       0x18 newlib/Release/debugging_arm.o
 .data          0x00000000100315fc        0x0 /Users/stevefar/nacl_sdk/pepper_45/lib/newlib_arm/Release/liberror_handling.a(error_handling_arm.o)
 .data          0x00000000100315fc        0x0 /Users/stevefar/nacl_sdk/pepper_45/lib/newlib_arm/Release/liberror_handling.a(string_stream_arm.o)
 .data          0x00000000100315fc        0x0 /Users/stevefar/nacl_sdk/pepper_45/toolchain/mac_arm_newlib/bin/../lib/gcc/arm-nacl/4.9.2/../../../../arm-nacl/lib/libppapi_stub.a(plugin_main_irt_21ce9d26.o)
 .data          0x00000000100315fc        0x0 /Users/stevefar/nacl_sdk/pepper_45/toolchain/mac_arm_newlib/bin/../lib/gcc/arm-nacl/4.9.2/../../../../arm-nacl/lib/libppapi_stub.a(ppapi_plugin_main_399d0cf7.o)
 .data          0x00000000100315fc        0x0 /Users/stevefar/nacl_sdk/pepper_45/toolchain/mac_arm_newlib/bin/../lib/gcc/arm-nacl/4.9.2/../../../../arm-nacl/lib/libppapi_stub.a(ppapi_plugin_start_8da67623.o)
 .data          0x00000000100315fc        0x0 /Users/stevefar/nacl_sdk/pepper_45/toolchain/mac_arm_newlib/bin/../lib/gcc/arm-nacl/4.9.2/../../../../arm-nacl/lib/libppapi_stub.a(thread_creator_ccf263e1.o)
 .data          0x00000000100315fc        0x4 /Users/stevefar/nacl_sdk/pepper_45/toolchain/mac_arm_newlib/bin/../lib/gcc/arm-nacl/4.9.2/../../../../arm-nacl/lib/libpthread.a(nc_thread_7e478b15.o)
                0x00000000100315fc                __nc_running_threads_counter
 .data          0x0000000010031600        0x0 /Users/stevefar/nacl_sdk/pepper_45/toolchain/mac_arm_newlib/bin/../lib/gcc/arm-nacl/4.9.2/../../../../arm-nacl/lib/libpthread.a(nc_condvar_305aa45a.o)
 .data          0x0000000010031600        0x4 /Users/stevefar/nacl_sdk/pepper_45/toolchain/mac_arm_newlib/bin/../lib/gcc/arm-nacl/4.9.2/../../../../arm-nacl/lib/libpthread.a(dynamic_annotations_33ba59cc.o)
 .data          0x0000000010031604        0x0 /Users/stevefar/nacl_sdk/pepper_45/toolchain/mac_arm_newlib/bin/../lib/gcc/arm-nacl/4.9.2/../../../../arm-nacl/lib/libpthread.a(nc_mutex_86341ae1.o)
 .data          0x0000000010031604        0x0 /Users/stevefar/nacl_sdk/pepper_45/toolchain/mac_arm_newlib/bin/../lib/gcc/arm-nacl/4.9.2/../../../../arm-nacl/lib/libpthread.a(nc_init_irt_d3daafc0.o)
 .data          0x0000000010031604        0x0 /Users/stevefar/nacl_sdk/pepper_45/toolchain/mac_arm_newlib/bin/../lib/gcc/arm-nacl/4.9.2/libgcc.a(unwind-arm.o)
 .data          0x0000000010031604        0x0 /Users/stevefar/nacl_sdk/pepper_45/toolchain/mac_arm_newlib/bin/../lib/gcc/arm-nacl/4.9.2/libgcc.a(libunwind.o)
 .data          0x0000000010031604        0x0 /Users/stevefar/nacl_sdk/pepper_45/toolchain/mac_arm_newlib/bin/../lib/gcc/arm-nacl/4.9.2/libgcc.a(pr-support.o)
 .data          0x0000000010031604        0x0 /Users/stevefar/nacl_sdk/pepper_45/toolchain/mac_arm_newlib/bin/../lib/gcc/arm-nacl/4.9.2/../../../../arm-nacl/lib/libnacl.a(_exit_710c7d0d.o)
 .data          0x0000000010031604        0x0 /Users/stevefar/nacl_sdk/pepper_45/toolchain/mac_arm_newlib/bin/../lib/gcc/arm-nacl/4.9.2/../../../../arm-nacl/lib/libnacl.a(abort_9f6b5845.o)
 .data          0x0000000010031604        0x4 /Users/stevefar/nacl_sdk/pepper_45/toolchain/mac_arm_newlib/bin/../lib/gcc/arm-nacl/4.9.2/../../../../arm-nacl/lib/libnacl.a(environ_25cd24d8.o)
                0x0000000010031604                environ
 .data          0x0000000010031608        0x0 /Users/stevefar/nacl_sdk/pepper_45/toolchain/mac_arm_newlib/bin/../lib/gcc/arm-nacl/4.9.2/../../../../arm-nacl/lib/libnacl.a(malloc_222c4a1e.o)
 .data          0x0000000010031608       0x20 /Users/stevefar/nacl_sdk/pepper_45/toolchain/mac_arm_newlib/bin/../lib/gcc/arm-nacl/4.9.2/../../../../arm-nacl/lib/libnacl.a(nacl_irt_6de1d53f.o)
                0x0000000010031608                __libnacl_irt_fdio
 .data          0x0000000010031628        0x0 /Users/stevefar/nacl_sdk/pepper_45/toolchain/mac_arm_newlib/bin/../lib/gcc/arm-nacl/4.9.2/../../../../arm-nacl/lib/libnacl.a(pthread_initialize_minimal_4b6e776b.o)
 .data          0x0000000010031628        0x0 /Users/stevefar/nacl_sdk/pepper_45/toolchain/mac_arm_newlib/bin/../lib/gcc/arm-nacl/4.9.2/../../../../arm-nacl/lib/libnacl.a(nacl_read_tp_5748ac47.o)
 .data          0x0000000010031628        0x0 /Users/stevefar/nacl_sdk/pepper_45/toolchain/mac_arm_newlib/bin/../lib/gcc/arm-nacl/4.9.2/../../../../arm-nacl/lib/libnacl.a(nacl_interface_query_ef8a99f1.o)
 .data          0x0000000010031628        0x0 /Users/stevefar/nacl_sdk/pepper_45/toolchain/mac_arm_newlib/bin/../lib/gcc/arm-nacl/4.9.2/../../../../arm-nacl/lib/libnacl.a(mmap_767fb080.o)
 .data          0x0000000010031628        0x0 /Users/stevefar/nacl_sdk/pepper_45/toolchain/mac_arm_newlib/bin/../lib/gcc/arm-nacl/4.9.2/../../../../arm-nacl/lib/libnacl.a(sched_yield_56c375be.o)
 .data          0x0000000010031628        0x0 /Users/stevefar/nacl_sdk/pepper_45/toolchain/mac_arm_newlib/bin/../lib/gcc/arm-nacl/4.9.2/../../../../arm-nacl/lib/libnacl.a(start_fa9ef7de.o)
 .data          0x0000000010031628        0x0 /Users/stevefar/nacl_sdk/pepper_45/toolchain/mac_arm_newlib/bin/../lib/gcc/arm-nacl/4.9.2/../../../../arm-nacl/lib/libnacl.a(munmap_d4f09867.o)
 .data          0x0000000010031628        0x0 /Users/stevefar/nacl_sdk/pepper_45/toolchain/mac_arm_newlib/bin/../lib/gcc/arm-nacl/4.9.2/../../../../arm-nacl/lib/libnacl.a(tls_bba1975b.o)
 .data          0x0000000010031628        0x0 /Users/stevefar/nacl_sdk/pepper_45/toolchain/mac_arm_newlib/bin/../lib/gcc/arm-nacl/4.9.2/../../../../arm-nacl/lib/libnacl.a(write_fb49787f.o)
 .data          0x0000000010031628        0x0 /Users/stevefar/nacl_sdk/pepper_45/toolchain/mac_arm_newlib/bin/../lib/gcc/arm-nacl/4.9.2/../../../../arm-nacl/lib/libnacl.a(nacl_tls_get_d2f842b5.o)
 .data          0x0000000010031628        0x0 /Users/stevefar/nacl_sdk/pepper_45/toolchain/mac_arm_newlib/bin/../lib/gcc/arm-nacl/4.9.2/../../../../arm-nacl/lib/libnacl.a(nacl_irt_init_7b4f826e.o)
 .data          0x0000000010031628        0x0 /Users/stevefar/nacl_sdk/pepper_45/toolchain/mac_arm_newlib/bin/../lib/gcc/arm-nacl/4.9.2/../../../../arm-nacl/lib/libnacl.a(sysconf_ad295ea2.o)
 .data          0x0000000010031628        0x0 /Users/stevefar/nacl_sdk/pepper_45/toolchain/mac_arm_newlib/bin/../lib/gcc/arm-nacl/4.9.2/../../../../arm-nacl/lib/libnacl.a(nacl_tls_init_eb0cd232.o)
 .data          0x0000000010031628        0x0 /Users/stevefar/nacl_sdk/pepper_45/toolchain/mac_arm_newlib/bin/../lib/gcc/arm-nacl/4.9.2/../../../../arm-nacl/lib/libcrt_common.a(lib_a-atexit.o)
 .data          0x0000000010031628        0x0 /Users/stevefar/nacl_sdk/pepper_45/toolchain/mac_arm_newlib/bin/../lib/gcc/arm-nacl/4.9.2/../../../../arm-nacl/lib/libcrt_common.a(lib_a-errno.o)
 .data          0x0000000010031628        0x0 /Users/stevefar/nacl_sdk/pepper_45/toolchain/mac_arm_newlib/bin/../lib/gcc/arm-nacl/4.9.2/../../../../arm-nacl/lib/libcrt_common.a(lib_a-exit.o)
 .data          0x0000000010031628        0x0 /Users/stevefar/nacl_sdk/pepper_45/toolchain/mac_arm_newlib/bin/../lib/gcc/arm-nacl/4.9.2/../../../../arm-nacl/lib/libcrt_common.a(lib_a-fflush.o)
 .data          0x0000000010031628       0x28 /Users/stevefar/nacl_sdk/pepper_45/toolchain/mac_arm_newlib/bin/../lib/gcc/arm-nacl/4.9.2/../../../../arm-nacl/lib/libcrt_common.a(lib_a-findfp.o)
 .data          0x0000000010031650        0x0 /Users/stevefar/nacl_sdk/pepper_45/toolchain/mac_arm_newlib/bin/../lib/gcc/arm-nacl/4.9.2/../../../../arm-nacl/lib/libcrt_common.a(lib_a-fini.o)
 .data          0x0000000010031650        0x0 /Users/stevefar/nacl_sdk/pepper_45/toolchain/mac_arm_newlib/bin/../lib/gcc/arm-nacl/4.9.2/../../../../arm-nacl/lib/libcrt_common.a(lib_a-fprintf.o)
 .data          0x0000000010031650        0x0 /Users/stevefar/nacl_sdk/pepper_45/toolchain/mac_arm_newlib/bin/../lib/gcc/arm-nacl/4.9.2/../../../../arm-nacl/lib/libcrt_common.a(lib_a-fwalk.o)
 .data          0x0000000010031650        0x0 /Users/stevefar/nacl_sdk/pepper_45/toolchain/mac_arm_newlib/bin/../lib/gcc/arm-nacl/4.9.2/../../../../arm-nacl/lib/libcrt_common.a(lib_a-fwrite.o)
 .data          0x0000000010031650        0x0 /Users/stevefar/nacl_sdk/pepper_45/toolchain/mac_arm_newlib/bin/../lib/gcc/arm-nacl/4.9.2/../../../../arm-nacl/lib/libcrt_common.a(lib_a-getenv.o)
 .data          0x0000000010031650        0x0 /Users/stevefar/nacl_sdk/pepper_45/toolchain/mac_arm_newlib/bin/../lib/gcc/arm-nacl/4.9.2/../../../../arm-nacl/lib/libcrt_common.a(lib_a-getenv_r.o)
 .data          0x0000000010031650      0x470 /Users/stevefar/nacl_sdk/pepper_45/toolchain/mac_arm_newlib/bin/../lib/gcc/arm-nacl/4.9.2/../../../../arm-nacl/lib/libcrt_common.a(lib_a-impure.o)
 .data          0x0000000010031ac0        0x0 /Users/stevefar/nacl_sdk/pepper_45/toolchain/mac_arm_newlib/bin/../lib/gcc/arm-nacl/4.9.2/../../../../arm-nacl/lib/libcrt_common.a(lib_a-init.o)
 .data          0x0000000010031ac0        0x0 /Users/stevefar/nacl_sdk/pepper_45/toolchain/mac_arm_newlib/bin/../lib/gcc/arm-nacl/4.9.2/../../../../arm-nacl/lib/libcrt_common.a(lib_a-memcpy.o)
 .data          0x0000000010031ac0        0x0 /Users/stevefar/nacl_sdk/pepper_45/toolchain/mac_arm_newlib/bin/../lib/gcc/arm-nacl/4.9.2/../../../../arm-nacl/lib/libcrt_common.a(lib_a-memset.o)
 .data          0x0000000010031ac0        0x0 /Users/stevefar/nacl_sdk/pepper_45/toolchain/mac_arm_newlib/bin/../lib/gcc/arm-nacl/4.9.2/../../../../arm-nacl/lib/libcrt_common.a(lib_a-sleep.o)
 .data          0x0000000010031ac0        0x0 /Users/stevefar/nacl_sdk/pepper_45/toolchain/mac_arm_newlib/bin/../lib/gcc/arm-nacl/4.9.2/../../../../arm-nacl/lib/libcrt_common.a(lib_a-stdio.o)
 .data          0x0000000010031ac0        0x0 /Users/stevefar/nacl_sdk/pepper_45/toolchain/mac_arm_newlib/bin/../lib/gcc/arm-nacl/4.9.2/../../../../arm-nacl/lib/libcrt_common.a(lib_a-strcmp.o)
 .data          0x0000000010031ac0        0x0 /Users/stevefar/nacl_sdk/pepper_45/toolchain/mac_arm_newlib/bin/../lib/gcc/arm-nacl/4.9.2/../../../../arm-nacl/lib/libcrt_common.a(lib_a-strlen-armv7.o)
 .data          0x0000000010031ac0        0x0 /Users/stevefar/nacl_sdk/pepper_45/toolchain/mac_arm_newlib/bin/../lib/gcc/arm-nacl/4.9.2/../../../../arm-nacl/lib/libcrt_common.a(lib_a-strncmp.o)
 .data          0x0000000010031ac0        0x0 /Users/stevefar/nacl_sdk/pepper_45/toolchain/mac_arm_newlib/bin/../lib/gcc/arm-nacl/4.9.2/../../../../arm-nacl/lib/libcrt_common.a(lib_a-vfprintf.o)
 .data          0x0000000010031ac0        0x0 /Users/stevefar/nacl_sdk/pepper_45/toolchain/mac_arm_newlib/bin/../lib/gcc/arm-nacl/4.9.2/../../../../arm-nacl/lib/libcrt_common.a(lib_a-vsnprintf.o)
 .data          0x0000000010031ac0        0x0 /Users/stevefar/nacl_sdk/pepper_45/toolchain/mac_arm_newlib/bin/../lib/gcc/arm-nacl/4.9.2/../../../../arm-nacl/lib/libcrt_common.a(lib_a-vsprintf.o)
 .data          0x0000000010031ac0        0x0 /Users/stevefar/nacl_sdk/pepper_45/toolchain/mac_arm_newlib/bin/../lib/gcc/arm-nacl/4.9.2/../../../../arm-nacl/lib/libcrt_common.a(lib_a-wcrtomb.o)
 .data          0x0000000010031ac0        0x0 /Users/stevefar/nacl_sdk/pepper_45/toolchain/mac_arm_newlib/bin/../lib/gcc/arm-nacl/4.9.2/../../../../arm-nacl/lib/libcrt_common.a(lib_a-wcsrtombs.o)
 .data          0x0000000010031ac0        0x4 /Users/stevefar/nacl_sdk/pepper_45/toolchain/mac_arm_newlib/bin/../lib/gcc/arm-nacl/4.9.2/../../../../arm-nacl/lib/libcrt_common.a(lib_a-wctomb_r.o)
                0x0000000010031ac0                __wctomb
 .data          0x0000000010031ac4        0x0 /Users/stevefar/nacl_sdk/pepper_45/toolchain/mac_arm_newlib/bin/../lib/gcc/arm-nacl/4.9.2/../../../../arm-nacl/lib/libcrt_common.a(lib_a-wsetup.o)
 .data          0x0000000010031ac4        0x0 /Users/stevefar/nacl_sdk/pepper_45/toolchain/mac_arm_newlib/bin/../lib/gcc/arm-nacl/4.9.2/../../../../arm-nacl/lib/libcrt_common.a(lib_a-__atexit.o)
 .data          0x0000000010031ac4       0x14 /Users/stevefar/nacl_sdk/pepper_45/toolchain/mac_arm_newlib/bin/../lib/gcc/arm-nacl/4.9.2/../../../../arm-nacl/lib/libcrt_common.a(lib_a-__call_atexit.o)
                0x0000000010031ac4                __atexit_lock
 .data          0x0000000010031ad8        0x0 /Users/stevefar/nacl_sdk/pepper_45/toolchain/mac_arm_newlib/bin/../lib/gcc/arm-nacl/4.9.2/../../../../arm-nacl/lib/libcrt_common.a(lib_a-dtoa.o)
 .data          0x0000000010031ad8       0x14 /Users/stevefar/nacl_sdk/pepper_45/toolchain/mac_arm_newlib/bin/../lib/gcc/arm-nacl/4.9.2/../../../../arm-nacl/lib/libcrt_common.a(lib_a-envlock.o)
 .data          0x0000000010031aec        0x0 /Users/stevefar/nacl_sdk/pepper_45/toolchain/mac_arm_newlib/bin/../lib/gcc/arm-nacl/4.9.2/../../../../arm-nacl/lib/libcrt_common.a(lib_a-fclose.o)
 .data          0x0000000010031aec        0x0 /Users/stevefar/nacl_sdk/pepper_45/toolchain/mac_arm_newlib/bin/../lib/gcc/arm-nacl/4.9.2/../../../../arm-nacl/lib/libcrt_common.a(lib_a-fvwrite.o)
 .data          0x0000000010031aec      0x17c /Users/stevefar/nacl_sdk/pepper_45/toolchain/mac_arm_newlib/bin/../lib/gcc/arm-nacl/4.9.2/../../../../arm-nacl/lib/libcrt_common.a(lib_a-locale.o)
                0x0000000010031aec                __default_locale
                0x0000000010031c0c                __mb_cur_max
 .data          0x0000000010031c68        0x0 /Users/stevefar/nacl_sdk/pepper_45/toolchain/mac_arm_newlib/bin/../lib/gcc/arm-nacl/4.9.2/../../../../arm-nacl/lib/libcrt_common.a(lib_a-makebuf.o)
 .data          0x0000000010031c68        0x4 /Users/stevefar/nacl_sdk/pepper_45/toolchain/mac_arm_newlib/bin/../lib/gcc/arm-nacl/4.9.2/../../../../arm-nacl/lib/libcrt_common.a(lib_a-mbtowc_r.o)
                0x0000000010031c68                __mbtowc
 .data          0x0000000010031c6c        0x0 /Users/stevefar/nacl_sdk/pepper_45/toolchain/mac_arm_newlib/bin/../lib/gcc/arm-nacl/4.9.2/../../../../arm-nacl/lib/libcrt_common.a(lib_a-memchr.o)
 .data          0x0000000010031c6c        0x0 /Users/stevefar/nacl_sdk/pepper_45/toolchain/mac_arm_newlib/bin/../lib/gcc/arm-nacl/4.9.2/../../../../arm-nacl/lib/libcrt_common.a(lib_a-memmove.o)
 .data          0x0000000010031c6c        0x0 /Users/stevefar/nacl_sdk/pepper_45/toolchain/mac_arm_newlib/bin/../lib/gcc/arm-nacl/4.9.2/../../../../arm-nacl/lib/libcrt_common.a(lib_a-mprec.o)
 .data          0x0000000010031c6c        0x0 /Users/stevefar/nacl_sdk/pepper_45/toolchain/mac_arm_newlib/bin/../lib/gcc/arm-nacl/4.9.2/../../../../arm-nacl/lib/libcrt_common.a(lib_a-s_fpclassify.o)
 .data          0x0000000010031c6c        0x0 /Users/stevefar/nacl_sdk/pepper_45/toolchain/mac_arm_newlib/bin/../lib/gcc/arm-nacl/4.9.2/../../../../arm-nacl/lib/libcrt_common.a(lib_a-s_frexp.o)