Archive member included because of file (symbol)

/Users/stevefar/nacl_sdk/pepper_45/lib/newlib_x86_64/Release/libppapi_cpp.a(instance_x86_64.o)
                              newlib/Release/multi_platform_x86_64.o (_ZN2pp8InstanceC2Ei)
/Users/stevefar/nacl_sdk/pepper_45/lib/newlib_x86_64/Release/libppapi_cpp.a(module_x86_64.o)
                              newlib/Release/multi_platform_x86_64.o (_ZN2pp6ModuleC2Ev)
/Users/stevefar/nacl_sdk/pepper_45/lib/newlib_x86_64/Release/libppapi_cpp.a(ppp_entrypoints_x86_64.o)
                              /Users/stevefar/nacl_sdk/pepper_45/lib/newlib_x86_64/Release/libppapi_cpp.a(instance_x86_64.o) (_ZN2pp6Module3GetEv)
/Users/stevefar/nacl_sdk/pepper_45/lib/newlib_x86_64/Release/libppapi_cpp.a(resource_x86_64.o)
                              /Users/stevefar/nacl_sdk/pepper_45/lib/newlib_x86_64/Release/libppapi_cpp.a(module_x86_64.o) (_ZN2pp8ResourceD2Ev)
/Users/stevefar/nacl_sdk/pepper_45/lib/newlib_x86_64/Release/libppapi_cpp.a(url_loader_x86_64.o)
                              /Users/stevefar/nacl_sdk/pepper_45/lib/newlib_x86_64/Release/libppapi_cpp.a(module_x86_64.o) (_ZN2pp9URLLoaderC1Ei)
/Users/stevefar/nacl_sdk/pepper_45/lib/newlib_x86_64/Release/libppapi_cpp.a(url_response_info_x86_64.o)
                              /Users/stevefar/nacl_sdk/pepper_45/lib/newlib_x86_64/Release/libppapi_cpp.a(url_loader_x86_64.o) (_ZN2pp15URLResponseInfoC1ENS_7PassRefEi)
/Users/stevefar/nacl_sdk/pepper_45/lib/newlib_x86_64/Release/libppapi_cpp.a(var_x86_64.o)
                              /Users/stevefar/nacl_sdk/pepper_45/lib/newlib_x86_64/Release/libppapi_cpp.a(module_x86_64.o) (_ZTVN2pp3VarE)
/Users/stevefar/nacl_sdk/pepper_45/lib/newlib_x86_64/Release/libppapi_cpp.a(view_x86_64.o)
                              /Users/stevefar/nacl_sdk/pepper_45/lib/newlib_x86_64/Release/libppapi_cpp.a(module_x86_64.o) (_ZN2pp4ViewC1Ei)
/Users/stevefar/nacl_sdk/pepper_45/lib/newlib_x86_64/Release/libppapi_cpp.a(core_x86_64.o)
                              /Users/stevefar/nacl_sdk/pepper_45/lib/newlib_x86_64/Release/libppapi_cpp.a(url_loader_x86_64.o) (_ZN2pp4Core16CallOnMainThreadEiRKNS_18CompletionCallbackEi)
/Users/stevefar/nacl_sdk/pepper_45/lib/newlib_x86_64/Release/libppapi_cpp.a(file_ref_x86_64.o)
                              /Users/stevefar/nacl_sdk/pepper_45/lib/newlib_x86_64/Release/libppapi_cpp.a(url_response_info_x86_64.o) (_ZN2pp7FileRefC1ENS_7PassRefEi)
/Users/stevefar/nacl_sdk/pepper_45/lib/newlib_x86_64/Release/libppapi_cpp.a(input_event_x86_64.o)
                              /Users/stevefar/nacl_sdk/pepper_45/lib/newlib_x86_64/Release/libppapi_cpp.a(module_x86_64.o) (_ZN2pp10InputEventD1Ev)
/Users/stevefar/nacl_sdk/pepper_45/toolchain/mac_x86_newlib/bin/../lib/gcc/x86_64-nacl/4.4.3/../../../../x86_64-nacl/lib/../lib64/libppapi_stub.a(plugin_main_irt_21ce9d26.o)
                              (main)
/Users/stevefar/nacl_sdk/pepper_45/toolchain/mac_x86_newlib/bin/../lib/gcc/x86_64-nacl/4.4.3/../../../../x86_64-nacl/lib/../lib64/libppapi_stub.a(ppapi_plugin_main_399d0cf7.o)
                              /Users/stevefar/nacl_sdk/pepper_45/toolchain/mac_x86_newlib/bin/../lib/gcc/x86_64-nacl/4.4.3/../../../../x86_64-nacl/lib/../lib64/libppapi_stub.a(plugin_main_irt_21ce9d26.o) (PpapiPluginMain)
/Users/stevefar/nacl_sdk/pepper_45/toolchain/mac_x86_newlib/bin/../lib/gcc/x86_64-nacl/4.4.3/../../../../x86_64-nacl/lib/../lib64/libppapi_stub.a(ppapi_plugin_start_8da67623.o)
                              /Users/stevefar/nacl_sdk/pepper_45/toolchain/mac_x86_newlib/bin/../lib/gcc/x86_64-nacl/4.4.3/../../../../x86_64-nacl/lib/../lib64/libppapi_stub.a(ppapi_plugin_main_399d0cf7.o) (PpapiPluginStart)
/Users/stevefar/nacl_sdk/pepper_45/toolchain/mac_x86_newlib/bin/../lib/gcc/x86_64-nacl/4.4.3/../../../../x86_64-nacl/lib/../lib64/libppapi_stub.a(thread_creator_ccf263e1.o)
                              /Users/stevefar/nacl_sdk/pepper_45/toolchain/mac_x86_newlib/bin/../lib/gcc/x86_64-nacl/4.4.3/../../../../x86_64-nacl/lib/../lib64/libppapi_stub.a(ppapi_plugin_start_8da67623.o) (__nacl_register_thread_creator)
/Users/stevefar/nacl_sdk/pepper_45/toolchain/mac_x86_newlib/bin/../lib/gcc/x86_64-nacl/4.4.3/../../../../x86_64-nacl/lib/../lib64/libpthread.a(nc_thread_7e478b15.o)
                              /Users/stevefar/nacl_sdk/pepper_45/toolchain/mac_x86_newlib/bin/../lib/gcc/x86_64-nacl/4.4.3/../../../../x86_64-nacl/lib/../lib64/libppapi_stub.a(thread_creator_ccf263e1.o) (pthread_join)
/Users/stevefar/nacl_sdk/pepper_45/toolchain/mac_x86_newlib/bin/../lib/gcc/x86_64-nacl/4.4.3/../../../../x86_64-nacl/lib/../lib64/libpthread.a(nc_condvar_305aa45a.o)
                              /Users/stevefar/nacl_sdk/pepper_45/toolchain/mac_x86_newlib/bin/../lib/gcc/x86_64-nacl/4.4.3/../../../../x86_64-nacl/lib/../lib64/libpthread.a(nc_thread_7e478b15.o) (pthread_cond_init)
[...]
Memory Configuration

Name             Origin             Length             Attributes
*default*        0x0000000000000000 0xffffffffffffffff

Linker script and memory map

LOAD /Users/stevefar/nacl_sdk/pepper_45/toolchain/mac_x86_newlib/bin/../lib/gcc/x86_64-nacl/4.4.3/../../../../x86_64-nacl/lib/../lib64/crt1.o
LOAD /Users/stevefar/nacl_sdk/pepper_45/toolchain/mac_x86_newlib/bin/../lib/gcc/x86_64-nacl/4.4.3/../../../../x86_64-nacl/lib/../lib64/crti.o
LOAD /Users/stevefar/nacl_sdk/pepper_45/toolchain/mac_x86_newlib/bin/../lib/gcc/x86_64-nacl/4.4.3/crtbegin.o
LOAD newlib/Release/multi_platform_x86_64.o
LOAD /Users/stevefar/nacl_sdk/pepper_45/lib/newlib_x86_64/Release/libppapi_cpp.a
LOAD /Users/stevefar/nacl_sdk/pepper_45/toolchain/mac_x86_newlib/bin/../lib/gcc/x86_64-nacl/4.4.3/../../../../x86_64-nacl/lib/../lib64/libppapi.a
LOAD /Users/stevefar/nacl_sdk/pepper_45/toolchain/mac_x86_newlib/bin/../lib/gcc/x86_64-nacl/4.4.3/../../../../x86_64-nacl/lib/../lib64/libppapi_stub.a
LOAD /Users/stevefar/nacl_sdk/pepper_45/toolchain/mac_x86_newlib/bin/../lib/gcc/x86_64-nacl/4.4.3/../../../../x86_64-nacl/lib/../lib64/libpthread.a
LOAD /Users/stevefar/nacl_sdk/pepper_45/toolchain/mac_x86_newlib/bin/../lib/gcc/x86_64-nacl/4.4.3/../../../../x86_64-nacl/lib/../lib64/libstdc++.a
LOAD /Users/stevefar/nacl_sdk/pepper_45/toolchain/mac_x86_newlib/bin/../lib/gcc/x86_64-nacl/4.4.3/../../../../x86_64-nacl/lib/../lib64/libm.a
LOAD /Users/stevefar/nacl_sdk/pepper_45/toolchain/mac_x86_newlib/bin/../lib/gcc/x86_64-nacl/4.4.3/libgcc.a
LOAD /Users/stevefar/nacl_sdk/pepper_45/toolchain/mac_x86_newlib/bin/../lib/gcc/x86_64-nacl/4.4.3/../../../../x86_64-nacl/lib/../lib64/libpthread.a
LOAD /Users/stevefar/nacl_sdk/pepper_45/toolchain/mac_x86_newlib/bin/../lib/gcc/x86_64-nacl/4.4.3/../../../../x86_64-nacl/lib/../lib64/libc.a
START GROUP
LOAD /Users/stevefar/nacl_sdk/pepper_45/toolchain/mac_x86_newlib/bin/../lib/gcc/x86_64-nacl/4.4.3/../../../../x86_64-nacl/lib/../lib64/libnacl.a
LOAD /Users/stevefar/nacl_sdk/pepper_45/toolchain/mac_x86_newlib/bin/../lib/gcc/x86_64-nacl/4.4.3/../../../../x86_64-nacl/lib/../lib64/libcrt_common.a
END GROUP
LOAD /Users/stevefar/nacl_sdk/pepper_45/toolchain/mac_x86_newlib/bin/../lib/gcc/x86_64-nacl/4.4.3/libgcc.a
LOAD /Users/stevefar/nacl_sdk/pepper_45/toolchain/mac_x86_newlib/bin/../lib/gcc/x86_64-nacl/4.4.3/crtend.o
LOAD /Users/stevefar/nacl_sdk/pepper_45/toolchain/mac_x86_newlib/bin/../lib/gcc/x86_64-nacl/4.4.3/../../../../x86_64-nacl/lib/../lib64/crtn.o
                0x0000000000020000                PROVIDE (__executable_start, 0x20000)
                0x0000000000020000                . = 0x20000

.init           0x0000000000020000       0x80
 *(SORT(.init))
 .init          0x0000000000020000       0x20 /Users/stevefar/nacl_sdk/pepper_45/toolchain/mac_x86_newlib/bin/../lib/gcc/x86_64-nacl/4.4.3/../../../../x86_64-nacl/lib/../lib64/crti.o
                0x0000000000020000                _init
 .init          0x0000000000020020       0x20 /Users/stevefar/nacl_sdk/pepper_45/toolchain/mac_x86_newlib/bin/../lib/gcc/x86_64-nacl/4.4.3/crtbegin.o
 .init          0x0000000000020040       0x20 /Users/stevefar/nacl_sdk/pepper_45/toolchain/mac_x86_newlib/bin/../lib/gcc/x86_64-nacl/4.4.3/crtend.o
 .init          0x0000000000020060       0x20 /Users/stevefar/nacl_sdk/pepper_45/toolchain/mac_x86_newlib/bin/../lib/gcc/x86_64-nacl/4.4.3/../../../../x86_64-nacl/lib/../lib64/crtn.o

.plt            0x0000000000020080        0x0
 *(.plt)
 *(.iplt)
 .iplt          0x0000000000000000        0x0 /Users/stevefar/nacl_sdk/pepper_45/toolchain/mac_x86_newlib/bin/../lib/gcc/x86_64-nacl/4.4.3/crtbegin.o

.text           0x0000000000020080    0x699c0
 *(.text.unlikely .text.*_unlikely .text.unlikely.*)
 *(.text.exit .text.exit.*)
 *(.text.startup .text.startup.*)
 *(.text.hot .text.hot.*)
 *(.text .stub .text.* .gnu.linkonce.t.*)
 .text          0x0000000000020080        0x0 /Users/stevefar/nacl_sdk/pepper_45/toolchain/mac_x86_newlib/bin/../lib/gcc/x86_64-nacl/4.4.3/../../../../x86_64-nacl/lib/../lib64/crti.o
 .text          0x0000000000020080      0x160 /Users/stevefar/nacl_sdk/pepper_45/toolchain/mac_x86_newlib/bin/../lib/gcc/x86_64-nacl/4.4.3/crtbegin.o
 .text          0x00000000000201e0       0xa0 newlib/Release/multi_platform_x86_64.o
                0x00000000000201e0                _ZN2pp12CreateModuleEv
 .text._ZN6Module14CreateInstanceEi
                0x0000000000020280       0xc0 newlib/Release/multi_platform_x86_64.o
                0x0000000000020280                _ZN6Module14CreateInstanceEi
 .text._ZN8Instance4InitEjPPKcS2_
                0x0000000000020340       0xe0 newlib/Release/multi_platform_x86_64.o
                0x0000000000020340                _ZN8Instance4InitEjPPKcS2_
 .text._ZN8InstanceD0Ev
                0x0000000000020420       0x40 newlib/Release/multi_platform_x86_64.o
                0x0000000000020420                _ZN8InstanceD0Ev
 .text._ZN8InstanceD1Ev
                0x0000000000020460       0x20 newlib/Release/multi_platform_x86_64.o
                0x0000000000020460                _ZN8InstanceD1Ev
 .text._ZN6ModuleD0Ev
                0x0000000000020480       0x40 newlib/Release/multi_platform_x86_64.o
                0x0000000000020480                _ZN6ModuleD0Ev
 .text._ZN6ModuleD1Ev
                0x00000000000204c0       0x20 newlib/Release/multi_platform_x86_64.o
                0x00000000000204c0                _ZN6ModuleD1Ev
 .text          0x00000000000204e0     0x31c0 /Users/stevefar/nacl_sdk/pepper_45/lib/newlib_x86_64/Release/libppapi_cpp.a(instance_x86_64.o)
                0x0000000000020500                _ZN2pp8InstanceC2Ei
                0x0000000000020580                _ZN2pp8InstanceC1Ei
                0x0000000000020600                _ZN2pp8Instance4InitEjPPKcS3_
                0x0000000000020620                _ZN2pp8Instance13DidChangeViewERKNS_4RectES3_
                0x0000000000020640                _ZN2pp8Instance14DidChangeFocusEb
                0x0000000000020660                _ZN2pp8Instance18HandleDocumentLoadERKNS_9URLLoaderE
                0x0000000000020680                _ZN2pp8Instance16HandleInputEventERKNS_10InputEventE
                0x00000000000206a0                _ZN2pp8Instance13HandleMessageERKNS_3VarE
                0x00000000000209e0                _ZN2pp8Instance13DidChangeViewERKNS_4ViewE
                0x0000000000020b00                _ZN2pp8InstanceD0Ev
                0x0000000000020b60                _ZN2pp8InstanceD1Ev
                0x0000000000020be0                _ZN2pp8InstanceD2Ev
                0x0000000000020c60                _ZN2pp8Instance20GetPerInstanceObjectEiRKSs
                0x0000000000020e80                _ZN2pp8Instance23RemovePerInstanceObjectERKSsPv
                0x0000000000021100                _ZN2pp8Instance23RemovePerInstanceObjectERKNS_14InstanceHandleERKSsPv
                0x00000000000211c0                _ZN2pp8Instance12LogToConsoleE11PP_LogLevelRKNS_3VarE
                0x00000000000214a0                _ZN2pp8Instance22LogToConsoleWithSourceE11PP_LogLevelRKNS_3VarES4_
                0x00000000000217a0                _ZN2pp8Instance20AddPerInstanceObjectERKSsPv
                0x0000000000021aa0                _ZN2pp8Instance18RequestInputEventsEj
                0x0000000000021d20                _ZN2pp8Instance22RegisterMessageHandlerEPNS_14MessageHandlerERKNS_11MessageLoopE
                0x0000000000021fe0                _ZN2pp8Instance22ClearInputEventRequestEj
                0x0000000000022260                _ZN2pp8Instance27RequestFilteringInputEventsEj
                0x00000000000224e0                _ZN2pp8Instance24UnregisterMessageHandlerEv
                0x0000000000022740                _ZN2pp8Instance12BindGraphicsERKNS_10Graphics2DE
                0x00000000000229e0                _ZN2pp8Instance11IsFullFrameEv
                0x0000000000022c80                _ZN2pp8Instance12BindGraphicsERKNS_10CompositorE
                0x0000000000022f20                _ZN2pp8Instance12BindGraphicsERKNS_10Graphics3DE
                0x00000000000231c0                _ZN2pp8Instance11PostMessageERKNS_3VarE
 .text._ZNSt8_Rb_treeISsSt4pairIKSsPvESt10_Select1stIS3_ESt4lessISsESaIS3_EE8_M_eraseEPSt13_Rb_tree_nodeIS3_E
                0x00000000000236a0      0x160 /Users/stevefar/nacl_sdk/pepper_45/lib/newlib_x86_64/Release/libppapi_cpp.a(instance_x86_64.o)
                0x00000000000236a0                _ZNSt8_Rb_treeISsSt4pairIKSsPvESt10_Select1stIS3_ESt4lessISsESaIS3_EE8_M_eraseEPSt13_Rb_tree_nodeIS3_E
 .text._ZNSt8_Rb_treeISsSt4pairIKSsPvESt10_Select1stIS3_ESt4lessISsESaIS3_EE10_M_insert_EPKSt18_Rb_tree_node_baseSC_RKS3_
                0x0000000000023800      0x240 /Users/stevefar/nacl_sdk/pepper_45/lib/newlib_x86_64/Release/libppapi_cpp.a(instance_x86_64.o)
                0x0000000000023800                _ZNSt8_Rb_treeISsSt4pairIKSsPvESt10_Select1stIS3_ESt4lessISsESaIS3_EE10_M_insert_EPKSt18_Rb_tree_node_baseSC_RKS3_
 .text._ZNSt8_Rb_treeISsSt4pairIKSsPvESt10_Select1stIS3_ESt4lessISsESaIS3_EE16_M_insert_uniqueERKS3_
                0x0000000000023a40      0x240 /Users/stevefar/nacl_sdk/pepper_45/lib/newlib_x86_64/Release/libppapi_cpp.a(instance_x86_64.o)
                0x0000000000023a40                _ZNSt8_Rb_treeISsSt4pairIKSsPvESt10_Select1stIS3_ESt4lessISsESaIS3_EE16_M_insert_uniqueERKS3_
 .text._ZNSt8_Rb_treeISsSt4pairIKSsPvESt10_Select1stIS3_ESt4lessISsESaIS3_EE17_M_insert_unique_ESt23_Rb_tree_const_iteratorIS3_ERKS3_
                0x0000000000023c80      0x400 /Users/stevefar/nacl_sdk/pepper_45/lib/newlib_x86_64/Release/libppapi_cpp.a(instance_x86_64.o)
                0x0000000000023c80                _ZNSt8_Rb_treeISsSt4pairIKSsPvESt10_Select1stIS3_ESt4lessISsESaIS3_EE17_M_insert_unique_ESt23_Rb_tree_const_iteratorIS3_ERKS3_
 .text          0x0000000000024080     0x18c0 /Users/stevefar/nacl_sdk/pepper_45/lib/newlib_x86_64/Release/libppapi_cpp.a(module_x86_64.o)
                0x0000000000024080                _ZN2pp6ModuleC2Ev
                0x0000000000024160                _ZN2pp6ModuleC1Ev
                0x0000000000024240                _ZN2pp6Module4InitEv
                0x0000000000024260                _ZN2pp6Module19GetBrowserInterfaceEPKc
                0x0000000000024280                _ZN2pp6Module21InstanceForPPInstanceEi
                0x0000000000024360                _ZN2pp6Module12InternalInitEiPFPKvPKcE
                0x0000000000024420                _ZN2pp23Instance_DidChangeFocusEi7PP_Bool
                0x0000000000024560                _ZN2pp18Instance_DidCreateEijPPKcS2_
                0x0000000000024760                _ZN2pp23Messaging_HandleMessageEi6PP_Var
                0x0000000000024900                _ZN2pp19Instance_DidDestroyEi
                0x0000000000024a60                _ZN2pp22InputEvent_HandleEventEii
                0x0000000000024c20                _ZN2pp27Instance_HandleDocumentLoadEii
                0x0000000000024de0                _ZN2pp22Instance_DidChangeViewEii
                0x0000000000024f80                _ZN2pp6ModuleD1Ev
                0x00000000000250a0                _ZN2pp6Module18GetPluginInterfaceEPKc
                0x0000000000025420                _ZN2pp6Module18AddPluginInterfaceERKSsPKv
                0x0000000000025700                _ZN2pp6ModuleD2Ev
                0x0000000000025820                _ZN2pp6ModuleD0Ev
 .text._ZNSt8_Rb_treeIiSt4pairIKiPN2pp8InstanceEESt10_Select1stIS5_ESt4lessIiESaIS5_EE8_M_eraseEPSt13_Rb_tree_nodeIS5_E
                0x0000000000025940       0xa0 /Users/stevefar/nacl_sdk/pepper_45/lib/newlib_x86_64/Release/libppapi_cpp.a(module_x86_64.o)
                0x0000000000025940                _ZNSt8_Rb_treeIiSt4pairIKiPN2pp8InstanceEESt10_Select1stIS5_ESt4lessIiESaIS5_EE8_M_eraseEPSt13_Rb_tree_nodeIS5_E
 .text._ZNSt8_Rb_treeIiSt4pairIKiPN2pp8InstanceEESt10_Select1stIS5_ESt4lessIiESaIS5_EE10_M_insert_EPKSt18_Rb_tree_node_baseSE_RKS5_
                0x00000000000259e0      0x140 /Users/stevefar/nacl_sdk/pepper_45/lib/newlib_x86_64/Release/libppapi_cpp.a(module_x86_64.o)
                0x00000000000259e0                _ZNSt8_Rb_treeIiSt4pairIKiPN2pp8InstanceEESt10_Select1stIS5_ESt4lessIiESaIS5_EE10_M_insert_EPKSt18_Rb_tree_node_baseSE_RKS5_
 .text._ZNSt8_Rb_treeIiSt4pairIKiPN2pp8InstanceEESt10_Select1stIS5_ESt4lessIiESaIS5_EE16_M_insert_uniqueERKS5_
                0x0000000000025b20      0x180 /Users/stevefar/nacl_sdk/pepper_45/lib/newlib_x86_64/Release/libppapi_cpp.a(module_x86_64.o)
                0x0000000000025b20                _ZNSt8_Rb_treeIiSt4pairIKiPN2pp8InstanceEESt10_Select1stIS5_ESt4lessIiESaIS5_EE16_M_insert_uniqueERKS5_
 .text._ZNSt8_Rb_treeIiSt4pairIKiPN2pp8InstanceEESt10_Select1stIS5_ESt4lessIiESaIS5_EE17_M_insert_unique_ESt23_Rb_tree_const_iteratorIS5_ERKS5_
                0x0000000000025ca0      0x2a0 /Users/stevefar/nacl_sdk/pepper_45/lib/newlib_x86_64/Release/libppapi_cpp.a(module_x86_64.o)
                0x0000000000025ca0                _ZNSt8_Rb_treeIiSt4pairIKiPN2pp8InstanceEESt10_Select1stIS5_ESt4lessIiESaIS5_EE17_M_insert_unique_ESt23_Rb_tree_const_iteratorIS5_ERKS5_
 .text._ZN2pp9URLLoaderD1Ev
                0x0000000000025f40       0x20 /Users/stevefar/nacl_sdk/pepper_45/lib/newlib_x86_64/Release/libppapi_cpp.a(module_x86_64.o)
                0x0000000000025f40                _ZN2pp9URLLoaderD1Ev
 .text._ZN2pp9URLLoaderD0Ev
                0x0000000000025f60       0x40 /Users/stevefar/nacl_sdk/pepper_45/lib/newlib_x86_64/Release/libppapi_cpp.a(module_x86_64.o)
                0x0000000000025f60                _ZN2pp9URLLoaderD0Ev
 .text._ZN2pp4ViewD1Ev
                0x0000000000025fa0       0x20 /Users/stevefar/nacl_sdk/pepper_45/lib/newlib_x86_64/Release/libppapi_cpp.a(module_x86_64.o)
                0x0000000000025fa0                _ZN2pp4ViewD1Ev
 .text._ZN2pp4ViewD0Ev
                0x0000000000025fc0       0x40 /Users/stevefar/nacl_sdk/pepper_45/lib/newlib_x86_64/Release/libppapi_cpp.a(module_x86_64.o)
                0x0000000000025fc0                _ZN2pp4ViewD0Ev
 .text._ZNSt8_Rb_treeISsSt4pairIKSsPKvESt10_Select1stIS4_ESt4lessISsESaIS4_EE8_M_eraseEPSt13_Rb_tree_nodeIS4_E
                0x0000000000026000      0x160 /Users/stevefar/nacl_sdk/pepper_45/lib/newlib_x86_64/Release/libppapi_cpp.a(module_x86_64.o)
                0x0000000000026000                _ZNSt8_Rb_treeISsSt4pairIKSsPKvESt10_Select1stIS4_ESt4lessISsESaIS4_EE8_M_eraseEPSt13_Rb_tree_nodeIS4_E
 .text._ZNSt8_Rb_treeISsSt4pairIKSsPKvESt10_Select1stIS4_ESt4lessISsESaIS4_EE10_M_insert_EPKSt18_Rb_tree_node_baseSD_RKS4_
                0x0000000000026160      0x240 /Users/stevefar/nacl_sdk/pepper_45/lib/newlib_x86_64/Release/libppapi_cpp.a(module_x86_64.o)
                0x0000000000026160                _ZNSt8_Rb_treeISsSt4pairIKSsPKvESt10_Select1stIS4_ESt4lessISsESaIS4_EE10_M_insert_EPKSt18_Rb_tree_node_baseSD_RKS4_
 .text._ZNSt8_Rb_treeISsSt4pairIKSsPKvESt10_Select1stIS4_ESt4lessISsESaIS4_EE16_M_insert_uniqueERKS4_
                0x00000000000263a0      0x240 /Users/stevefar/nacl_sdk/pepper_45/lib/newlib_x86_64/Release/libppapi_cpp.a(module_x86_64.o)
                0x00000000000263a0                _ZNSt8_Rb_treeISsSt4pairIKSsPKvESt10_Select1stIS4_ESt4lessISsESaIS4_EE16_M_insert_uniqueERKS4_
 .text._ZNSt8_Rb_treeISsSt4pairIKSsPKvESt10_Select1stIS4_ESt4lessISsESaIS4_EE17_M_insert_unique_ESt23_Rb_tree_const_iteratorIS4_ERKS4_
                0x00000000000265e0      0x400 /Users/stevefar/nacl_sdk/pepper_45/lib/newlib_x86_64/Release/libppapi_cpp.a(module_x86_64.o)
                0x00000000000265e0                _ZNSt8_Rb_treeISsSt4pairIKSsPKvESt10_Select1stIS4_ESt4lessISsESaIS4_EE17_M_insert_unique_ESt23_Rb_tree_const_iteratorIS4_ERKS4_
 .text          0x00000000000269e0      0x1c0 /Users/stevefar/nacl_sdk/pepper_45/lib/newlib_x86_64/Release/libppapi_cpp.a(ppp_entrypoints_x86_64.o)
                0x00000000000269e0                _ZN2pp6Module3GetEv
                0x0000000000026a00                _ZN2pp25SetBrokerGetInterfaceFuncEPFPKvPKcE
                0x0000000000026a20                PPP_ShutdownModule
                0x0000000000026a80                PPP_GetInterface
                0x0000000000026ae0                PPP_InitializeModule
 .text          0x0000000000026ba0      0x6e0 /Users/stevefar/nacl_sdk/pepper_45/lib/newlib_x86_64/Release/libppapi_cpp.a(resource_x86_64.o)
                0x0000000000026ba0                _ZN2pp8ResourceC2Ev
                0x0000000000026be0                _ZN2pp8ResourceC1Ev
                0x0000000000026c20                _ZN2pp8Resource6detachEv
                0x0000000000026c40                _ZN2pp8ResourceC2ENS_7PassRefEi
                0x0000000000026c60                _ZN2pp8ResourceC1ENS_7PassRefEi
                0x0000000000026c80                _ZN2pp8Resource22PassRefFromConstructorEi
                0x0000000000026ca0                _ZN2pp8Resource5ClearEv
                0x0000000000026d60                _ZN2pp8ResourceC1Ei
                0x0000000000026de0                _ZN2pp8ResourceC2Ei
                0x0000000000026e60                _ZN2pp8ResourceaSERKS0_
                0x0000000000026fa0                _ZN2pp8ResourceC1ERKS0_
                0x0000000000027020                _ZN2pp8ResourceC2ERKS0_
                0x00000000000270a0                _ZN2pp8ResourceD1Ev
                0x0000000000027140                _ZN2pp8ResourceD2Ev
                0x00000000000271e0                _ZN2pp8ResourceD0Ev
 .text          0x0000000000027280     0x1f00 /Users/stevefar/nacl_sdk/pepper_45/lib/newlib_x86_64/Release/libppapi_cpp.a(url_loader_x86_64.o)
                0x0000000000027280                _ZN2pp9URLLoaderC1ERKS0_
                0x00000000000272c0                _ZN2pp9URLLoaderC2ERKS0_
                0x0000000000027300                _ZN2pp9URLLoaderC1Ei
                0x0000000000027340                _ZN2pp9URLLoaderC2Ei
                0x0000000000027380                _ZN2pp9URLLoader16ReadResponseBodyEPviRKNS_18CompletionCallbackE
                0x0000000000027700                _ZN2pp9URLLoader14FollowRedirectERKNS_18CompletionCallbackE
                0x0000000000027a00                _ZN2pp9URLLoaderC1ERKNS_14InstanceHandleE
                0x0000000000027d20                _ZNK2pp9URLLoader19GetDownloadProgressEPxS1_
                0x0000000000027fe0                _ZN2pp9URLLoader5CloseEv
                0x0000000000028240                _ZN2pp9URLLoaderC2ERKNS_14InstanceHandleE
                0x0000000000028560                _ZN2pp9URLLoader21FinishStreamingToFileERKNS_18CompletionCallbackE
                0x0000000000028860                _ZNK2pp9URLLoader15GetResponseInfoEv
                0x0000000000028b40                _ZNK2pp9URLLoader17GetUploadProgressEPxS1_
                0x0000000000028e00                _ZN2pp9URLLoader4OpenERKNS_14URLRequestInfoERKNS_18CompletionCallbackE
 .text._ZN2pp15URLResponseInfoD1Ev
                0x0000000000029180       0x20 /Users/stevefar/nacl_sdk/pepper_45/lib/newlib_x86_64/Release/libppapi_cpp.a(url_loader_x86_64.o)
                0x0000000000029180                _ZN2pp15URLResponseInfoD1Ev
 .text._ZN2pp15URLResponseInfoD0Ev
                0x00000000000291a0       0x40 /Users/stevefar/nacl_sdk/pepper_45/lib/newlib_x86_64/Release/libppapi_cpp.a(url_loader_x86_64.o)
                0x00000000000291a0                _ZN2pp15URLResponseInfoD0Ev
 .text          0x00000000000291e0      0x720 /Users/stevefar/nacl_sdk/pepper_45/lib/newlib_x86_64/Release/libppapi_cpp.a(url_response_info_x86_64.o)
                0x00000000000291e0                _ZN2pp15URLResponseInfoC1ENS_7PassRefEi
                0x0000000000029220                _ZN2pp15URLResponseInfoC2ENS_7PassRefEi
                0x0000000000029260                _ZN2pp15URLResponseInfoC1ERKS0_
                0x00000000000292a0                _ZN2pp15URLResponseInfoC2ERKS0_
                0x00000000000292e0                _ZNK2pp15URLResponseInfo16GetBodyAsFileRefEv
                0x00000000000295e0                _ZNK2pp15URLResponseInfo11GetPropertyE22PP_URLResponseProperty
 .text._ZN2pp7FileRefD1Ev
                0x0000000000029900       0x20 /Users/stevefar/nacl_sdk/pepper_45/lib/newlib_x86_64/Release/libppapi_cpp.a(url_response_info_x86_64.o)
                0x0000000000029900                _ZN2pp7FileRefD1Ev
 .text._ZN2pp7FileRefD0Ev
                0x0000000000029920       0x40 /Users/stevefar/nacl_sdk/pepper_45/lib/newlib_x86_64/Release/libppapi_cpp.a(url_response_info_x86_64.o)
                0x0000000000029920                _ZN2pp7FileRefD0Ev
 .text          0x0000000000029960     0x3d40 /Users/stevefar/nacl_sdk/pepper_45/lib/newlib_x86_64/Release/libppapi_cpp.a(var_x86_64.o)
                0x0000000000029960                _ZN2pp3VarC2Eb
                0x00000000000299c0                _ZN2pp3VarC1Eb
                0x0000000000029a20                _ZN2pp3VarC2Ei
                0x0000000000029a80                _ZN2pp3VarC1Ei
                0x0000000000029ae0                _ZN2pp3VarC2Ed
                0x0000000000029b40                _ZN2pp3VarC1Ed
                0x0000000000029ba0                _ZNK2pp3Var6AsBoolEv
                0x0000000000029be0                _ZNK2pp3Var5AsIntEv
                0x0000000000029c60                _ZNK2pp3Var8AsDoubleEv
                0x0000000000029e00                _ZN2pp3VarC1ENS0_4NullE
                0x0000000000029e60                _ZN2pp3VarC2ENS0_4NullE
                0x0000000000029ec0                _ZN2pp3VarC1Ev
                0x0000000000029f20                _ZN2pp3VarC2Ev
                0x0000000000029f80                _ZNK2pp3Var8AsStringEv
                0x000000000002a6e0                _ZNK2pp3Var11DebugStringEv
                0x000000000002ac00                _ZNK2pp3VareqERKS0_
                0x000000000002b040                _ZN2pp3VarC1ERKNS_8ResourceE
                0x000000000002b300                _ZN2pp3VarC2ERKNS_8ResourceE
                0x000000000002bc40                _ZN2pp3VarC1ERKSs
                0x000000000002bcc0                _ZN2pp3VarC2ERKSs
                0x000000000002bd40                _ZN2pp3VarC1EPKc
                0x000000000002be00                _ZN2pp3VarC2EPKc
                0x000000000002c680                _ZN2pp3VarC1ERKS0_
                0x000000000002c740                _ZN2pp3VarC2ERKS0_
                0x000000000002c800                _ZN2pp3VarC1ERK6PP_Var
                0x000000000002c8c0                _ZN2pp3VarC2ERK6PP_Var
                0x000000000002d140                _ZN2pp3VaraSERKS0_
                0x000000000002d260                _ZN2pp3VarD0Ev
                0x000000000002d2c0                _ZN2pp3VarD1Ev
                0x000000000002d320                _ZN2pp3VarD2Ev
                0x000000000002d380                _ZNK2pp3Var10AsResourceEv
 .text          0x000000000002d6a0     0x3040 /Users/stevefar/nacl_sdk/pepper_45/lib/newlib_x86_64/Release/libppapi_cpp.a(view_x86_64.o)
                0x000000000002d7c0                _ZN2pp4ViewC1Ei
                0x000000000002d800                _ZN2pp4ViewC2Ei
                0x000000000002d840                _ZN2pp4ViewC1Ev
                0x000000000002d880                _ZN2pp4ViewC2Ev
                0x000000000002d8c0                _ZNK2pp4View15GetScrollOffsetEv
                0x000000000002dba0                _ZNK2pp4View11GetClipRectEv
                0x000000000002e220                _ZNK2pp4View14GetDeviceScaleEv
                0x000000000002e680                _ZNK2pp4View11GetCSSScaleEv
                0x000000000002eae0                _ZNK2pp4View7GetRectEv
                0x000000000002f160                _ZNK2pp4View13IsPageVisibleEv
                0x000000000002f8a0                _ZNK2pp4View9IsVisibleEv
                0x000000000002ffc0                _ZNK2pp4View12IsFullscreenEv
 .text          0x00000000000306e0       0x80 /Users/stevefar/nacl_sdk/pepper_45/lib/newlib_x86_64/Release/libppapi_cpp.a(core_x86_64.o)
                0x00000000000306e0                _ZN2pp4Core16CallOnMainThreadEiRKNS_18CompletionCallbackEi
                0x0000000000030720                _ZN2pp4Core12IsMainThreadEv
 .text          0x0000000000030760     0x5500 /Users/stevefar/nacl_sdk/pepper_45/lib/newlib_x86_64/Release/libppapi_cpp.a(file_ref_x86_64.o)
                0x0000000000030880                _ZN2pp7FileRefC1ERKS0_
                0x00000000000308c0                _ZN2pp7FileRefC2ERKS0_
                0x0000000000030900                _ZN2pp7FileRefC1ENS_7PassRefEi
                0x0000000000030940                _ZN2pp7FileRefC2ENS_7PassRefEi
                0x0000000000030980                _ZN2pp7FileRefC1Ei
                0x00000000000309c0                _ZN2pp7FileRefC2Ei
                0x0000000000030a00                _ZN2pp7FileRef13MakeDirectoryEiRKNS_18CompletionCallbackE
                0x00000000000311c0                _ZN2pp7FileRef20ReadDirectoryEntriesERKNS_28CompletionCallbackWithOutputISt6vectorINS_14DirectoryEntryESaIS3_EEEE
                0x0000000000031760                _ZN2pp7FileRef5QueryERKNS_28CompletionCallbackWithOutputI11PP_FileInfoEE
                0x0000000000031ce0                _ZN2pp7FileRefC1ERKNS_10FileSystemEPKc
                0x0000000000032340                _ZNK2pp7FileRef17GetFileSystemTypeEv
                0x00000000000329a0                _ZN2pp7FileRef6RenameERKS0_RKNS_18CompletionCallbackE
                0x00000000000331e0                _ZN2pp7FileRef6DeleteERKNS_18CompletionCallbackE
                0x00000000000339a0                _ZN2pp7FileRef5TouchEddRKNS_18CompletionCallbackE
                0x00000000000341a0                _ZNK2pp7FileRef7GetPathEv
                0x0000000000034860                _ZNK2pp7FileRef7GetNameEv
                0x0000000000034f20                _ZNK2pp7FileRef9GetParentEv
                0x0000000000035600                _ZN2pp7FileRefC2ERKNS_10FileSystemEPKc
 .text._ZNK2pp18CompletionCallback8MayForceEi
                0x0000000000035c60       0xc0 /Users/stevefar/nacl_sdk/pepper_45/lib/newlib_x86_64/Release/libppapi_cpp.a(file_ref_x86_64.o)
                0x0000000000035c60                _ZNK2pp18CompletionCallback8MayForceEi
 .text          0x0000000000035d20     0x9ae0 /Users/stevefar/nacl_sdk/pepper_45/lib/newlib_x86_64/Release/libppapi_cpp.a(input_event_x86_64.o)
                0x0000000000036080                _ZN2pp10InputEventD0Ev
                0x00000000000360c0                _ZN2pp10InputEventD1Ev
                0x00000000000360e0                _ZN2pp10InputEventD2Ev
                0x0000000000036100                _ZN2pp10InputEventC1Ev
                0x0000000000036140                _ZN2pp10InputEventC2Ev
                0x0000000000036180                _ZN2pp13IMEInputEventC1Ev
                0x00000000000361c0                _ZN2pp13IMEInputEventC2Ev
                0x0000000000036200                _ZN2pp15TouchInputEventC1Ev
                0x0000000000036240                _ZN2pp15TouchInputEventC2Ev
                0x0000000000036280                _ZN2pp18KeyboardInputEventC1Ev
                0x00000000000362c0                _ZN2pp18KeyboardInputEventC2Ev
                0x0000000000036300                _ZN2pp15WheelInputEventC1Ev
                0x0000000000036340                _ZN2pp15WheelInputEventC2Ev
                0x0000000000036380                _ZN2pp15MouseInputEventC1Ev
                0x00000000000363c0                _ZN2pp15MouseInputEventC2Ev
                0x0000000000036400                _ZN2pp10InputEventC2Ei
                0x0000000000036760                _ZNK2pp10InputEvent12GetModifiersEv
                0x00000000000369c0                _ZNK2pp10InputEvent12GetTimeStampEv
                0x0000000000036c20                _ZNK2pp10InputEvent7GetTypeEv
                0x0000000000036e80                _ZN2pp10InputEventC1Ei
                0x00000000000371e0                _ZNK2pp15WheelInputEvent15GetScrollByPageEv
                0x0000000000037480                _ZN2pp15WheelInputEventC1ERKNS_14InstanceHandleEdjRKNS_10FloatPointES6_b
                0x0000000000037800                _ZN2pp15WheelInputEventC2ERKNS_14InstanceHandleEdjRKNS_10FloatPointES6_b
                0x0000000000037b80                _ZN2pp15WheelInputEventC2ERKNS_10InputEventE
                0x0000000000037f00                _ZNK2pp15WheelInputEvent8GetTicksEv
                0x00000000000381e0                _ZNK2pp15WheelInputEvent8GetDeltaEv
                0x00000000000384c0                _ZN2pp18KeyboardInputEventC2ERKNS_10InputEventE
                0x0000000000038860                _ZN2pp18KeyboardInputEventC1ERKNS_10InputEventE
                0x0000000000038c00                _ZN2pp18KeyboardInputEventC1ERKNS_14InstanceHandleE18PP_InputEvent_TypedjjRKNS_3VarES7_
                0x0000000000038f60                _ZN2pp18KeyboardInputEventC1ERKNS_14InstanceHandleE18PP_InputEvent_TypedjjRKNS_3VarE
                0x0000000000039460                _ZN2pp15WheelInputEventC1ERKNS_10InputEventE
                0x00000000000397e0                _ZN2pp15TouchInputEventC2ERKNS_10InputEventE
                0x0000000000039b60                _ZNK2pp15MouseInputEvent11GetMovementEv
                0x0000000000039e40                _ZN2pp15TouchInputEvent13AddTouchPointE16PP_TouchListType13PP_TouchPoint
                0x000000000003a100                _ZN2pp15TouchInputEventC1ERKNS_14InstanceHandleE18PP_InputEvent_Typedj
                0x000000000003a480                _ZN2pp15TouchInputEventC1ERKNS_10InputEventE
                0x000000000003a800                _ZNK2pp15TouchInputEvent15GetTouchByIndexE16PP_TouchListTypej
                0x000000000003ab40                _ZN2pp15MouseInputEventC2ERKNS_10InputEventE
                0x000000000003aec0                _ZNK2pp15TouchInputEvent13GetTouchCountE16PP_TouchListType
                0x000000000003b180                _ZNK2pp15MouseInputEvent13GetClickCountEv
                0x000000000003b3e0                _ZNK2pp15MouseInputEvent11GetPositionEv
                0x000000000003b6c0                _ZN2pp15MouseInputEventC1ERKNS_14InstanceHandleE18PP_InputEvent_Typedj25PP_InputEvent_MouseButtonRKNS_5PointEiS8_
                0x000000000003ba60                _ZN2pp15MouseInputEventC2ERKNS_14InstanceHandleE18PP_InputEvent_Typedj25PP_InputEvent_MouseButtonRKNS_5PointEiS8_
                0x000000000003be00                _ZN2pp15MouseInputEventC1ERKNS_10InputEventE
                0x000000000003c180                _ZNK2pp18KeyboardInputEvent10GetKeyCodeEv
                0x000000000003c500                _ZNK2pp18KeyboardInputEvent7GetCodeEv
                0x000000000003c6c0                _ZNK2pp18KeyboardInputEvent16GetCharacterTextEv
                0x000000000003caa0                _ZNK2pp15TouchInputEvent12GetTouchByIdE16PP_TouchListTypej
                0x000000000003cde0                _ZNK2pp13IMEInputEvent7GetTextEv
                0x000000000003d0a0                _ZNK2pp13IMEInputEvent16GetSegmentNumberEv
                0x000000000003d300                _ZNK2pp13IMEInputEvent16GetSegmentOffsetEj
                0x000000000003d480                _ZN2pp13IMEInputEventC1ERKNS_14InstanceHandleE18PP_InputEvent_TypedRKNS_3VarERKSt6vectorIjSaIjEEiRKSt4pairIjjE
                0x000000000003d7c0                _ZN2pp13IMEInputEventC2ERKNS_14InstanceHandleE18PP_InputEvent_TypedRKNS_3VarERKSt6vectorIjSaIjEEiRKSt4pairIjjE
                0x000000000003dbe0                _ZN2pp13IMEInputEventC1ERKNS_10InputEventE
                0x000000000003df60                _ZN2pp13IMEInputEventC2ERKNS_10InputEventE
                0x000000000003e1e0                _ZNK2pp13IMEInputEvent12GetSelectionEPjS1_
                0x000000000003e4a0                _ZN2pp15TouchInputEventC2ERKNS_14InstanceHandleE18PP_InputEvent_Typedj
                0x000000000003e820                _ZNK2pp13IMEInputEvent16GetTargetSegmentEv
                0x000000000003ea80                _ZNK2pp15MouseInputEvent9GetButtonEv
                0x000000000003ece0                _ZN2pp18KeyboardInputEventC2ERKNS_14InstanceHandleE18PP_InputEvent_TypedjjRKNS_3VarE
                0x000000000003f2c0                _ZN2pp18KeyboardInputEventC2ERKNS_14InstanceHandleE18PP_InputEvent_TypedjjRKNS_3VarES7_
 .text._ZN2pp13IMEInputEventD0Ev
                0x000000000003f800       0x40 /Users/stevefar/nacl_sdk/pepper_45/lib/newlib_x86_64/Release/libppapi_cpp.a(input_event_x86_64.o)
                0x000000000003f800                _ZN2pp13IMEInputEventD0Ev
 .text._ZN2pp13IMEInputEventD1Ev
                0x000000000003f840       0x20 /Users/stevefar/nacl_sdk/pepper_45/lib/newlib_x86_64/Release/libppapi_cpp.a(input_event_x86_64.o)
                0x000000000003f840                _ZN2pp13IMEInputEventD1Ev
 .text._ZN2pp15TouchInputEventD0Ev
                0x000000000003f860       0x40 /Users/stevefar/nacl_sdk/pepper_45/lib/newlib_x86_64/Release/libppapi_cpp.a(input_event_x86_64.o)
                0x000000000003f860                _ZN2pp15TouchInputEventD0Ev
 .text._ZN2pp15TouchInputEventD1Ev
                0x000000000003f8a0       0x20 /Users/stevefar/nacl_sdk/pepper_45/lib/newlib_x86_64/Release/libppapi_cpp.a(input_event_x86_64.o)
                0x000000000003f8a0                _ZN2pp15TouchInputEventD1Ev
 .text._ZN2pp18KeyboardInputEventD0Ev
                0x000000000003f8c0       0x40 /Users/stevefar/nacl_sdk/pepper_45/lib/newlib_x86_64/Release/libppapi_cpp.a(input_event_x86_64.o)
                0x000000000003f8c0                _ZN2pp18KeyboardInputEventD0Ev
 .text._ZN2pp18KeyboardInputEventD1Ev
                0x000000000003f900       0x20 /Users/stevefar/nacl_sdk/pepper_45/lib/newlib_x86_64/Release/libppapi_cpp.a(input_event_x86_64.o)
                0x000000000003f900                _ZN2pp18KeyboardInputEventD1Ev
 .text._ZN2pp15WheelInputEventD0Ev
                0x000000000003f920       0x40 /Users/stevefar/nacl_sdk/pepper_45/lib/newlib_x86_64/Release/libppapi_cpp.a(input_event_x86_64.o)
                0x000000000003f920                _ZN2pp15WheelInputEventD0Ev
 .text._ZN2pp15WheelInputEventD1Ev
                0x000000000003f960       0x20 /Users/stevefar/nacl_sdk/pepper_45/lib/newlib_x86_64/Release/libppapi_cpp.a(input_event_x86_64.o)
                0x000000000003f960                _ZN2pp15WheelInputEventD1Ev
 .text._ZN2pp15MouseInputEventD0Ev
                0x000000000003f980       0x40 /Users/stevefar/nacl_sdk/pepper_45/lib/newlib_x86_64/Release/libppapi_cpp.a(input_event_x86_64.o)
                0x000000000003f980                _ZN2pp15MouseInputEventD0Ev
 .text._ZN2pp15MouseInputEventD1Ev
                0x000000000003f9c0       0x20 /Users/stevefar/nacl_sdk/pepper_45/lib/newlib_x86_64/Release/libppapi_cpp.a(input_event_x86_64.o)
                0x000000000003f9c0                _ZN2pp15MouseInputEventD1Ev
 .text          0x000000000003f9e0       0x20 /Users/stevefar/nacl_sdk/pepper_45/toolchain/mac_x86_newlib/bin/../lib/gcc/x86_64-nacl/4.4.3/../../../../x86_64-nacl/lib/../lib64/libppapi_stub.a(plugin_main_irt_21ce9d26.o)
                0x000000000003f9e0                main
 .text          0x000000000003fa00       0x20 /Users/stevefar/nacl_sdk/pepper_45/toolchain/mac_x86_newlib/bin/../lib/gcc/x86_64-nacl/4.4.3/../../../../x86_64-nacl/lib/../lib64/libppapi_stub.a(ppapi_plugin_main_399d0cf7.o)
                0x000000000003fa00                PpapiPluginMain
 .text          0x000000000003fa20      0x200 /Users/stevefar/nacl_sdk/pepper_45/toolchain/mac_x86_newlib/bin/../lib/gcc/x86_64-nacl/4.4.3/../../../../x86_64-nacl/lib/../lib64/libppapi_stub.a(ppapi_plugin_start_8da67623.o)
                0x000000000003fa80                PpapiPluginStart
 .text          0x000000000003fc20       0x60 /Users/stevefar/nacl_sdk/pepper_45/toolchain/mac_x86_newlib/bin/../lib/gcc/x86_64-nacl/4.4.3/../../../../x86_64-nacl/lib/../lib64/libppapi_stub.a(thread_creator_ccf263e1.o)
                0x000000000003fc20                __nacl_register_thread_creator
 .text          0x000000000003fc80     0x2000 /Users/stevefar/nacl_sdk/pepper_45/toolchain/mac_x86_newlib/bin/../lib/gcc/x86_64-nacl/4.4.3/../../../../x86_64-nacl/lib/../lib64/libpthread.a(nc_thread_7e478b15.o)
                0x000000000003fc80                pthread_kill
                0x000000000003fca0                pthread_equal
                0x000000000003fcc0                pthread_attr_init
                0x000000000003fd20                pthread_attr_destroy
                0x000000000003fd40                pthread_attr_setdetachstate
                0x000000000003fd80                pthread_attr_getdetachstate
                0x000000000003fdc0                pthread_attr_setscope
                0x000000000003fe00                pthread_attr_getscope
                0x000000000003fe20                pthread_attr_setstacksize
                0x000000000003fea0                pthread_attr_getstacksize
                0x000000000003fee0                pthread_getspecific
                0x000000000003ffc0                __nc_tsd_exit
                0x0000000000040260                pthread_cleanup_pop
                0x0000000000040340                pthread_setspecific
                0x00000000000404a0                pthread_key_delete
                0x0000000000040540                pthread_key_create
                0x00000000000405e0                __local_lock_release
                0x0000000000040620                __local_lock_release_recursive
                0x0000000000040640                __local_lock_try_acquire
                0x0000000000040680                __local_lock_try_acquire_recursive
                0x00000000000406a0                __local_lock_acquire
                0x00000000000406e0                __local_lock_acquire_recursive
                0x0000000000040700                __local_lock_close
                0x0000000000040740                __local_lock_close_recursive
                0x0000000000040760                __local_lock_init_recursive
                0x00000000000407e0                __local_lock_init
                0x0000000000040860                pthread_self
                0x00000000000408a0                pthread_setschedprio
                0x0000000000040980                pthread_detach
                0x0000000000040a60                pthread_join
                0x0000000000040c40                pthread_exit
                0x00000000000410c0                pthread_cleanup_push
                0x0000000000041540                pthread_create
                0x00000000000419a0                __nc_initialize_unjoinable_thread
                0x0000000000041b00                __nc_initialize_globals
                0x0000000000041c00                __pthread_initialize
 .text          0x0000000000041c80      0x2c0 /Users/stevefar/nacl_sdk/pepper_45/toolchain/mac_x86_newlib/bin/../lib/gcc/x86_64-nacl/4.4.3/../../../../x86_64-nacl/lib/../lib64/libpthread.a(nc_condvar_305aa45a.o)
                0x0000000000041c80                pthread_cond_init
                0x0000000000041ca0                pthread_cond_destroy
                0x0000000000041cc0                pthread_condattr_init
                0x0000000000041ce0                pthread_condattr_destroy
                0x0000000000041d00                pthread_condattr_getpshared
                0x0000000000041d20                pthread_condattr_setpshared
                0x0000000000041d40                pthread_condattr_getclock
                0x0000000000041d60                pthread_condattr_setclock
                0x0000000000041d80                pthread_cond_timedwait_abs
                0x0000000000041e80                pthread_cond_wait
                0x0000000000041f00                pthread_cond_broadcast
                0x0000000000041f20                pthread_cond_signal
 .text          0x0000000000041f40      0x560 /Users/stevefar/nacl_sdk/pepper_45/toolchain/mac_x86_newlib/bin/../lib/gcc/x86_64-nacl/4.4.3/../../../../x86_64-nacl/lib/../lib64/libpthread.a(dynamic_annotations_33ba59cc.o)
                0x0000000000041f40                NACL_AnnotateRWLockCreate
                0x0000000000041f60                NACL_AnnotateRWLockDestroy
                0x0000000000041f80                NACL_AnnotateRWLockAcquired
                0x0000000000041fa0                NACL_AnnotateRWLockReleased
                0x0000000000041fc0                NACL_AnnotateBarrierInit
                0x0000000000041fe0                NACL_AnnotateBarrierWaitBefore
                0x0000000000042000                NACL_AnnotateBarrierWaitAfter
                0x0000000000042020                NACL_AnnotateBarrierDestroy
                0x0000000000042040                NACL_AnnotateCondVarWait
                0x0000000000042060                NACL_AnnotateCondVarSignal
                0x0000000000042080                NACL_AnnotateCondVarSignalAll
                0x00000000000420a0                NACL_AnnotateHappensBefore
                0x00000000000420c0                NACL_AnnotateHappensAfter
                0x00000000000420e0                NACL_AnnotatePublishMemoryRange
                0x0000000000042100                NACL_AnnotateUnpublishMemoryRange
                0x0000000000042120                NACL_AnnotatePCQCreate
                0x0000000000042140                NACL_AnnotatePCQDestroy
                0x0000000000042160                NACL_AnnotatePCQPut
                0x0000000000042180                NACL_AnnotatePCQGet
                0x00000000000421a0                NACL_AnnotateNewMemory
                0x00000000000421c0                NACL_AnnotateExpectRace
                0x00000000000421e0                NACL_AnnotateFlushExpectedRaces
                0x0000000000042200                NACL_AnnotateBenignRace
                0x0000000000042220                NACL_AnnotateBenignRaceSized
                0x0000000000042240                NACL_AnnotateMutexIsUsedAsCondVar
                0x0000000000042260                NACL_AnnotateMutexIsNotPHB
                0x0000000000042280                NACL_AnnotateTraceMemory
                0x00000000000422a0                NACL_AnnotateThreadName
                0x00000000000422c0                NACL_AnnotateIgnoreReadsBegin
                0x00000000000422e0                NACL_AnnotateIgnoreReadsEnd
                0x0000000000042300                NACL_AnnotateIgnoreWritesBegin
                0x0000000000042320                NACL_AnnotateIgnoreWritesEnd
                0x0000000000042340                NACL_AnnotateIgnoreSyncBegin
                0x0000000000042360                NACL_AnnotateIgnoreSyncEnd
                0x0000000000042380                NACL_AnnotateEnableRaceDetection
                0x00000000000423a0                NACL_AnnotateNoOp
                0x00000000000423c0                NACL_AnnotateFlushState
                0x00000000000423e0                RunningOnValgrind
 .text          0x00000000000424a0      0x780 /Users/stevefar/nacl_sdk/pepper_45/toolchain/mac_x86_newlib/bin/../lib/gcc/x86_64-nacl/4.4.3/../../../../x86_64-nacl/lib/../lib64/libpthread.a(nc_mutex_86341ae1.o)
                0x00000000000424a0                pthread_mutex_init
                0x0000000000042520                pthread_mutex_destroy
                0x00000000000425a0                pthread_mutexattr_init
                0x00000000000425c0                pthread_mutexattr_destroy
                0x00000000000425e0                pthread_mutexattr_settype
                0x0000000000042620                pthread_mutexattr_gettype
                0x0000000000042640                pthread_mutexattr_setpshared
                0x0000000000042660                pthread_mutexattr_getpshared
                0x0000000000042680                pthread_mutex_unlock
                0x0000000000042a80                pthread_mutex_timedlock
                0x0000000000042aa0                pthread_mutex_lock
                0x0000000000042ac0                pthread_once
                0x0000000000042c00                pthread_mutex_trylock
 .text          0x0000000000042c20       0x40 /Users/stevefar/nacl_sdk/pepper_45/toolchain/mac_x86_newlib/bin/../lib/gcc/x86_64-nacl/4.4.3/../../../../x86_64-nacl/lib/../lib64/libpthread.a(nc_init_irt_d3daafc0.o)
                0x0000000000042c20                __nc_initialize_interfaces
 .text          0x0000000000042c60        0x0 /Users/stevefar/nacl_sdk/pepper_45/toolchain/mac_x86_newlib/bin/../lib/gcc/x86_64-nacl/4.4.3/../../../../x86_64-nacl/lib/../lib64/libstdc++.a(tree.o)
 .text._ZSt18_Rb_tree_incrementPSt18_Rb_tree_node_base
                0x0000000000042c60       0xa0 /Users/stevefar/nacl_sdk/pepper_45/toolchain/mac_x86_newlib/bin/../lib/gcc/x86_64-nacl/4.4.3/../../../../x86_64-nacl/lib/../lib64/libstdc++.a(tree.o)
                0x0000000000042c60                _ZSt18_Rb_tree_incrementPSt18_Rb_tree_node_base
 .text._ZSt18_Rb_tree_incrementPKSt18_Rb_tree_node_base
                0x0000000000042d00       0xc0 /Users/stevefar/nacl_sdk/pepper_45/toolchain/mac_x86_newlib/bin/../lib/gcc/x86_64-nacl/4.4.3/../../../../x86_64-nacl/lib/../lib64/libstdc++.a(tree.o)
                0x0000000000042d00                _ZSt18_Rb_tree_incrementPKSt18_Rb_tree_node_base
 .text._ZSt18_Rb_tree_decrementPSt18_Rb_tree_node_base
                0x0000000000042dc0      0x140 /Users/stevefar/nacl_sdk/pepper_45/toolchain/mac_x86_newlib/bin/../lib/gcc/x86_64-nacl/4.4.3/../../../../x86_64-nacl/lib/../lib64/libstdc++.a(tree.o)
                0x0000000000042dc0                _ZSt18_Rb_tree_decrementPSt18_Rb_tree_node_base
 .text._ZSt18_Rb_tree_decrementPKSt18_Rb_tree_node_base
                0x0000000000042f00      0x120 /Users/stevefar/nacl_sdk/pepper_45/toolchain/mac_x86_newlib/bin/../lib/gcc/x86_64-nacl/4.4.3/../../../../x86_64-nacl/lib/../lib64/libstdc++.a(tree.o)
                0x0000000000042f00                _ZSt18_Rb_tree_decrementPKSt18_Rb_tree_node_base
 .text._ZSt20_Rb_tree_rotate_leftPSt18_Rb_tree_node_baseRS0_
                0x0000000000043020       0xe0 /Users/stevefar/nacl_sdk/pepper_45/toolchain/mac_x86_newlib/bin/../lib/gcc/x86_64-nacl/4.4.3/../../../../x86_64-nacl/lib/../lib64/libstdc++.a(tree.o)
                0x0000000000043020                _ZSt20_Rb_tree_rotate_leftPSt18_Rb_tree_node_baseRS0_
 .text._ZSt21_Rb_tree_rotate_rightPSt18_Rb_tree_node_baseRS0_
                0x0000000000043100       0xe0 /Users/stevefar/nacl_sdk/pepper_45/toolchain/mac_x86_newlib/bin/../lib/gcc/x86_64-nacl/4.4.3/../../../../x86_64-nacl/lib/../lib64/libstdc++.a(tree.o)
                0x0000000000043100                _ZSt21_Rb_tree_rotate_rightPSt18_Rb_tree_node_baseRS0_
 .text._ZSt29_Rb_tree_insert_and_rebalancebPSt18_Rb_tree_node_baseS0_RS_
                0x00000000000431e0      0x580 /Users/stevefar/nacl_sdk/pepper_45/toolchain/mac_x86_newlib/bin/../lib/gcc/x86_64-nacl/4.4.3/../../../../x86_64-nacl/lib/../lib64/libstdc++.a(tree.o)
                0x00000000000431e0                _ZSt29_Rb_tree_insert_and_rebalancebPSt18_Rb_tree_node_baseS0_RS_
 .text._ZSt28_Rb_tree_rebalance_for_erasePSt18_Rb_tree_node_baseRS_
                0x0000000000043760      0xbc0 /Users/stevefar/nacl_sdk/pepper_45/toolchain/mac_x86_newlib/bin/../lib/gcc/x86_64-nacl/4.4.3/../../../../x86_64-nacl/lib/../lib64/libstdc++.a(tree.o)
                0x0000000000043760                _ZSt28_Rb_tree_rebalance_for_erasePSt18_Rb_tree_node_baseRS_
 .text._ZSt20_Rb_tree_black_countPKSt18_Rb_tree_node_baseS1_
                0x0000000000044320       0x80 /Users/stevefar/nacl_sdk/pepper_45/toolchain/mac_x86_newlib/bin/../lib/gcc/x86_64-nacl/4.4.3/../../../../x86_64-nacl/lib/../lib64/libstdc++.a(tree.o)
                0x0000000000044320                _ZSt20_Rb_tree_black_countPKSt18_Rb_tree_node_baseS1_
 .text          0x00000000000443a0        0x0 /Users/stevefar/nacl_sdk/pepper_45/toolchain/mac_x86_newlib/bin/../lib/gcc/x86_64-nacl/4.4.3/../../../../x86_64-nacl/lib/../lib64/libstdc++.a(string-inst.o)
 .text._ZNKSs7_M_dataEv
                0x00000000000443a0       0x20 /Users/stevefar/nacl_sdk/pepper_45/toolchain/mac_x86_newlib/bin/../lib/gcc/x86_64-nacl/4.4.3/../../../../x86_64-nacl/lib/../lib64/libstdc++.a(string-inst.o)
                0x00000000000443a0                _ZNKSs7_M_dataEv
 .text._ZNSs7_M_dataEPc
                0x00000000000443c0       0x20 /Users/stevefar/nacl_sdk/pepper_45/toolchain/mac_x86_newlib/bin/../lib/gcc/x86_64-nacl/4.4.3/../../../../x86_64-nacl/lib/../lib64/libstdc++.a(string-inst.o)
                0x00000000000443c0                _ZNSs7_M_dataEPc
 .text._ZNKSs6_M_repEv
                0x00000000000443e0       0x20 /Users/stevefar/nacl_sdk/pepper_45/toolchain/mac_x86_newlib/bin/../lib/gcc/x86_64-nacl/4.4.3/../../../../x86_64-nacl/lib/../lib64/libstdc++.a(string-inst.o)
                0x00000000000443e0                _ZNKSs6_M_repEv
 .text._ZNKSs9_M_ibeginEv
                0x0000000000044400       0x20 /Users/stevefar/nacl_sdk/pepper_45/toolchain/mac_x86_newlib/bin/../lib/gcc/x86_64-nacl/4.4.3/../../../../x86_64-nacl/lib/../lib64/libstdc++.a(string-inst.o)
                0x0000000000044400                _ZNKSs9_M_ibeginEv
 .text._ZNKSs7_M_iendEv
                0x0000000000044420       0x20 /Users/stevefar/nacl_sdk/pepper_45/toolchain/mac_x86_newlib/bin/../lib/gcc/x86_64-nacl/4.4.3/../../../../x86_64-nacl/lib/../lib64/libstdc++.a(string-inst.o)
                0x0000000000044420                _ZNKSs7_M_iendEv
 .text._ZNKSs8_M_limitEjj
                0x0000000000044440       0x40 /Users/stevefar/nacl_sdk/pepper_45/toolchain/mac_x86_newlib/bin/../lib/gcc/x86_64-nacl/4.4.3/../../../../x86_64-nacl/lib/../lib64/libstdc++.a(string-inst.o)
                0x0000000000044440                _ZNKSs8_M_limitEjj
 .text._ZNKSs11_M_disjunctEPKc
                0x0000000000044480       0x60 /Users/stevefar/nacl_sdk/pepper_45/toolchain/mac_x86_newlib/bin/../lib/gcc/x86_64-nacl/4.4.3/../../../../x86_64-nacl/lib/../lib64/libstdc++.a(string-inst.o)
                0x0000000000044480                _ZNKSs11_M_disjunctEPKc
 .text._ZNSs10_S_compareEjj
                0x00000000000444e0       0x20 /Users/stevefar/nacl_sdk/pepper_45/toolchain/mac_x86_newlib/bin/../lib/gcc/x86_64-nacl/4.4.3/../../../../x86_64-nacl/lib/../lib64/libstdc++.a(string-inst.o)
                0x00000000000444e0                _ZNSs10_S_compareEjj
 .text._ZNSs12_S_empty_repEv
                0x0000000000044500       0x20 /Users/stevefar/nacl_sdk/pepper_45/toolchain/mac_x86_newlib/bin/../lib/gcc/x86_64-nacl/4.4.3/../../../../x86_64-nacl/lib/../lib64/libstdc++.a(string-inst.o)
                0x0000000000044500                _ZNSs12_S_empty_repEv
 .text._ZNSsC2Ev
                0x0000000000044520       0x20 /Users/stevefar/nacl_sdk/pepper_45/toolchain/mac_x86_newlib/bin/../lib/gcc/x86_64-nacl/4.4.3/../../../../x86_64-nacl/lib/../lib64/libstdc++.a(string-inst.o)
                0x0000000000044520                _ZNSsC2Ev
 .text._ZNSsC1Ev
                0x0000000000044540       0x20 /Users/stevefar/nacl_sdk/pepper_45/toolchain/mac_x86_newlib/bin/../lib/gcc/x86_64-nacl/4.4.3/../../../../x86_64-nacl/lib/../lib64/libstdc++.a(string-inst.o)
                0x0000000000044540                _ZNSsC1Ev
 .text._ZNKSs5beginEv
                0x0000000000044560       0x20 /Users/stevefar/nacl_sdk/pepper_45/toolchain/mac_x86_newlib/bin/../lib/gcc/x86_64-nacl/4.4.3/../../../../x86_64-nacl/lib/../lib64/libstdc++.a(string-inst.o)
                0x0000000000044560                _ZNKSs5beginEv
 .text._ZNKSs3endEv
                0x0000000000044580       0x20 /Users/stevefar/nacl_sdk/pepper_45/toolchain/mac_x86_newlib/bin/../lib/gcc/x86_64-nacl/4.4.3/../../../../x86_64-nacl/lib/../lib64/libstdc++.a(string-inst.o)
                0x0000000000044580                _ZNKSs3endEv
 .text._ZNKSs6rbeginEv
                0x00000000000445a0       0x40 /Users/stevefar/nacl_sdk/pepper_45/toolchain/mac_x86_newlib/bin/../lib/gcc/x86_64-nacl/4.4.3/../../../../x86_64-nacl/lib/../lib64/libstdc++.a(string-inst.o)
                0x00000000000445a0                _ZNKSs6rbeginEv
 .text._ZNKSs4rendEv
                0x00000000000445e0       0x20 /Users/stevefar/nacl_sdk/pepper_45/toolchain/mac_x86_newlib/bin/../lib/gcc/x86_64-nacl/4.4.3/../../../../x86_64-nacl/lib/../lib64/libstdc++.a(string-inst.o)
                0x00000000000445e0                _ZNKSs4rendEv
 .text._ZNKSs4sizeEv
                0x0000000000044600       0x20 /Users/stevefar/nacl_sdk/pepper_45/toolchain/mac_x86_newlib/bin/../lib/gcc/x86_64-nacl/4.4.3/../../../../x86_64-nacl/lib/../lib64/libstdc++.a(string-inst.o)
                0x0000000000044600                _ZNKSs4sizeEv
 .text._ZNKSs6lengthEv
                0x0000000000044620       0x20 /Users/stevefar/nacl_sdk/pepper_45/toolchain/mac_x86_newlib/bin/../lib/gcc/x86_64-nacl/4.4.3/../../../../x86_64-nacl/lib/../lib64/libstdc++.a(string-inst.o)
                0x0000000000044620                _ZNKSs6lengthEv
 .text._ZNKSs8max_sizeEv
                0x0000000000044640       0x20 /Users/stevefar/nacl_sdk/pepper_45/toolchain/mac_x86_newlib/bin/../lib/gcc/x86_64-nacl/4.4.3/../../../../x86_64-nacl/lib/../lib64/libstdc++.a(string-inst.o)
                0x0000000000044640                _ZNKSs8max_sizeEv
 .text._ZNKSs8capacityEv
                0x0000000000044660       0x20 /Users/stevefar/nacl_sdk/pepper_45/toolchain/mac_x86_newlib/bin/../lib/gcc/x86_64-nacl/4.4.3/../../../../x86_64-nacl/lib/../lib64/libstdc++.a(string-inst.o)
                0x0000000000044660                _ZNKSs8capacityEv
 .text._ZNKSs5emptyEv
                0x0000000000044680       0x40 /Users/stevefar/nacl_sdk/pepper_45/toolchain/mac_x86_newlib/bin/../lib/gcc/x86_64-nacl/4.4.3/../../../../x86_64-nacl/lib/../lib64/libstdc++.a(string-inst.o)
                0x0000000000044680                _ZNKSs5emptyEv
 .text._ZNKSsixEj
                0x00000000000446c0       0x20 /Users/stevefar/nacl_sdk/pepper_45/toolchain/mac_x86_newlib/bin/../lib/gcc/x86_64-nacl/4.4.3/../../../../x86_64-nacl/lib/../lib64/libstdc++.a(string-inst.o)
                0x00000000000446c0                _ZNKSsixEj
 .text._ZNSs4swapERSs
                0x00000000000446e0       0x80 /Users/stevefar/nacl_sdk/pepper_45/toolchain/mac_x86_newlib/bin/../lib/gcc/x86_64-nacl/4.4.3/../../../../x86_64-nacl/lib/../lib64/libstdc++.a(string-inst.o)
                0x00000000000446e0                _ZNSs4swapERSs
 .text._ZNKSs5c_strEv
                0x0000000000044760       0x20 /Users/stevefar/nacl_sdk/pepper_45/toolchain/mac_x86_newlib/bin/../lib/gcc/x86_64-nacl/4.4.3/../../../../x86_64-nacl/lib/../lib64/libstdc++.a(string-inst.o)
                0x0000000000044760                _ZNKSs5c_strEv
 .text._ZNKSs4dataEv
                0x0000000000044780       0x20 /Users/stevefar/nacl_sdk/pepper_45/toolchain/mac_x86_newlib/bin/../lib/gcc/x86_64-nacl/4.4.3/../../../../x86_64-nacl/lib/../lib64/libstdc++.a(string-inst.o)
                0x0000000000044780                _ZNKSs4dataEv
 .text._ZNKSs13get_allocatorEv
                0x00000000000447a0       0x20 /Users/stevefar/nacl_sdk/pepper_45/toolchain/mac_x86_newlib/bin/../lib/gcc/x86_64-nacl/4.4.3/../../../../x86_64-nacl/lib/../lib64/libstdc++.a(string-inst.o)
                0x00000000000447a0                _ZNKSs13get_allocatorEv
 .text._ZNKSs5rfindEcj
                0x00000000000447c0       0x80 /Users/stevefar/nacl_sdk/pepper_45/toolchain/mac_x86_newlib/bin/../lib/gcc/x86_64-nacl/4.4.3/../../../../x86_64-nacl/lib/../lib64/libstdc++.a(string-inst.o)
                0x00000000000447c0                _ZNKSs5rfindEcj
 .text._ZNKSs12find_last_ofEcj
                0x0000000000044840       0x20 /Users/stevefar/nacl_sdk/pepper_45/toolchain/mac_x86_newlib/bin/../lib/gcc/x86_64-nacl/4.4.3/../../../../x86_64-nacl/lib/../lib64/libstdc++.a(string-inst.o)
                0x0000000000044840                _ZNKSs12find_last_ofEcj
 .text._ZNKSs17find_first_not_ofEcj
                0x0000000000044860       0xe0 /Users/stevefar/nacl_sdk/pepper_45/toolchain/mac_x86_newlib/bin/../lib/gcc/x86_64-nacl/4.4.3/../../../../x86_64-nacl/lib/../lib64/libstdc++.a(string-inst.o)
                0x0000000000044860                _ZNKSs17find_first_not_ofEcj
 .text._ZNKSs16find_last_not_ofEcj
                0x0000000000044940       0xc0 /Users/stevefar/nacl_sdk/pepper_45/toolchain/mac_x86_newlib/bin/../lib/gcc/x86_64-nacl/4.4.3/../../../../x86_64-nacl/lib/../lib64/libstdc++.a(string-inst.o)
                0x0000000000044940                _ZNKSs16find_last_not_ofEcj
 .text._ZNSs12_Alloc_hiderC2EPcRKSaIcE
                0x0000000000044a00       0x20 /Users/stevefar/nacl_sdk/pepper_45/toolchain/mac_x86_newlib/bin/../lib/gcc/x86_64-nacl/4.4.3/../../../../x86_64-nacl/lib/../lib64/libstdc++.a(string-inst.o)
                0x0000000000044a00                _ZNSs12_Alloc_hiderC2EPcRKSaIcE
 .text._ZNSs12_Alloc_hiderC1EPcRKSaIcE
                0x0000000000044a20       0x20 /Users/stevefar/nacl_sdk/pepper_45/toolchain/mac_x86_newlib/bin/../lib/gcc/x86_64-nacl/4.4.3/../../../../x86_64-nacl/lib/../lib64/libstdc++.a(string-inst.o)
                0x0000000000044a20                _ZNSs12_Alloc_hiderC1EPcRKSaIcE
 .text._ZNSs4_Rep12_S_empty_repEv
                0x0000000000044a40       0x20 /Users/stevefar/nacl_sdk/pepper_45/toolchain/mac_x86_newlib/bin/../lib/gcc/x86_64-nacl/4.4.3/../../../../x86_64-nacl/lib/../lib64/libstdc++.a(string-inst.o)
                0x0000000000044a40                _ZNSs4_Rep12_S_empty_repEv
 .text._ZNKSs4_Rep12_M_is_leakedEv
                0x0000000000044a60       0x20 /Users/stevefar/nacl_sdk/pepper_45/toolchain/mac_x86_newlib/bin/../lib/gcc/x86_64-nacl/4.4.3/../../../../x86_64-nacl/lib/../lib64/libstdc++.a(string-inst.o)
                0x0000000000044a60                _ZNKSs4_Rep12_M_is_leakedEv
 .text._ZNKSs4_Rep12_M_is_sharedEv
                0x0000000000044a80       0x20 /Users/stevefar/nacl_sdk/pepper_45/toolchain/mac_x86_newlib/bin/../lib/gcc/x86_64-nacl/4.4.3/../../../../x86_64-nacl/lib/../lib64/libstdc++.a(string-inst.o)
                0x0000000000044a80                _ZNKSs4_Rep12_M_is_sharedEv
 .text._ZNSs4_Rep13_M_set_leakedEv
                0x0000000000044aa0       0x20 /Users/stevefar/nacl_sdk/pepper_45/toolchain/mac_x86_newlib/bin/../lib/gcc/x86_64-nacl/4.4.3/../../../../x86_64-nacl/lib/../lib64/libstdc++.a(string-inst.o)
                0x0000000000044aa0                _ZNSs4_Rep13_M_set_leakedEv
 .text._ZNSs4_Rep15_M_set_sharableEv
                0x0000000000044ac0       0x20 /Users/stevefar/nacl_sdk/pepper_45/toolchain/mac_x86_newlib/bin/../lib/gcc/x86_64-nacl/4.4.3/../../../../x86_64-nacl/lib/../lib64/libstdc++.a(string-inst.o)
                0x0000000000044ac0                _ZNSs4_Rep15_M_set_sharableEv
 .text._ZNSs4_Rep26_M_set_length_and_sharableEj
                0x0000000000044ae0       0x40 /Users/stevefar/nacl_sdk/pepper_45/toolchain/mac_x86_newlib/bin/../lib/gcc/x86_64-nacl/4.4.3/../../../../x86_64-nacl/lib/../lib64/libstdc++.a(string-inst.o)
                0x0000000000044ae0                _ZNSs4_Rep26_M_set_length_and_sharableEj
 .text._ZNSs4_Rep10_M_refdataEv
                0x0000000000044b20       0x20 /Users/stevefar/nacl_sdk/pepper_45/toolchain/mac_x86_newlib/bin/../lib/gcc/x86_64-nacl/4.4.3/../../../../x86_64-nacl/lib/../lib64/libstdc++.a(string-inst.o)
                0x0000000000044b20                _ZNSs4_Rep10_M_refdataEv
 .text._ZN9__gnu_cxxeqIPcSsEEbRKNS_17__normal_iteratorIT_T0_EES7_
                0x0000000000044b40       0x20 /Users/stevefar/nacl_sdk/pepper_45/toolchain/mac_x86_newlib/bin/../lib/gcc/x86_64-nacl/4.4.3/../../../../x86_64-nacl/lib/../lib64/libstdc++.a(string-inst.o)
                0x0000000000044b40                _ZN9__gnu_cxxeqIPcSsEEbRKNS_17__normal_iteratorIT_T0_EES7_
 .text._ZN9__gnu_cxxeqIPKcSsEEbRKNS_17__normal_iteratorIT_T0_EES8_
                0x0000000000044b60       0x20 /Users/stevefar/nacl_sdk/pepper_45/toolchain/mac_x86_newlib/bin/../lib/gcc/x86_64-nacl/4.4.3/../../../../x86_64-nacl/lib/../lib64/libstdc++.a(string-inst.o)
                0x0000000000044b60                _ZN9__gnu_cxxeqIPKcSsEEbRKNS_17__normal_iteratorIT_T0_EES8_
 .text._ZNSs4_Rep10_M_refcopyEv
                0x0000000000044b80       0x80 /Users/stevefar/nacl_sdk/pepper_45/toolchain/mac_x86_newlib/bin/../lib/gcc/x86_64-nacl/4.4.3/../../../../x86_64-nacl/lib/../lib64/libstdc++.a(string-inst.o)
                0x0000000000044b80                _ZNSs4_Rep10_M_refcopyEv
 .text._ZNSs4_Rep10_M_destroyERKSaIcE
                0x0000000000044c00       0x20 /Users/stevefar/nacl_sdk/pepper_45/toolchain/mac_x86_newlib/bin/../lib/gcc/x86_64-nacl/4.4.3/../../../../x86_64-nacl/lib/../lib64/libstdc++.a(string-inst.o)
                0x0000000000044c00                _ZNSs4_Rep10_M_destroyERKSaIcE
 .text._ZNSs4_Rep10_M_disposeERKSaIcE
                0x0000000000044c20       0xa0 /Users/stevefar/nacl_sdk/pepper_45/toolchain/mac_x86_newlib/bin/../lib/gcc/x86_64-nacl/4.4.3/../../../../x86_64-nacl/lib/../lib64/libstdc++.a(string-inst.o)
                0x0000000000044c20                _ZNSs4_Rep10_M_disposeERKSaIcE
 .text._ZNKSs15_M_check_lengthEjjPKc
                0x0000000000044cc0       0x60 /Users/stevefar/nacl_sdk/pepper_45/toolchain/mac_x86_newlib/bin/../lib/gcc/x86_64-nacl/4.4.3/../../../../x86_64-nacl/lib/../lib64/libstdc++.a(string-inst.o)
                0x0000000000044cc0                _ZNKSs15_M_check_lengthEjjPKc
 .text._ZNSs4_Rep9_S_createEjjRKSaIcE
                0x0000000000044d20      0x120 /Users/stevefar/nacl_sdk/pepper_45/toolchain/mac_x86_newlib/bin/../lib/gcc/x86_64-nacl/4.4.3/../../../../x86_64-nacl/lib/../lib64/libstdc++.a(string-inst.o)
                0x0000000000044d20                _ZNSs4_Rep9_S_createEjjRKSaIcE
 .text._ZNKSs4findEPKcjj
                0x0000000000044e40      0x140 /Users/stevefar/nacl_sdk/pepper_45/toolchain/mac_x86_newlib/bin/../lib/gcc/x86_64-nacl/4.4.3/../../../../x86_64-nacl/lib/../lib64/libstdc++.a(string-inst.o)
                0x0000000000044e40                _ZNKSs4findEPKcjj
 .text._ZNKSs4findERKSsj
                0x0000000000044f80       0x20 /Users/stevefar/nacl_sdk/pepper_45/toolchain/mac_x86_newlib/bin/../lib/gcc/x86_64-nacl/4.4.3/../../../../x86_64-nacl/lib/../lib64/libstdc++.a(string-inst.o)
                0x0000000000044f80                _ZNKSs4findERKSsj
 .text._ZNKSs4findEcj
                0x0000000000044fa0       0x80 /Users/stevefar/nacl_sdk/pepper_45/toolchain/mac_x86_newlib/bin/../lib/gcc/x86_64-nacl/4.4.3/../../../../x86_64-nacl/lib/../lib64/libstdc++.a(string-inst.o)
                0x0000000000044fa0                _ZNKSs4findEcj
 .text._ZNKSs13find_first_ofEcj
                0x0000000000045020       0x20 /Users/stevefar/nacl_sdk/pepper_45/toolchain/mac_x86_newlib/bin/../lib/gcc/x86_64-nacl/4.4.3/../../../../x86_64-nacl/lib/../lib64/libstdc++.a(string-inst.o)
                0x0000000000045020                _ZNKSs13find_first_ofEcj
 .text._ZNKSs2atEj
                0x0000000000045040       0x60 /Users/stevefar/nacl_sdk/pepper_45/toolchain/mac_x86_newlib/bin/../lib/gcc/x86_64-nacl/4.4.3/../../../../x86_64-nacl/lib/../lib64/libstdc++.a(string-inst.o)
                0x0000000000045040                _ZNKSs2atEj
 .text._ZNKSs8_M_checkEjPKc
                0x00000000000450a0       0x60 /Users/stevefar/nacl_sdk/pepper_45/toolchain/mac_x86_newlib/bin/../lib/gcc/x86_64-nacl/4.4.3/../../../../x86_64-nacl/lib/../lib64/libstdc++.a(string-inst.o)
                0x00000000000450a0                _ZNKSs8_M_checkEjPKc
 .text._ZNSs9_M_assignEPcjc
                0x0000000000045100       0x40 /Users/stevefar/nacl_sdk/pepper_45/toolchain/mac_x86_newlib/bin/../lib/gcc/x86_64-nacl/4.4.3/../../../../x86_64-nacl/lib/../lib64/libstdc++.a(string-inst.o)
                0x0000000000045100                _ZNSs9_M_assignEPcjc
 .text._ZNSs7_M_moveEPcPKcj
                0x0000000000045140       0x40 /Users/stevefar/nacl_sdk/pepper_45/toolchain/mac_x86_newlib/bin/../lib/gcc/x86_64-nacl/4.4.3/../../../../x86_64-nacl/lib/../lib64/libstdc++.a(string-inst.o)
                0x0000000000045140                _ZNSs7_M_moveEPcPKcj
 .text._ZNSs7_M_copyEPcPKcj
                0x0000000000045180       0x40 /Users/stevefar/nacl_sdk/pepper_45/toolchain/mac_x86_newlib/bin/../lib/gcc/x86_64-nacl/4.4.3/../../../../x86_64-nacl/lib/../lib64/libstdc++.a(string-inst.o)
                0x0000000000045180                _ZNSs7_M_copyEPcPKcj
 .text._ZNKSs16find_last_not_ofEPKcjj
                0x00000000000451c0       0xe0 /Users/stevefar/nacl_sdk/pepper_45/toolchain/mac_x86_newlib/bin/../lib/gcc/x86_64-nacl/4.4.3/../../../../x86_64-nacl/lib/../lib64/libstdc++.a(string-inst.o)
                0x00000000000451c0                _ZNKSs16find_last_not_ofEPKcjj
 .text._ZNKSs16find_last_not_ofERKSsj
                0x00000000000452a0       0x20 /Users/stevefar/nacl_sdk/pepper_45/toolchain/mac_x86_newlib/bin/../lib/gcc/x86_64-nacl/4.4.3/../../../../x86_64-nacl/lib/../lib64/libstdc++.a(string-inst.o)
                0x00000000000452a0                _ZNKSs16find_last_not_ofERKSsj
 .text._ZNKSs17find_first_not_ofEPKcjj
                0x00000000000452c0       0xe0 /Users/stevefar/nacl_sdk/pepper_45/toolchain/mac_x86_newlib/bin/../lib/gcc/x86_64-nacl/4.4.3/../../../../x86_64-nacl/lib/../lib64/libstdc++.a(string-inst.o)
                0x00000000000452c0                _ZNKSs17find_first_not_ofEPKcjj
 .text._ZNKSs17find_first_not_ofERKSsj
                0x00000000000453a0       0x20 /Users/stevefar/nacl_sdk/pepper_45/toolchain/mac_x86_newlib/bin/../lib/gcc/x86_64-nacl/4.4.3/../../../../x86_64-nacl/lib/../lib64/libstdc++.a(string-inst.o)
                0x00000000000453a0                _ZNKSs17find_first_not_ofERKSsj
 .text._ZNKSs12find_last_ofEPKcjj
                0x00000000000453c0      0x100 /Users/stevefar/nacl_sdk/pepper_45/toolchain/mac_x86_newlib/bin/../lib/gcc/x86_64-nacl/4.4.3/../../../../x86_64-nacl/lib/../lib64/libstdc++.a(string-inst.o)
                0x00000000000453c0                _ZNKSs12find_last_ofEPKcjj
 .text._ZNKSs12find_last_ofERKSsj
                0x00000000000454c0       0x20 /Users/stevefar/nacl_sdk/pepper_45/toolchain/mac_x86_newlib/bin/../lib/gcc/x86_64-nacl/4.4.3/../../../../x86_64-nacl/lib/../lib64/libstdc++.a(string-inst.o)
                0x00000000000454c0                _ZNKSs12find_last_ofERKSsj
 .text._ZNKSs13find_first_ofEPKcjj
                0x00000000000454e0       0xc0 /Users/stevefar/nacl_sdk/pepper_45/toolchain/mac_x86_newlib/bin/../lib/gcc/x86_64-nacl/4.4.3/../../../../x86_64-nacl/lib/../lib64/libstdc++.a(string-inst.o)
                0x00000000000454e0                _ZNKSs13find_first_ofEPKcjj
 .text._ZNKSs13find_first_ofERKSsj
                0x00000000000455a0       0x20 /Users/stevefar/nacl_sdk/pepper_45/toolchain/mac_x86_newlib/bin/../lib/gcc/x86_64-nacl/4.4.3/../../../../x86_64-nacl/lib/../lib64/libstdc++.a(string-inst.o)
                0x00000000000455a0                _ZNKSs13find_first_ofERKSsj
 .text._ZNKSs5rfindEPKcjj
                0x00000000000455c0       0xe0 /Users/stevefar/nacl_sdk/pepper_45/toolchain/mac_x86_newlib/bin/../lib/gcc/x86_64-nacl/4.4.3/../../../../x86_64-nacl/lib/../lib64/libstdc++.a(string-inst.o)
                0x00000000000455c0                _ZNKSs5rfindEPKcjj
 .text._ZNKSs5rfindERKSsj
                0x00000000000456a0       0x20 /Users/stevefar/nacl_sdk/pepper_45/toolchain/mac_x86_newlib/bin/../lib/gcc/x86_64-nacl/4.4.3/../../../../x86_64-nacl/lib/../lib64/libstdc++.a(string-inst.o)
                0x00000000000456a0                _ZNKSs5rfindERKSsj
 .text._ZNKSs7compareERKSs
                0x00000000000456c0       0x80 /Users/stevefar/nacl_sdk/pepper_45/toolchain/mac_x86_newlib/bin/../lib/gcc/x86_64-nacl/4.4.3/../../../../x86_64-nacl/lib/../lib64/libstdc++.a(string-inst.o)
                0x00000000000456c0                _ZNKSs7compareERKSs
 .text._ZNKSs7compareEjjPKcj
                0x0000000000045740       0xa0 /Users/stevefar/nacl_sdk/pepper_45/toolchain/mac_x86_newlib/bin/../lib/gcc/x86_64-nacl/4.4.3/../../../../x86_64-nacl/lib/../lib64/libstdc++.a(string-inst.o)
                0x0000000000045740                _ZNKSs7compareEjjPKcj
 .text._ZNKSs7compareEjjRKSsjj
                0x00000000000457e0       0xc0 /Users/stevefar/nacl_sdk/pepper_45/toolchain/mac_x86_newlib/bin/../lib/gcc/x86_64-nacl/4.4.3/../../../../x86_64-nacl/lib/../lib64/libstdc++.a(string-inst.o)
                0x00000000000457e0                _ZNKSs7compareEjjRKSsjj
 .text._ZNKSs7compareEjjRKSs
                0x00000000000458a0       0xc0 /Users/stevefar/nacl_sdk/pepper_45/toolchain/mac_x86_newlib/bin/../lib/gcc/x86_64-nacl/4.4.3/../../../../x86_64-nacl/lib/../lib64/libstdc++.a(string-inst.o)
                0x00000000000458a0                _ZNKSs7compareEjjRKSs
 .text._ZNKSs7compareEPKc
                0x0000000000045960       0xa0 /Users/stevefar/nacl_sdk/pepper_45/toolchain/mac_x86_newlib/bin/../lib/gcc/x86_64-nacl/4.4.3/../../../../x86_64-nacl/lib/../lib64/libstdc++.a(string-inst.o)
                0x0000000000045960                _ZNKSs7compareEPKc
 .text._ZNKSs5rfindEPKcj
                0x0000000000045a00       0x80 /Users/stevefar/nacl_sdk/pepper_45/toolchain/mac_x86_newlib/bin/../lib/gcc/x86_64-nacl/4.4.3/../../../../x86_64-nacl/lib/../lib64/libstdc++.a(string-inst.o)
                0x0000000000045a00                _ZNKSs5rfindEPKcj
 .text._ZNKSs4findEPKcj
                0x0000000000045a80       0x80 /Users/stevefar/nacl_sdk/pepper_45/toolchain/mac_x86_newlib/bin/../lib/gcc/x86_64-nacl/4.4.3/../../../../x86_64-nacl/lib/../lib64/libstdc++.a(string-inst.o)
                0x0000000000045a80                _ZNKSs4findEPKcj
 .text._ZNKSs16find_last_not_ofEPKcj
                0x0000000000045b00       0x80 /Users/stevefar/nacl_sdk/pepper_45/toolchain/mac_x86_newlib/bin/../lib/gcc/x86_64-nacl/4.4.3/../../../../x86_64-nacl/lib/../lib64/libstdc++.a(string-inst.o)
                0x0000000000045b00                _ZNKSs16find_last_not_ofEPKcj
 .text._ZNKSs17find_first_not_ofEPKcj
                0x0000000000045b80       0x80 /Users/stevefar/nacl_sdk/pepper_45/toolchain/mac_x86_newlib/bin/../lib/gcc/x86_64-nacl/4.4.3/../../../../x86_64-nacl/lib/../lib64/libstdc++.a(string-inst.o)
                0x0000000000045b80                _ZNKSs17find_first_not_ofEPKcj
 .text._ZNKSs12find_last_ofEPKcj
                0x0000000000045c00       0x80 /Users/stevefar/nacl_sdk/pepper_45/toolchain/mac_x86_newlib/bin/../lib/gcc/x86_64-nacl/4.4.3/../../../../x86_64-nacl/lib/../lib64/libstdc++.a(string-inst.o)
                0x0000000000045c00                _ZNKSs12find_last_ofEPKcj
 .text._ZNKSs13find_first_ofEPKcj
                0x0000000000045c80       0x80 /Users/stevefar/nacl_sdk/pepper_45/toolchain/mac_x86_newlib/bin/../lib/gcc/x86_64-nacl/4.4.3/../../../../x86_64-nacl/lib/../lib64/libstdc++.a(string-inst.o)
                0x0000000000045c80                _ZNKSs13find_first_ofEPKcj
 .text._ZNKSs7compareEjjPKc
                0x0000000000045d00      0x100 /Users/stevefar/nacl_sdk/pepper_45/toolchain/mac_x86_newlib/bin/../lib/gcc/x86_64-nacl/4.4.3/../../../../x86_64-nacl/lib/../lib64/libstdc++.a(string-inst.o)
                0x0000000000045d00                _ZNKSs7compareEjjPKc
 .text._ZNSs13_S_copy_charsEPcS_S_
                0x0000000000045e00       0x40 /Users/stevefar/nacl_sdk/pepper_45/toolchain/mac_x86_newlib/bin/../lib/gcc/x86_64-nacl/4.4.3/../../../../x86_64-nacl/lib/../lib64/libstdc++.a(string-inst.o)
                0x0000000000045e00                _ZNSs13_S_copy_charsEPcS_S_
 .text._ZNSs13_S_copy_charsEPcPKcS1_
                0x0000000000045e40       0x40 /Users/stevefar/nacl_sdk/pepper_45/toolchain/mac_x86_newlib/bin/../lib/gcc/x86_64-nacl/4.4.3/../../../../x86_64-nacl/lib/../lib64/libstdc++.a(string-inst.o)
                0x0000000000045e40                _ZNSs13_S_copy_charsEPcPKcS1_
 .text._ZNSs13_S_copy_charsEPcN9__gnu_cxx17__normal_iteratorIPKcSsEES4_
                0x0000000000045e80       0x40 /Users/stevefar/nacl_sdk/pepper_45/toolchain/mac_x86_newlib/bin/../lib/gcc/x86_64-nacl/4.4.3/../../../../x86_64-nacl/lib/../lib64/libstdc++.a(string-inst.o)
                0x0000000000045e80                _ZNSs13_S_copy_charsEPcN9__gnu_cxx17__normal_iteratorIPKcSsEES4_
 .text._ZNSs13_S_copy_charsEPcN9__gnu_cxx17__normal_iteratorIS_SsEES2_
                0x0000000000045ec0       0x40 /Users/stevefar/nacl_sdk/pepper_45/toolchain/mac_x86_newlib/bin/../lib/gcc/x86_64-nacl/4.4.3/../../../../x86_64-nacl/lib/../lib64/libstdc++.a(string-inst.o)
                0x0000000000045ec0                _ZNSs13_S_copy_charsEPcN9__gnu_cxx17__normal_iteratorIS_SsEES2_
 .text._ZNSs4_Rep8_M_cloneERKSaIcEj
                0x0000000000045f00      0x100 /Users/stevefar/nacl_sdk/pepper_45/toolchain/mac_x86_newlib/bin/../lib/gcc/x86_64-nacl/4.4.3/../../../../x86_64-nacl/lib/../lib64/libstdc++.a(string-inst.o)
                0x0000000000045f00                _ZNSs4_Rep8_M_cloneERKSaIcEj
 .text._ZNSs4_Rep7_M_grabERKSaIcES2_
                0x0000000000046000       0xa0 /Users/stevefar/nacl_sdk/pepper_45/toolchain/mac_x86_newlib/bin/../lib/gcc/x86_64-nacl/4.4.3/../../../../x86_64-nacl/lib/../lib64/libstdc++.a(string-inst.o)
                0x0000000000046000                _ZNSs4_Rep7_M_grabERKSaIcES2_
 .text._ZNSsC1ERKSs
                0x00000000000460a0      0x100 /Users/stevefar/nacl_sdk/pepper_45/toolchain/mac_x86_newlib/bin/../lib/gcc/x86_64-nacl/4.4.3/../../../../x86_64-nacl/lib/../lib64/libstdc++.a(string-inst.o)
                0x00000000000460a0                _ZNSsC1ERKSs
 .text._ZNSsC2ERKSs
                0x00000000000461a0      0x100 /Users/stevefar/nacl_sdk/pepper_45/toolchain/mac_x86_newlib/bin/../lib/gcc/x86_64-nacl/4.4.3/../../../../x86_64-nacl/lib/../lib64/libstdc++.a(string-inst.o)
                0x00000000000461a0                _ZNSsC2ERKSs
 .text._ZNKSs4copyEPcjj
                0x00000000000462a0       0xc0 /Users/stevefar/nacl_sdk/pepper_45/toolchain/mac_x86_newlib/bin/../lib/gcc/x86_64-nacl/4.4.3/../../../../x86_64-nacl/lib/../lib64/libstdc++.a(string-inst.o)
                0x00000000000462a0                _ZNKSs4copyEPcjj
 .text._ZNSs12_S_constructIPKcEEPcT_S3_RKSaIcESt20forward_iterator_tag
                0x0000000000046360      0x180 /Users/stevefar/nacl_sdk/pepper_45/toolchain/mac_x86_newlib/bin/../lib/gcc/x86_64-nacl/4.4.3/../../../../x86_64-nacl/lib/../lib64/libstdc++.a(string-inst.o)
                0x0000000000046360                _ZNSs12_S_constructIPKcEEPcT_S3_RKSaIcESt20forward_iterator_tag
 .text._ZNSsC1IPKcEET_S2_RKSaIcE
                0x00000000000464e0       0x40 /Users/stevefar/nacl_sdk/pepper_45/toolchain/mac_x86_newlib/bin/../lib/gcc/x86_64-nacl/4.4.3/../../../../x86_64-nacl/lib/../lib64/libstdc++.a(string-inst.o)
                0x00000000000464e0                _ZNSsC1IPKcEET_S2_RKSaIcE
 .text._ZNSsC2IPKcEET_S2_RKSaIcE
                0x0000000000046520       0x40 /Users/stevefar/nacl_sdk/pepper_45/toolchain/mac_x86_newlib/bin/../lib/gcc/x86_64-nacl/4.4.3/../../../../x86_64-nacl/lib/../lib64/libstdc++.a(string-inst.o)
                0x0000000000046520                _ZNSsC2IPKcEET_S2_RKSaIcE
 .text._ZNSsC1ESt16initializer_listIcERKSaIcE
                0x0000000000046560       0x40 /Users/stevefar/nacl_sdk/pepper_45/toolchain/mac_x86_newlib/bin/../lib/gcc/x86_64-nacl/4.4.3/../../../../x86_64-nacl/lib/../lib64/libstdc++.a(string-inst.o)
                0x0000000000046560                _ZNSsC1ESt16initializer_listIcERKSaIcE
 .text._ZNSsC2ESt16initializer_listIcERKSaIcE
                0x00000000000465a0       0x40 /Users/stevefar/nacl_sdk/pepper_45/toolchain/mac_x86_newlib/bin/../lib/gcc/x86_64-nacl/4.4.3/../../../../x86_64-nacl/lib/../lib64/libstdc++.a(string-inst.o)
                0x00000000000465a0                _ZNSsC2ESt16initializer_listIcERKSaIcE
 .text._ZNSsC1EPKcRKSaIcE
                0x00000000000465e0       0xc0 /Users/stevefar/nacl_sdk/pepper_45/toolchain/mac_x86_newlib/bin/../lib/gcc/x86_64-nacl/4.4.3/../../../../x86_64-nacl/lib/../lib64/libstdc++.a(string-inst.o)
                0x00000000000465e0                _ZNSsC1EPKcRKSaIcE
 .text._ZNSsC2EPKcRKSaIcE
                0x00000000000466a0       0xc0 /Users/stevefar/nacl_sdk/pepper_45/toolchain/mac_x86_newlib/bin/../lib/gcc/x86_64-nacl/4.4.3/../../../../x86_64-nacl/lib/../lib64/libstdc++.a(string-inst.o)
                0x00000000000466a0                _ZNSsC2EPKcRKSaIcE
 .text._ZNSsC1EPKcjRKSaIcE
                0x0000000000046760       0x40 /Users/stevefar/nacl_sdk/pepper_45/toolchain/mac_x86_newlib/bin/../lib/gcc/x86_64-nacl/4.4.3/../../../../x86_64-nacl/lib/../lib64/libstdc++.a(string-inst.o)
                0x0000000000046760                _ZNSsC1EPKcjRKSaIcE
 .text._ZNSsC2EPKcjRKSaIcE
                0x00000000000467a0       0x40 /Users/stevefar/nacl_sdk/pepper_45/toolchain/mac_x86_newlib/bin/../lib/gcc/x86_64-nacl/4.4.3/../../../../x86_64-nacl/lib/../lib64/libstdc++.a(string-inst.o)
                0x00000000000467a0                _ZNSsC2EPKcjRKSaIcE
 .text._ZNSs12_S_constructIPcEES0_T_S1_RKSaIcESt20forward_iterator_tag
                0x00000000000467e0      0x180 /Users/stevefar/nacl_sdk/pepper_45/toolchain/mac_x86_newlib/bin/../lib/gcc/x86_64-nacl/4.4.3/../../../../x86_64-nacl/lib/../lib64/libstdc++.a(string-inst.o)
                0x00000000000467e0                _ZNSs12_S_constructIPcEES0_T_S1_RKSaIcESt20forward_iterator_tag
 .text._ZNSsC1IPcEET_S1_RKSaIcE
                0x0000000000046960       0x40 /Users/stevefar/nacl_sdk/pepper_45/toolchain/mac_x86_newlib/bin/../lib/gcc/x86_64-nacl/4.4.3/../../../../x86_64-nacl/lib/../lib64/libstdc++.a(string-inst.o)
                0x0000000000046960                _ZNSsC1IPcEET_S1_RKSaIcE
 .text._ZNSsC2IPcEET_S1_RKSaIcE
                0x00000000000469a0       0x40 /Users/stevefar/nacl_sdk/pepper_45/toolchain/mac_x86_newlib/bin/../lib/gcc/x86_64-nacl/4.4.3/../../../../x86_64-nacl/lib/../lib64/libstdc++.a(string-inst.o)
                0x00000000000469a0                _ZNSsC2IPcEET_S1_RKSaIcE
 .text._ZNSsC1ERKSsjjRKSaIcE
                0x00000000000469e0       0x80 /Users/stevefar/nacl_sdk/pepper_45/toolchain/mac_x86_newlib/bin/../lib/gcc/x86_64-nacl/4.4.3/../../../../x86_64-nacl/lib/../lib64/libstdc++.a(string-inst.o)
                0x00000000000469e0                _ZNSsC1ERKSsjjRKSaIcE
 .text._ZNSsC2ERKSsjjRKSaIcE
                0x0000000000046a60       0x80 /Users/stevefar/nacl_sdk/pepper_45/toolchain/mac_x86_newlib/bin/../lib/gcc/x86_64-nacl/4.4.3/../../../../x86_64-nacl/lib/../lib64/libstdc++.a(string-inst.o)
                0x0000000000046a60                _ZNSsC2ERKSsjjRKSaIcE
 .text._ZNSsC1ERKSsjj
                0x0000000000046ae0       0xa0 /Users/stevefar/nacl_sdk/pepper_45/toolchain/mac_x86_newlib/bin/../lib/gcc/x86_64-nacl/4.4.3/../../../../x86_64-nacl/lib/../lib64/libstdc++.a(string-inst.o)
                0x0000000000046ae0                _ZNSsC1ERKSsjj
 .text._ZNKSs6substrEjj
                0x0000000000046b80       0x60 /Users/stevefar/nacl_sdk/pepper_45/toolchain/mac_x86_newlib/bin/../lib/gcc/x86_64-nacl/4.4.3/../../../../x86_64-nacl/lib/../lib64/libstdc++.a(string-inst.o)
                0x0000000000046b80                _ZNKSs6substrEjj
 .text._ZNSsC2ERKSsjj
                0x0000000000046be0       0xa0 /Users/stevefar/nacl_sdk/pepper_45/toolchain/mac_x86_newlib/bin/../lib/gcc/x86_64-nacl/4.4.3/../../../../x86_64-nacl/lib/../lib64/libstdc++.a(string-inst.o)
                0x0000000000046be0                _ZNSsC2ERKSsjj
 .text._ZNSs12_S_constructEjcRKSaIcE
                0x0000000000046c80       0xe0 /Users/stevefar/nacl_sdk/pepper_45/toolchain/mac_x86_newlib/bin/../lib/gcc/x86_64-nacl/4.4.3/../../../../x86_64-nacl/lib/../lib64/libstdc++.a(string-inst.o)
                0x0000000000046c80                _ZNSs12_S_constructEjcRKSaIcE
 .text._ZNSsC1EjcRKSaIcE
                0x0000000000046d60       0x40 /Users/stevefar/nacl_sdk/pepper_45/toolchain/mac_x86_newlib/bin/../lib/gcc/x86_64-nacl/4.4.3/../../../../x86_64-nacl/lib/../lib64/libstdc++.a(string-inst.o)
                0x0000000000046d60                _ZNSsC1EjcRKSaIcE
 .text._ZNSsC2EjcRKSaIcE
                0x0000000000046da0       0x40 /Users/stevefar/nacl_sdk/pepper_45/toolchain/mac_x86_newlib/bin/../lib/gcc/x86_64-nacl/4.4.3/../../../../x86_64-nacl/lib/../lib64/libstdc++.a(string-inst.o)
                0x0000000000046da0                _ZNSsC2EjcRKSaIcE
 .text._ZNSsC1ERKSaIcE
                0x0000000000046de0       0x40 /Users/stevefar/nacl_sdk/pepper_45/toolchain/mac_x86_newlib/bin/../lib/gcc/x86_64-nacl/4.4.3/../../../../x86_64-nacl/lib/../lib64/libstdc++.a(string-inst.o)
                0x0000000000046de0                _ZNSsC1ERKSaIcE
 .text._ZNSsC2ERKSaIcE
                0x0000000000046e20       0x40 /Users/stevefar/nacl_sdk/pepper_45/toolchain/mac_x86_newlib/bin/../lib/gcc/x86_64-nacl/4.4.3/../../../../x86_64-nacl/lib/../lib64/libstdc++.a(string-inst.o)
                0x0000000000046e20                _ZNSsC2ERKSaIcE
 .text._ZNSs12_S_constructIN9__gnu_cxx17__normal_iteratorIPcSsEEEES2_T_S4_RKSaIcESt20forward_iterator_tag
                0x0000000000046e60       0xe0 /Users/stevefar/nacl_sdk/pepper_45/toolchain/mac_x86_newlib/bin/../lib/gcc/x86_64-nacl/4.4.3/../../../../x86_64-nacl/lib/../lib64/libstdc++.a(string-inst.o)
                0x0000000000046e60                _ZNSs12_S_constructIN9__gnu_cxx17__normal_iteratorIPcSsEEEES2_T_S4_RKSaIcESt20forward_iterator_tag
 .text._ZNSsC1IN9__gnu_cxx17__normal_iteratorIPcSsEEEET_S4_RKSaIcE
                0x0000000000046f40       0x40 /Users/stevefar/nacl_sdk/pepper_45/toolchain/mac_x86_newlib/bin/../lib/gcc/x86_64-nacl/4.4.3/../../../../x86_64-nacl/lib/../lib64/libstdc++.a(string-inst.o)
                0x0000000000046f40                _ZNSsC1IN9__gnu_cxx17__normal_iteratorIPcSsEEEET_S4_RKSaIcE
 .text._ZNSsC2IN9__gnu_cxx17__normal_iteratorIPcSsEEEET_S4_RKSaIcE
                0x0000000000046f80       0x40 /Users/stevefar/nacl_sdk/pepper_45/toolchain/mac_x86_newlib/bin/../lib/gcc/x86_64-nacl/4.4.3/../../../../x86_64-nacl/lib/../lib64/libstdc++.a(string-inst.o)
                0x0000000000046f80                _ZNSsC2IN9__gnu_cxx17__normal_iteratorIPcSsEEEET_S4_RKSaIcE
 .text._ZNSsD1Ev
                0x0000000000046fc0       0xc0 /Users/stevefar/nacl_sdk/pepper_45/toolchain/mac_x86_newlib/bin/../lib/gcc/x86_64-nacl/4.4.3/../../../../x86_64-nacl/lib/../lib64/libstdc++.a(string-inst.o)
                0x0000000000046fc0                _ZNSsD1Ev
 .text._ZNSsD2Ev
                0x0000000000047080       0xc0 /Users/stevefar/nacl_sdk/pepper_45/toolchain/mac_x86_newlib/bin/../lib/gcc/x86_64-nacl/4.4.3/../../../../x86_64-nacl/lib/../lib64/libstdc++.a(string-inst.o)
                0x0000000000047080                _ZNSsD2Ev
 .text._ZNSs6assignERKSs
                0x0000000000047140      0x200 /Users/stevefar/nacl_sdk/pepper_45/toolchain/mac_x86_newlib/bin/../lib/gcc/x86_64-nacl/4.4.3/../../../../x86_64-nacl/lib/../lib64/libstdc++.a(string-inst.o)
                0x0000000000047140                _ZNSs6assignERKSs
 .text._ZNSsaSERKSs
                0x0000000000047340       0x20 /Users/stevefar/nacl_sdk/pepper_45/toolchain/mac_x86_newlib/bin/../lib/gcc/x86_64-nacl/4.4.3/../../../../x86_64-nacl/lib/../lib64/libstdc++.a(string-inst.o)
                0x0000000000047340                _ZNSsaSERKSs
 .text._ZNSs7reserveEj
                0x0000000000047360      0x180 /Users/stevefar/nacl_sdk/pepper_45/toolchain/mac_x86_newlib/bin/../lib/gcc/x86_64-nacl/4.4.3/../../../../x86_64-nacl/lib/../lib64/libstdc++.a(string-inst.o)
                0x0000000000047360                _ZNSs7reserveEj
 .text._ZNSs9push_backEc
                0x00000000000474e0      0x100 /Users/stevefar/nacl_sdk/pepper_45/toolchain/mac_x86_newlib/bin/../lib/gcc/x86_64-nacl/4.4.3/../../../../x86_64-nacl/lib/../lib64/libstdc++.a(string-inst.o)
                0x00000000000474e0                _ZNSs9push_backEc
 .text._ZNSs6appendEjc
                0x00000000000475e0      0x1c0 /Users/stevefar/nacl_sdk/pepper_45/toolchain/mac_x86_newlib/bin/../lib/gcc/x86_64-nacl/4.4.3/../../../../x86_64-nacl/lib/../lib64/libstdc++.a(string-inst.o)
                0x00000000000475e0                _ZNSs6appendEjc
 .text._ZNSs6appendEPKcj
                0x00000000000477a0      0x220 /Users/stevefar/nacl_sdk/pepper_45/toolchain/mac_x86_newlib/bin/../lib/gcc/x86_64-nacl/4.4.3/../../../../x86_64-nacl/lib/../lib64/libstdc++.a(string-inst.o)
                0x00000000000477a0                _ZNSs6appendEPKcj
 .text._ZNSs6appendEPKc
                0x00000000000479c0       0x40 /Users/stevefar/nacl_sdk/pepper_45/toolchain/mac_x86_newlib/bin/../lib/gcc/x86_64-nacl/4.4.3/../../../../x86_64-nacl/lib/../lib64/libstdc++.a(string-inst.o)
                0x00000000000479c0                _ZNSs6appendEPKc
 .text._ZNSspLEPKc
                0x0000000000047a00       0x40 /Users/stevefar/nacl_sdk/pepper_45/toolchain/mac_x86_newlib/bin/../lib/gcc/x86_64-nacl/4.4.3/../../../../x86_64-nacl/lib/../lib64/libstdc++.a(string-inst.o)
                0x0000000000047a00                _ZNSspLEPKc
 .text._ZNSs6appendERKSsjj
                0x0000000000047a40      0x1a0 /Users/stevefar/nacl_sdk/pepper_45/toolchain/mac_x86_newlib/bin/../lib/gcc/x86_64-nacl/4.4.3/../../../../x86_64-nacl/lib/../lib64/libstdc++.a(string-inst.o)
                0x0000000000047a40                _ZNSs6appendERKSsjj
 .text._ZNSs6appendERKSs
                0x0000000000047be0      0x180 /Users/stevefar/nacl_sdk/pepper_45/toolchain/mac_x86_newlib/bin/../lib/gcc/x86_64-nacl/4.4.3/../../../../x86_64-nacl/lib/../lib64/libstdc++.a(string-inst.o)
                0x0000000000047be0                _ZNSs6appendERKSs
 .text._ZStplIcSt11char_traitsIcESaIcEESbIT_T0_T1_ERKS6_S8_
                0x0000000000047d60       0xa0 /Users/stevefar/nacl_sdk/pepper_45/toolchain/mac_x86_newlib/bin/../lib/gcc/x86_64-nacl/4.4.3/../../../../x86_64-nacl/lib/../lib64/libstdc++.a(string-inst.o)
                0x0000000000047d60                _ZStplIcSt11char_traitsIcESaIcEESbIT_T0_T1_ERKS6_S8_
 .text._ZNSspLERKSs
                0x0000000000047e00       0x20 /Users/stevefar/nacl_sdk/pepper_45/toolchain/mac_x86_newlib/bin/../lib/gcc/x86_64-nacl/4.4.3/../../../../x86_64-nacl/lib/../lib64/libstdc++.a(string-inst.o)
                0x0000000000047e00                _ZNSspLERKSs
 .text._ZStplIcSt11char_traitsIcESaIcEESbIT_T0_T1_ES3_RKS6_
                0x0000000000047e20      0x120 /Users/stevefar/nacl_sdk/pepper_45/toolchain/mac_x86_newlib/bin/../lib/gcc/x86_64-nacl/4.4.3/../../../../x86_64-nacl/lib/../lib64/libstdc++.a(string-inst.o)
                0x0000000000047e20                _ZStplIcSt11char_traitsIcESaIcEESbIT_T0_T1_ES3_RKS6_
 .text._ZStplIcSt11char_traitsIcESaIcEESbIT_T0_T1_EPKS3_RKS6_
                0x0000000000047f40      0x140 /Users/stevefar/nacl_sdk/pepper_45/toolchain/mac_x86_newlib/bin/../lib/gcc/x86_64-nacl/4.4.3/../../../../x86_64-nacl/lib/../lib64/libstdc++.a(string-inst.o)
                0x0000000000047f40                _ZStplIcSt11char_traitsIcESaIcEESbIT_T0_T1_EPKS3_RKS6_
 .text._ZNSspLEc
                0x0000000000048080      0x100 /Users/stevefar/nacl_sdk/pepper_45/toolchain/mac_x86_newlib/bin/../lib/gcc/x86_64-nacl/4.4.3/../../../../x86_64-nacl/lib/../lib64/libstdc++.a(string-inst.o)
                0x0000000000048080                _ZNSspLEc
 .text._ZNSs9_M_mutateEjjj
                0x0000000000048180      0x360 /Users/stevefar/nacl_sdk/pepper_45/toolchain/mac_x86_newlib/bin/../lib/gcc/x86_64-nacl/4.4.3/../../../../x86_64-nacl/lib/../lib64/libstdc++.a(string-inst.o)
                0x0000000000048180                _ZNSs9_M_mutateEjjj
 .text._ZNSs15_M_replace_safeEjjPKcj
                0x00000000000484e0      0x100 /Users/stevefar/nacl_sdk/pepper_45/toolchain/mac_x86_newlib/bin/../lib/gcc/x86_64-nacl/4.4.3/../../../../x86_64-nacl/lib/../lib64/libstdc++.a(string-inst.o)
                0x00000000000484e0                _ZNSs15_M_replace_safeEjjPKcj
 .text._ZNSs6assignEPKcj
                0x00000000000485e0      0x1a0 /Users/stevefar/nacl_sdk/pepper_45/toolchain/mac_x86_newlib/bin/../lib/gcc/x86_64-nacl/4.4.3/../../../../x86_64-nacl/lib/../lib64/libstdc++.a(string-inst.o)
                0x00000000000485e0                _ZNSs6assignEPKcj
 .text._ZNSs6assignEPKc
                0x0000000000048780       0x40 /Users/stevefar/nacl_sdk/pepper_45/toolchain/mac_x86_newlib/bin/../lib/gcc/x86_64-nacl/4.4.3/../../../../x86_64-nacl/lib/../lib64/libstdc++.a(string-inst.o)
                0x0000000000048780                _ZNSs6assignEPKc
 .text._ZNSs6assignERKSsjj
                0x00000000000487c0       0x60 /Users/stevefar/nacl_sdk/pepper_45/toolchain/mac_x86_newlib/bin/../lib/gcc/x86_64-nacl/4.4.3/../../../../x86_64-nacl/lib/../lib64/libstdc++.a(string-inst.o)
                0x00000000000487c0                _ZNSs6assignERKSsjj
 .text._ZNSsaSEPKc
                0x0000000000048820       0x40 /Users/stevefar/nacl_sdk/pepper_45/toolchain/mac_x86_newlib/bin/../lib/gcc/x86_64-nacl/4.4.3/../../../../x86_64-nacl/lib/../lib64/libstdc++.a(string-inst.o)
                0x0000000000048820                _ZNSsaSEPKc
 .text._ZNSs14_M_replace_auxEjjjc
                0x0000000000048860      0x140 /Users/stevefar/nacl_sdk/pepper_45/toolchain/mac_x86_newlib/bin/../lib/gcc/x86_64-nacl/4.4.3/../../../../x86_64-nacl/lib/../lib64/libstdc++.a(string-inst.o)
                0x0000000000048860                _ZNSs14_M_replace_auxEjjjc
 .text._ZNSs7replaceEN9__gnu_cxx17__normal_iteratorIPcSsEES2_jc
                0x00000000000489a0       0x20 /Users/stevefar/nacl_sdk/pepper_45/toolchain/mac_x86_newlib/bin/../lib/gcc/x86_64-nacl/4.4.3/../../../../x86_64-nacl/lib/../lib64/libstdc++.a(string-inst.o)
                0x00000000000489a0                _ZNSs7replaceEN9__gnu_cxx17__normal_iteratorIPcSsEES2_jc
 .text._ZNSs7replaceEjjjc
                0x00000000000489c0       0x60 /Users/stevefar/nacl_sdk/pepper_45/toolchain/mac_x86_newlib/bin/../lib/gcc/x86_64-nacl/4.4.3/../../../../x86_64-nacl/lib/../lib64/libstdc++.a(string-inst.o)
                0x00000000000489c0                _ZNSs7replaceEjjjc
 .text._ZNSs6insertEN9__gnu_cxx17__normal_iteratorIPcSsEEc
                0x0000000000048a20       0x80 /Users/stevefar/nacl_sdk/pepper_45/toolchain/mac_x86_newlib/bin/../lib/gcc/x86_64-nacl/4.4.3/../../../../x86_64-nacl/lib/../lib64/libstdc++.a(string-inst.o)
                0x0000000000048a20                _ZNSs6insertEN9__gnu_cxx17__normal_iteratorIPcSsEEc
 .text._ZNSs6insertEjjc
                0x0000000000048aa0       0x60 /Users/stevefar/nacl_sdk/pepper_45/toolchain/mac_x86_newlib/bin/../lib/gcc/x86_64-nacl/4.4.3/../../../../x86_64-nacl/lib/../lib64/libstdc++.a(string-inst.o)
                0x0000000000048aa0                _ZNSs6insertEjjc
 .text._ZNSs6assignEjc
                0x0000000000048b00       0x20 /Users/stevefar/nacl_sdk/pepper_45/toolchain/mac_x86_newlib/bin/../lib/gcc/x86_64-nacl/4.4.3/../../../../x86_64-nacl/lib/../lib64/libstdc++.a(string-inst.o)
                0x0000000000048b00                _ZNSs6assignEjc
 .text._ZNSs6insertEN9__gnu_cxx17__normal_iteratorIPcSsEEjc
                0x0000000000048b20       0x20 /Users/stevefar/nacl_sdk/pepper_45/toolchain/mac_x86_newlib/bin/../lib/gcc/x86_64-nacl/4.4.3/../../../../x86_64-nacl/lib/../lib64/libstdc++.a(string-inst.o)
                0x0000000000048b20                _ZNSs6insertEN9__gnu_cxx17__normal_iteratorIPcSsEEjc
 .text._ZNSsaSEc
                0x0000000000048b40       0x60 /Users/stevefar/nacl_sdk/pepper_45/toolchain/mac_x86_newlib/bin/../lib/gcc/x86_64-nacl/4.4.3/../../../../x86_64-nacl/lib/../lib64/libstdc++.a(string-inst.o)
                0x0000000000048b40                _ZNSsaSEc
 .text._ZNSs5eraseEN9__gnu_cxx17__normal_iteratorIPcSsEES2_
                0x0000000000048ba0       0x80 /Users/stevefar/nacl_sdk/pepper_45/toolchain/mac_x86_newlib/bin/../lib/gcc/x86_64-nacl/4.4.3/../../../../x86_64-nacl/lib/../lib64/libstdc++.a(string-inst.o)
                0x0000000000048ba0                _ZNSs5eraseEN9__gnu_cxx17__normal_iteratorIPcSsEES2_
 .text._ZNSs5eraseEN9__gnu_cxx17__normal_iteratorIPcSsEE
                0x0000000000048c20       0x80 /Users/stevefar/nacl_sdk/pepper_45/toolchain/mac_x86_newlib/bin/../lib/gcc/x86_64-nacl/4.4.3/../../../../x86_64-nacl/lib/../lib64/libstdc++.a(string-inst.o)
                0x0000000000048c20                _ZNSs5eraseEN9__gnu_cxx17__normal_iteratorIPcSsEE
 .text._ZNSs5eraseEjj
                0x0000000000048ca0       0x80 /Users/stevefar/nacl_sdk/pepper_45/toolchain/mac_x86_newlib/bin/../lib/gcc/x86_64-nacl/4.4.3/../../../../x86_64-nacl/lib/../lib64/libstdc++.a(string-inst.o)
                0x0000000000048ca0                _ZNSs5eraseEjj
 .text._ZNSs6insertEjPKcj
                0x0000000000048d20      0x2c0 /Users/stevefar/nacl_sdk/pepper_45/toolchain/mac_x86_newlib/bin/../lib/gcc/x86_64-nacl/4.4.3/../../../../x86_64-nacl/lib/../lib64/libstdc++.a(string-inst.o)
                0x0000000000048d20                _ZNSs6insertEjPKcj
 .text._ZNSs6insertEjPKc
                0x0000000000048fe0       0x80 /Users/stevefar/nacl_sdk/pepper_45/toolchain/mac_x86_newlib/bin/../lib/gcc/x86_64-nacl/4.4.3/../../../../x86_64-nacl/lib/../lib64/libstdc++.a(string-inst.o)
                0x0000000000048fe0                _ZNSs6insertEjPKc
 .text._ZNSs6insertEjRKSsjj
                0x0000000000049060       0x60 /Users/stevefar/nacl_sdk/pepper_45/toolchain/mac_x86_newlib/bin/../lib/gcc/x86_64-nacl/4.4.3/../../../../x86_64-nacl/lib/../lib64/libstdc++.a(string-inst.o)
                0x0000000000049060                _ZNSs6insertEjRKSsjj
 .text._ZNSs6insertEjRKSs
                0x00000000000490c0       0x20 /Users/stevefar/nacl_sdk/pepper_45/toolchain/mac_x86_newlib/bin/../lib/gcc/x86_64-nacl/4.4.3/../../../../x86_64-nacl/lib/../lib64/libstdc++.a(string-inst.o)
                0x00000000000490c0                _ZNSs6insertEjRKSs
 .text._ZNSs5clearEv
                0x00000000000490e0       0x20 /Users/stevefar/nacl_sdk/pepper_45/toolchain/mac_x86_newlib/bin/../lib/gcc/x86_64-nacl/4.4.3/../../../../x86_64-nacl/lib/../lib64/libstdc++.a(string-inst.o)
                0x00000000000490e0                _ZNSs5clearEv
 .text._ZNSs12_M_leak_hardEv
                0x0000000000049100       0xa0 /Users/stevefar/nacl_sdk/pepper_45/toolchain/mac_x86_newlib/bin/../lib/gcc/x86_64-nacl/4.4.3/../../../../x86_64-nacl/lib/../lib64/libstdc++.a(string-inst.o)